 test.15

 Timestamp is 4c08eedd (Fri Jun 04 20:17:33 2010)

 Preferred load address is 00400000

 Start         Length     Name                   Class
 0001:00000000 000083a8H .text                   CODE
 0002:00000000 000000c0H .idata$5                DATA
 0002:000000c0 00000c33H .rdata                  DATA
 0002:00000cf4 00000014H .idata$2                DATA
 0002:00000d08 00000014H .idata$3                DATA
 0002:00000d1c 000000c0H .idata$4                DATA
 0002:00000ddc 00000342H .idata$6                DATA
 0002:0000111e 00000000H .edata                  DATA
 0003:00000000 00000004H .CRT$XCA                DATA
 0003:00000004 00000004H .CRT$XCZ                DATA
 0003:00000008 00000004H .CRT$XIA                DATA
 0003:0000000c 00000008H .CRT$XIC                DATA
 0003:00000014 00000004H .CRT$XIZ                DATA
 0003:00000018 00000004H .CRT$XPA                DATA
 0003:0000001c 00000004H .CRT$XPX                DATA
 0003:00000020 00000004H .CRT$XPZ                DATA
 0003:00000024 00000004H .CRT$XTA                DATA
 0003:00000028 00000004H .CRT$XTZ                DATA
 0003:00000030 000008e0H .data                   DATA
 0003:00000910 0000156cH .bss                    DATA

  Address         Publics by Value              Rva+Base     Lib:Object

 0001:00000000       ?fun1@CBase@@UAEHXZ        00401000 f   test.15.obj
 0001:00000011       ?fun2@CBase@@UAEHXZ        00401011 f   test.15.obj
 0001:00000022       ?fun1@CDerived@@EAEHXZ     00401022 f   test.15.obj
 0001:00000033       ?fun3@CDerived@@UAEHXZ     00401033 f   test.15.obj
 0001:00000044       _main                      00401044 f   test.15.obj
 0001:00000080       _mainCRTStartup            00401080 f   LIBCD:crt0.obj
 0001:000001b0       __amsg_exit                004011b0 f   LIBCD:crt0.obj
 0001:00000210       __cinit                    00401210 f   LIBCD:crt0dat.obj
 0001:00000250       _exit                      00401250 f   LIBCD:crt0dat.obj
 0001:00000270       __exit                     00401270 f   LIBCD:crt0dat.obj
 0001:000003a0       __XcptFilter               004013a0 f   LIBCD:winxfltr.obj
 0001:000005b0       __setenvp                  004015b0 f   LIBCD:stdenvp.obj
 0001:00000700       __setargv                  00401700 f   LIBCD:stdargv.obj
 0001:00000c10       ___crtGetEnvironmentStringsA 00401c10 f   LIBCD:a_env.obj
 0001:00000e30       __ioinit                   00401e30 f   LIBCD:ioinit.obj
 0001:00001140       __heap_init                00402140 f   LIBCD:heapinit.obj
 0001:00001190       __global_unwind2           00402190 f   LIBCD:exsup.obj
 0001:000011d2       __local_unwind2            004021d2 f   LIBCD:exsup.obj
 0001:0000122a       __NLG_Return2              0040222a f   LIBCD:exsup.obj
 0001:0000123a       __abnormal_termination     0040223a f   LIBCD:exsup.obj
 0001:0000125d       __NLG_Notify1              0040225d f   LIBCD:exsup.obj
 0001:00001266       __NLG_Notify               00402266 f   LIBCD:exsup.obj
 0001:00001279       __NLG_Dispatch             00402279 f   LIBCD:exsup.obj
 0001:00001288       __except_handler3          00402288 f   LIBCD:exsup3.obj
 0001:00001345       __seh_longjmp_unwind@4     00402345 f   LIBCD:exsup3.obj
 0001:00001360       __FF_MSGBANNER             00402360 f   LIBCD:crt0msg.obj
 0001:000013b0       __NMSG_WRITE               004023b0 f   LIBCD:crt0msg.obj
 0001:00001570       __malloc_dbg               00402570 f   LIBCD:dbgheap.obj
 0001:000015a0       __nh_malloc_dbg            004025a0 f   LIBCD:dbgheap.obj
 0001:000015f0       __heap_alloc_dbg           004025f0 f   LIBCD:dbgheap.obj
 0001:00001910       __calloc_dbg               00402910 f   LIBCD:dbgheap.obj
 0001:00001970       __free_dbg                 00402970 f   LIBCD:dbgheap.obj
 0001:00001df0       __CrtCheckMemory           00402df0 f   LIBCD:dbgheap.obj
 0001:00002150       __CrtSetDbgFlag            00403150 f   LIBCD:dbgheap.obj
 0001:00002180       __CrtIsValidPointer        00403180 f   LIBCD:dbgheap.obj
 0001:000021d0       __CrtIsValidHeapPointer    004031d0 f   LIBCD:dbgheap.obj
 0001:00002260       __CrtMemCheckpoint         00403260 f   LIBCD:dbgheap.obj
 0001:000023c0       __CrtMemDumpAllObjectsSince 004033c0 f   LIBCD:dbgheap.obj
 0001:00002790       __CrtDumpMemoryLeaks       00403790 f   LIBCD:dbgheap.obj
 0001:00002810       _strcpy                    00403810 f   LIBCD:strcat.obj
 0001:00002820       _strcat                    00403820 f   LIBCD:strcat.obj
 0001:00002900       _strlen                    00403900 f   LIBCD:strlen.obj
 0001:00002980       __setmbcp                  00403980 f   LIBCD:mbctype.obj
 0001:000030f0       ___initmbctable            004040f0 f   LIBCD:mbctype.obj
 0001:00003120       _memcpy                    00404120 f   LIBCD:memcpy.obj
 0001:00003460       ___sbh_heap_init           00404460 f   LIBCD:sbheap.obj
 0001:000034c0       ___sbh_find_block          004044c0 f   LIBCD:sbheap.obj
 0001:00003520       ___sbh_verify_block        00404520 f   LIBCD:sbheap.obj
 0001:00003580       ___sbh_free_block          00404580 f   LIBCD:sbheap.obj
 0001:00003b50       ___sbh_alloc_block         00404b50 f   LIBCD:sbheap.obj
 0001:00004090       ___sbh_alloc_new_region    00405090 f   LIBCD:sbheap.obj
 0001:000041a0       ___sbh_alloc_new_group     004051a0 f   LIBCD:sbheap.obj
 0001:00004390       ___sbh_heap_check          00405390 f   LIBCD:sbheap.obj
 0001:000049b0       ___crtMessageBoxA          004059b0 f   LIBCD:crtmbox.obj
 0001:00004a70       _strncpy                   00405a70 f   LIBCD:strncpy.obj
 0001:00004b70       __CrtDbgBreak              00405b70 f   LIBCD:dbgrpt.obj
 0001:00004b80       __CrtDbgReport             00405b80 f   LIBCD:dbgrpt.obj
 0001:00005220       __callnewh                 00406220 f   LIBCD:handler.obj
 0001:00005250       _memset                    00406250 f   LIBCD:memset.obj
 0001:000052b0       __heap_alloc_base          004062b0 f   LIBCD:malloc.obj
 0001:00005310       __CrtDefaultAllocHook      00406310 f   LIBCD:dbghook.obj
 0001:00005320       __free_base                00406320 f   LIBCD:free.obj
 0001:00005370       __heapchk                  00406370 f   LIBCD:heapchk.obj
 0001:000053d0       _sprintf                   004063d0 f   LIBCD:sprintf.obj
 0001:000054d0       __isctype                  004064d0 f   LIBCD:isctype.obj
 0001:00005590       ___crtLCMapStringA         00406590 f   LIBCD:a_map.obj
 0001:000058f0       ___crtGetStringTypeA       004068f0 f   LIBCD:a_str.obj
 0001:00005ab0       _memmove                   00406ab0 f   LIBCD:memmove.obj
 0001:00005df0       __itoa                     00406df0 f   LIBCD:xtoa.obj
 0001:00005f10       __snprintf                 00406f10 f   LIBCD:snprintf.obj
 0001:00006010       __vsnprintf                00407010 f   LIBCD:vsnprint.obj
 0001:00006110       __chkstk                   00407110 f   LIBCD:chkstk.obj
 0001:00006110       __alloca_probe             00407110 f   LIBCD:chkstk.obj
 0001:00006140       _raise                     00407140 f   LIBCD:winsig.obj
 0001:00006360       __flsbuf                   00407360 f   LIBCD:_flsbuf.obj
 0001:000065e0       __output                   004075e0 f   LIBCD:output.obj
 0001:00007480       __aulldiv                  00408480 f   LIBCD:ulldiv.obj
 0001:000074f0       __aullrem                  004084f0 f   LIBCD:ullrem.obj
 0001:00007570       __lseek                    00408570 f   LIBCD:lseek.obj
 0001:00007660       __write                    00408660 f   LIBCD:write.obj
 0001:00007910       __getbuf                   00408910 f   LIBCD:_getbuf.obj
 0001:000079e0       __isatty                   004089e0 f   LIBCD:isatty.obj
 0001:00007a10       ___initstdio               00408a10 f   LIBCD:_file.obj
 0001:00007b40       ___endstdio                00408b40 f   LIBCD:_file.obj
 0001:00007b60       _wctomb                    00408b60 f   LIBCD:wctomb.obj
 0001:00007c00       __dosmaperr                00408c00 f   LIBCD:dosmap.obj
 0001:00007c90       __free_osfhnd              00408c90 f   LIBCD:osfinfo.obj
 0001:00007d60       __get_osfhandle            00408d60 f   LIBCD:osfinfo.obj
 0001:00007dc0       __fcloseall                00408dc0 f   LIBCD:closeall.obj
 0001:00007e70       _fflush                    00408e70 f   LIBCD:fflush.obj
 0001:00007ed0       __flush                    00408ed0 f   LIBCD:fflush.obj
 0001:00007f90       __flushall                 00408f90 f   LIBCD:fflush.obj
 0001:00008080       __fptrap                   00409080 f   LIBCD:crt0fp.obj
 0001:00008090       _fclose                    00409090 f   LIBCD:fclose.obj
 0001:00008170       __commit                   00409170 f   LIBCD:commit.obj
 0001:00008220       __close                    00409220 f   LIBCD:close.obj
 0001:00008310       __freebuf                  00409310 f   LIBCD:_freebuf.obj
 0001:000083a2       _RtlUnwind@16              004093a2 f   kernel32:KERNEL32.dll
 0002:00000000       __imp__GetCommandLineA@0   0040a000     kernel32:KERNEL32.dll
 0002:00000004       __imp__GetVersion@0        0040a004     kernel32:KERNEL32.dll
 0002:00000008       __imp__ExitProcess@4       0040a008     kernel32:KERNEL32.dll
 0002:0000000c       __imp__TerminateProcess@8  0040a00c     kernel32:KERNEL32.dll
 0002:00000010       __imp__GetCurrentProcess@0 0040a010     kernel32:KERNEL32.dll
 0002:00000014       __imp__UnhandledExceptionFilter@4 0040a014     kernel32:KERNEL32.dll
 0002:00000018       __imp__GetModuleFileNameA@12 0040a018     kernel32:KERNEL32.dll
 0002:0000001c       __imp__FreeEnvironmentStringsA@4 0040a01c     kernel32:KERNEL32.dll
 0002:00000020       __imp__FreeEnvironmentStringsW@4 0040a020     kernel32:KERNEL32.dll
 0002:00000024       __imp__WideCharToMultiByte@32 0040a024     kernel32:KERNEL32.dll
 0002:00000028       __imp__GetEnvironmentStrings@0 0040a028     kernel32:KERNEL32.dll
 0002:0000002c       __imp__GetEnvironmentStringsW@0 0040a02c     kernel32:KERNEL32.dll
 0002:00000030       __imp__SetHandleCount@4    0040a030     kernel32:KERNEL32.dll
 0002:00000034       __imp__GetStdHandle@4      0040a034     kernel32:KERNEL32.dll
 0002:00000038       __imp__GetFileType@4       0040a038     kernel32:KERNEL32.dll
 0002:0000003c       __imp__GetStartupInfoA@4   0040a03c     kernel32:KERNEL32.dll
 0002:00000040       __imp__HeapDestroy@4       0040a040     kernel32:KERNEL32.dll
 0002:00000044       __imp__HeapCreate@12       0040a044     kernel32:KERNEL32.dll
 0002:00000048       __imp__HeapFree@12         0040a048     kernel32:KERNEL32.dll
 0002:0000004c       __imp__VirtualFree@12      0040a04c     kernel32:KERNEL32.dll
 0002:00000050       __imp__RtlUnwind@16        0040a050     kernel32:KERNEL32.dll
 0002:00000054       __imp__WriteFile@20        0040a054     kernel32:KERNEL32.dll
 0002:00000058       __imp__IsBadWritePtr@8     0040a058     kernel32:KERNEL32.dll
 0002:0000005c       __imp__IsBadReadPtr@8      0040a05c     kernel32:KERNEL32.dll
 0002:00000060       __imp__HeapValidate@12     0040a060     kernel32:KERNEL32.dll
 0002:00000064       __imp__GetCPInfo@8         0040a064     kernel32:KERNEL32.dll
 0002:00000068       __imp__GetACP@0            0040a068     kernel32:KERNEL32.dll
 0002:0000006c       __imp__GetOEMCP@0          0040a06c     kernel32:KERNEL32.dll
 0002:00000070       __imp__HeapAlloc@12        0040a070     kernel32:KERNEL32.dll
 0002:00000074       __imp__VirtualAlloc@16     0040a074     kernel32:KERNEL32.dll
 0002:00000078       __imp__HeapReAlloc@16      0040a078     kernel32:KERNEL32.dll
 0002:0000007c       __imp__GetProcAddress@8    0040a07c     kernel32:KERNEL32.dll
 0002:00000080       __imp__LoadLibraryA@4      0040a080     kernel32:KERNEL32.dll
 0002:00000084       __imp__DebugBreak@0        0040a084     kernel32:KERNEL32.dll
 0002:00000088       __imp__InterlockedDecrement@4 0040a088     kernel32:KERNEL32.dll
 0002:0000008c       __imp__OutputDebugStringA@4 0040a08c     kernel32:KERNEL32.dll
 0002:00000090       __imp__InterlockedIncrement@4 0040a090     kernel32:KERNEL32.dll
 0002:00000094       __imp__GetLastError@0      0040a094     kernel32:KERNEL32.dll
 0002:00000098       __imp__MultiByteToWideChar@24 0040a098     kernel32:KERNEL32.dll
 0002:0000009c       __imp__LCMapStringA@24     0040a09c     kernel32:KERNEL32.dll
 0002:000000a0       __imp__LCMapStringW@24     0040a0a0     kernel32:KERNEL32.dll
 0002:000000a4       __imp__GetStringTypeA@20   0040a0a4     kernel32:KERNEL32.dll
 0002:000000a8       __imp__GetStringTypeW@16   0040a0a8     kernel32:KERNEL32.dll
 0002:000000ac       __imp__SetFilePointer@16   0040a0ac     kernel32:KERNEL32.dll
 0002:000000b0       __imp__SetStdHandle@8      0040a0b0     kernel32:KERNEL32.dll
 0002:000000b4       __imp__FlushFileBuffers@4  0040a0b4     kernel32:KERNEL32.dll
 0002:000000b8       __imp__CloseHandle@4       0040a0b8     kernel32:KERNEL32.dll
 0002:000000bc       \177KERNEL32_NULL_THUNK_DATA 0040a0bc     kernel32:KERNEL32.dll
 0002:000000c0       ??_7CDerived@@6B@          0040a0c0     test.15.obj
 0002:000000cc       ??_7CBase@@6B@             0040a0cc     test.15.obj
 0002:000000e4       ??_C@_09IGKD@stdenvp?4c?$AA@ 0040a0e4     LIBCD:stdenvp.obj
 0002:000000f0       ??_C@_09MPMN@stdargv?4c?$AA@ 0040a0f0     LIBCD:stdargv.obj
 0002:000000fc       ??_C@_07BNNE@a_env?4c?$AA@ 0040a0fc     LIBCD:a_env.obj
 0002:00000104       ??_C@_08KFDJ@ioinit?4c?$AA@ 0040a104     LIBCD:ioinit.obj
 0002:00000110       ??_C@_0P@GGKG@runtime?5error?5?$AA@ 0040a110     LIBCD:crt0msg.obj
 0002:00000120       ??_C@_02PIMC@?$AN?6?$AA@   0040a120     LIBCD:crt0msg.obj
 0002:00000124       ??_C@_0O@DELO@TLOSS?5error?$AN?6?$AA@ 0040a124     LIBCD:crt0msg.obj
 0002:00000134       ??_C@_0N@OMLL@SING?5error?$AN?6?$AA@ 0040a134     LIBCD:crt0msg.obj
 0002:00000144       ??_C@_0P@OJAK@DOMAIN?5error?$AN?6?$AA@ 0040a144     LIBCD:crt0msg.obj
 0002:00000154       ??_C@_0CF@EANP@R6028?$AN?6?9?5unable?5to?5initialize?5he@ 0040a154     LIBCD:crt0msg.obj
 0002:0000017c       ??_C@_0DF@ECGN@R6027?$AN?6?9?5not?5enough?5space?5for?5lo@ 0040a17c     LIBCD:crt0msg.obj
 0002:000001b4       ??_C@_0DF@FKAC@R6026?$AN?6?9?5not?5enough?5space?5for?5st@ 0040a1b4     LIBCD:crt0msg.obj
 0002:000001ec       ??_C@_0CG@DPMN@R6025?$AN?6?9?5pure?5virtual?5function?5c@ 0040a1ec     LIBCD:crt0msg.obj
 0002:00000214       ??_C@_0DF@CKIP@R6024?$AN?6?9?5not?5enough?5space?5for?5_o@ 0040a214     LIBCD:crt0msg.obj
 0002:0000024c       ??_C@_0CJ@GGOE@R6019?$AN?6?9?5unable?5to?5open?5console?5@ 0040a24c     LIBCD:crt0msg.obj
 0002:00000278       ??_C@_0CB@LBOB@R6018?$AN?6?9?5unexpected?5heap?5error?$AN?6@ 0040a278     LIBCD:crt0msg.obj
 0002:0000029c       ??_C@_0CN@FPEG@R6017?$AN?6?9?5unexpected?5multithread?5@ 0040a29c     LIBCD:crt0msg.obj
 0002:000002cc       ??_C@_0CM@OBIC@R6016?$AN?6?9?5not?5enough?5space?5for?5th@ 0040a2cc     LIBCD:crt0msg.obj
 0002:000002f8       ??_C@_0CB@HPAL@?$AN?6abnormal?5program?5termination?$AN?6@ 0040a2f8     LIBCD:crt0msg.obj
 0002:0000031c       ??_C@_0CM@JOOB@R6009?$AN?6?9?5not?5enough?5space?5for?5en@ 0040a31c     LIBCD:crt0msg.obj
 0002:00000348       ??_C@_0CK@OIBL@R6008?$AN?6?9?5not?5enough?5space?5for?5ar@ 0040a348     LIBCD:crt0msg.obj
 0002:00000374       ??_C@_0CF@LKPB@R6002?$AN?6?9?5floating?5point?5not?5load@ 0040a374     LIBCD:crt0msg.obj
 0002:0000039c       ??_C@_0CF@JPDF@Microsoft?5Visual?5C?$CL?$CL?5Runtime?5Lib@ 0040a39c     LIBCD:crt0msg.obj
 0002:000003c4       ??_C@_02JJJH@?6?6?$AA@     0040a3c4     LIBCD:crt0msg.obj
 0002:000003c8       ??_C@_0BK@DEOK@Runtime?5Error?$CB?6?6Program?3?5?$AA@ 0040a3c8     LIBCD:crt0msg.obj
 0002:000003e4       ??_C@_03NAME@?4?4?4?$AA@   0040a3e4     LIBCD:crt0msg.obj
 0002:000003e8       ??_C@_0BH@NNCD@?$DMprogram?5name?5unknown?$DO?$AA@ 0040a3e8     LIBCD:crt0msg.obj
 0002:00000400       ??_C@_06DPMO@Client?$AA@   0040a400     LIBCD:dbgheap.obj
 0002:00000408       ??_C@_06BAFM@Ignore?$AA@   0040a408     LIBCD:dbgheap.obj
 0002:00000410       ??_C@_03DICE@CRT?$AA@      0040a410     LIBCD:dbgheap.obj
 0002:00000414       ??_C@_06BILL@Normal?$AA@   0040a414     LIBCD:dbgheap.obj
 0002:0000041c       ??_C@_04NEN@Free?$AA@      0040a41c     LIBCD:dbgheap.obj
 0002:00000424       ??_C@_0DC@CGID@Error?3?5memory?5allocation?3?5bad?5me@ 0040a424     LIBCD:dbgheap.obj
 0002:00000458       ??_C@_0CE@FMIA@Invalid?5allocation?5size?3?5?$CFu?5byte@ 0040a458     LIBCD:dbgheap.obj
 0002:0000047c       ??_C@_02DILL@?$CFs?$AA@    0040a47c     LIBCD:dbgheap.obj
 0002:00000480       ??_C@_0CB@CPBI@Client?5hook?5allocation?5failure?4?6@ 0040a480     LIBCD:dbgheap.obj
 0002:000004a4       ??_C@_0DF@DKHF@Client?5hook?5allocation?5failure?5a@ 0040a4a4     LIBCD:dbgheap.obj
 0002:000004dc       ??_C@_09IMJC@dbgheap?4c?$AA@ 0040a4dc     LIBCD:dbgheap.obj
 0002:000004e8       ??_C@_0BC@EPKL@_CrtCheckMemory?$CI?$CJ?$AA@ 0040a4e8     LIBCD:dbgheap.obj
 0002:000004fc       ??_C@_0CC@GPMO@_CrtIsValidHeapPointer?$CIpUserData@ 0040a4fc     LIBCD:dbgheap.obj
 0002:00000520       ??_C@_0BG@JCEC@_pFirstBlock?5?$DN?$DN?5pHead?$AA@ 0040a520     LIBCD:dbgheap.obj
 0002:00000538       ??_C@_0BF@NLNN@_pLastBlock?5?$DN?$DN?5pHead?$AA@ 0040a538     LIBCD:dbgheap.obj
 0002:00000550       ??_C@_0BO@PLHH@pHead?9?$DOnBlockUse?5?$DN?$DN?5nBlockUse?$AA@ 0040a550     LIBCD:dbgheap.obj
 0002:00000570       ??_C@_0DN@KKIO@pHead?9?$DOnLine?5?$DN?$DN?5IGNORE_LINE?5?$CG?$CG?5p@ 0040a570     LIBCD:dbgheap.obj
 0002:000005b0       ??_C@_0CK@OJNB@DAMAGE?3?5after?5?$CFhs?5block?5?$CI?$CD?$CFd?$CJ?5at@ 0040a5b0     LIBCD:dbgheap.obj
 0002:000005dc       ??_C@_0CL@IJIL@DAMAGE?3?5before?5?$CFhs?5block?5?$CI?$CD?$CFd?$CJ?5a@ 0040a5dc     LIBCD:dbgheap.obj
 0002:00000608       ??_C@_0CH@PHOC@_BLOCK_TYPE_IS_VALID?$CIpHead?9?$DOnBlo@ 0040a608     LIBCD:dbgheap.obj
 0002:00000630       ??_C@_0BL@MBNA@Client?5hook?5free?5failure?4?6?$AA@ 0040a630     LIBCD:dbgheap.obj
 0002:0000064c       ??_C@_0DK@EKKL@memory?5check?5error?5at?50x?$CF08X?5?$DN?50@ 0040a64c     LIBCD:dbgheap.obj
 0002:00000688       ??_C@_0CJ@GCII@?$CFhs?5located?5at?50x?$CF08X?5is?5?$CFu?5byte@ 0040a688     LIBCD:dbgheap.obj
 0002:000006b4       ??_C@_0CA@EJPI@?$CFhs?5allocated?5at?5file?5?$CFhs?$CI?$CFd?$CJ?4?6?$AA@ 0040a6b4     LIBCD:dbgheap.obj
 0002:000006d4       ??_C@_0CJ@LHHG@DAMAGE?3?5on?5top?5of?5Free?5block?5at?5@ 0040a6d4     LIBCD:dbgheap.obj
 0002:00000700       ??_C@_07GJHM@DAMAGED?$AA@  0040a700     LIBCD:dbgheap.obj
 0002:00000708       ??_C@_0CL@ODIE@_heapchk?5fails?5with?5unknown?5retu@ 0040a708     LIBCD:dbgheap.obj
 0002:00000734       ??_C@_0CC@EHNC@_heapchk?5fails?5with?5_HEAPBADPTR?4@ 0040a734     LIBCD:dbgheap.obj
 0002:00000758       ??_C@_0CC@JNDP@_heapchk?5fails?5with?5_HEAPBADEND?4@ 0040a758     LIBCD:dbgheap.obj
 0002:0000077c       ??_C@_0CD@DNMG@_heapchk?5fails?5with?5_HEAPBADNODE@ 0040a77c     LIBCD:dbgheap.obj
 0002:000007a0       ??_C@_0CE@JMCB@_heapchk?5fails?5with?5_HEAPBADBEGI@ 0040a7a0     LIBCD:dbgheap.obj
 0002:000007c4       ??_C@_0CD@MEMI@Bad?5memory?5block?5found?5at?50x?$CF08X@ 0040a7c4     LIBCD:dbgheap.obj
 0002:000007e8       ??_C@_0CI@GMAO@_CrtMemCheckPoint?3?5NULL?5state?5po@ 0040a7e8     LIBCD:dbgheap.obj
 0002:00000810       ??_C@_0BH@PKIJ@Object?5dump?5complete?4?6?$AA@ 0040a810     LIBCD:dbgheap.obj
 0002:00000828       ??_C@_0DB@DBPF@crt?5block?5at?50x?$CF08X?0?5subtype?5?$CFx?0@ 0040a828     LIBCD:dbgheap.obj
 0002:0000085c       ??_C@_0CI@JLM@normal?5block?5at?50x?$CF08X?0?5?$CFu?5bytes@ 0040a85c     LIBCD:dbgheap.obj
 0002:00000884       ??_C@_0DE@PFEA@client?5block?5at?50x?$CF08X?0?5subtype?5@ 0040a884     LIBCD:dbgheap.obj
 0002:000008b8       ??_C@_06MBCE@?$HL?$CFld?$HN?5?$AA@ 0040a8b8     LIBCD:dbgheap.obj
 0002:000008c0       ??_C@_0L@BLDJ@?$CFhs?$CI?$CFd?$CJ?5?3?5?$AA@ 0040a8c0     LIBCD:dbgheap.obj
 0002:000008cc       ??_C@_0BE@FEMA@?$CDFile?5Error?$CD?$CI?$CFd?$CJ?5?3?5?$AA@ 0040a8cc     LIBCD:dbgheap.obj
 0002:000008e0       ??_C@_0BE@FPPM@Dumping?5objects?5?9?$DO?6?$AA@ 0040a8e0     LIBCD:dbgheap.obj
 0002:000008f4       ??_C@_0BA@POLM@?5Data?3?5?$DM?$CFs?$DO?5?$CFs?6?$AA@ 0040a8f4     LIBCD:dbgheap.obj
 0002:00000904       ??_C@_05JLAO@?$CF?42X?5?$AA@ 0040a904     LIBCD:dbgheap.obj
 0002:0000090c       ??_C@_0BI@KONA@Detected?5memory?5leaks?$CB?6?$AA@ 0040a90c     LIBCD:dbgheap.obj
 0002:00000924       ??_C@_0BD@NJFP@GetLastActivePopup?$AA@ 0040a924     LIBCD:crtmbox.obj
 0002:00000938       ??_C@_0BA@GILI@GetActiveWindow?$AA@ 0040a938     LIBCD:crtmbox.obj
 0002:00000948       ??_C@_0M@PKCK@MessageBoxA?$AA@ 0040a948     LIBCD:crtmbox.obj
 0002:00000954       ??_C@_0L@HKL@user32?4dll?$AA@ 0040a954     LIBCD:crtmbox.obj
 0002:00000960       ??_C@_0BB@BLL@Assertion?5Failed?$AA@ 0040a960     LIBCD:dbgrpt.obj
 0002:00000974       ??_C@_05CKBG@Error?$AA@    0040a974     LIBCD:dbgrpt.obj
 0002:0000097c       ??_C@_07JCGI@Warning?$AA@  0040a97c     LIBCD:dbgrpt.obj
 0002:00000984       ??_C@_0M@ODEP@?$CFs?$CI?$CFd?$CJ?5?3?5?$CFs?$AA@ 0040a984     LIBCD:dbgrpt.obj
 0002:00000990       ??_C@_01BJG@?6?$AA@        0040a990     LIBCD:dbgrpt.obj
 0002:00000994       ??_C@_01FEHD@?$AN?$AA@     0040a994     LIBCD:dbgrpt.obj
 0002:00000998       ??_C@_0BC@OIMC@Assertion?5failed?$CB?$AA@ 0040a998     LIBCD:dbgrpt.obj
 0002:000009ac       ??_C@_0BD@BEAK@Assertion?5failed?3?5?$AA@ 0040a9ac     LIBCD:dbgrpt.obj
 0002:000009c0       ??_C@_0CL@LCCP@_CrtDbgReport?3?5String?5too?5long?5o@ 0040a9c0     LIBCD:dbgrpt.obj
 0002:000009ec       ??_C@_0DC@EMDK@Second?5Chance?5Assertion?5Failed?3?5@ 0040a9ec     LIBCD:dbgrpt.obj
 0002:00000a20       ??_C@_09NJAK@wsprintfA?$AA@ 0040aa20     LIBCD:dbgrpt.obj
 0002:00000a2c       ??_C@_0CD@GCMD@Microsoft?5Visual?5C?$CL?$CL?5Debug?5Libra@ 0040aa2c     LIBCD:dbgrpt.obj
 0002:00000a50       ??_C@_0FD@EBDD@Debug?5?$CFs?$CB?6?6Program?3?5?$CFs?$CFs?$CFs?$CFs?$CFs?$CFs@ 0040aa50     LIBCD:dbgrpt.obj
 0002:00000aa4       ??_C@_09DCKN@?6Module?3?5?$AA@ 0040aaa4     LIBCD:dbgrpt.obj
 0002:00000ab0       ??_C@_07HJII@?6File?3?5?$AA@ 0040aab0     LIBCD:dbgrpt.obj
 0002:00000ab8       ??_C@_07LFGN@?6Line?3?5?$AA@ 0040aab8     LIBCD:dbgrpt.obj
 0002:00000ac0       ??_C@_0N@NOAB@Expression?3?5?$AA@ 0040aac0     LIBCD:dbgrpt.obj
 0002:00000ad0       ??_C@_00A@?$AA@            0040aad0     LIBCD:dbgrpt.obj
 0002:00000ad4       ??_C@_0HD@BHFH@?6?6For?5information?5on?5how?5your?5pr@ 0040aad4     LIBCD:dbgrpt.obj
 0002:00000b48       ??_C@_08GFHP@dbgrpt?4c?$AA@ 0040ab48     LIBCD:dbgrpt.obj
 0002:00000b54       ??_C@_0BG@FBEA@szUserMessage?5?$CB?$DN?5NULL?$AA@ 0040ab54     LIBCD:dbgrpt.obj
 0002:00000b6c       ??_C@_0P@LNLA@format?5?$CB?$DN?5NULL?$AA@ 0040ab6c     LIBCD:sprintf.obj
 0002:00000b7c       ??_C@_09NEAG@sprintf?4c?$AA@ 0040ab7c     LIBCD:sprintf.obj
 0002:00000b88       ??_C@_0P@OOIN@string?5?$CB?$DN?5NULL?$AA@ 0040ab88     LIBCD:sprintf.obj
 0002:00000b98       ??_C@_01A@?$AA?$AA@        0040ab98     LIBCD:a_map.obj
 0002:00000b9c       ??_C@_13A@?$AA?$AA?$AA?$AA@ 0040ab9c     LIBCD:a_map.obj
 0002:00000bc4       ??_C@_0L@HE@vsprintf?4c?$AA@ 0040abc4     LIBCD:vsnprint.obj
 0002:00000bd0       ??_C@_0DP@IHIN@?$CI?$CCinconsistent?5IOB?5fields?$CC?0?5stre@ 0040abd0     LIBCD:_flsbuf.obj
 0002:00000c10       ??_C@_09LGEI@_flsbuf?4c?$AA@ 0040ac10     LIBCD:_flsbuf.obj
 0002:00000c1c       ??_C@_0M@KJPK@str?5?$CB?$DN?5NULL?$AA@ 0040ac1c     LIBCD:_flsbuf.obj
 0002:00000c28       ___lookuptable             0040ac28     LIBCD:output.obj
 0002:00000c84       ??_C@_1O@POHA@?$AA?$CI?$AAn?$AAu?$AAl?$AAl?$AA?$CJ?$AA?$AA@ 0040ac84     LIBCD:output.obj
 0002:00000c94       ??_C@_06ONKE@?$CInull?$CJ?$AA@ 0040ac94     LIBCD:output.obj
 0002:00000c9c       ??_C@_08MIHI@output?4c?$AA@ 0040ac9c     LIBCD:output.obj
 0002:00000ca8       ??_C@_0P@PIHB@ch?5?$CB?$DN?5_T?$CI?8?20?8?$CJ?$AA@ 0040aca8     LIBCD:output.obj
 0002:00000cb8       ??_C@_09EMDO@_getbuf?4c?$AA@ 0040acb8     LIBCD:_getbuf.obj
 0002:00000cc4       ??_C@_07HPAH@_file?4c?$AA@ 0040acc4     LIBCD:_file.obj
 0002:00000ccc       ??_C@_08PHBD@fclose?4c?$AA@ 0040accc     LIBCD:fclose.obj
 0002:00000cd8       ??_C@_0L@JIE@_freebuf?4c?$AA@ 0040acd8     LIBCD:_freebuf.obj
 0002:00000ce4       ??_C@_0P@FHEA@stream?5?$CB?$DN?5NULL?$AA@ 0040ace4     LIBCD:_freebuf.obj
 0002:00000cf4       __IMPORT_DESCRIPTOR_KERNEL32 0040acf4     kernel32:KERNEL32.dll
 0002:00000d08       __NULL_IMPORT_DESCRIPTOR   0040ad08     kernel32:KERNEL32.dll
 0003:00000000       ___xc_a                    0040c000     LIBCD:crt0init.obj
 0003:00000004       ___xc_z                    0040c004     LIBCD:crt0init.obj
 0003:00000008       ___xi_a                    0040c008     LIBCD:crt0init.obj
 0003:00000014       ___xi_z                    0040c014     LIBCD:crt0init.obj
 0003:00000018       ___xp_a                    0040c018     LIBCD:crt0init.obj
 0003:00000020       ___xp_z                    0040c020     LIBCD:crt0init.obj
 0003:00000024       ___xt_a                    0040c024     LIBCD:crt0init.obj
 0003:00000028       ___xt_z                    0040c028     LIBCD:crt0init.obj
 0003:00000030       __aexit_rtn                0040c030     LIBCD:crt0.obj
 0003:00000034       ___app_type                0040c034     LIBCD:crt0.obj
 0003:00000038       __XcptActTab               0040c038     LIBCD:winxfltr.obj
 0003:000000b0       __First_FPE_Indx           0040c0b0     LIBCD:winxfltr.obj
 0003:000000b4       __Num_FPE                  0040c0b4     LIBCD:winxfltr.obj
 0003:000000b8       __XcptActTabCount          0040c0b8     LIBCD:winxfltr.obj
 0003:000000bc       __fpecode                  0040c0bc     LIBCD:winxfltr.obj
 0003:000000c0       ___badioinfo               0040c0c0     LIBCD:ioinit.obj
 0003:000000c8       __amblksiz                 0040c0c8     LIBCD:heapinit.obj
 0003:000000cc       __NLG_Destination          0040c0cc     LIBCD:exsup.obj
 0003:00000170       __crtDbgFlag               0040c170     LIBCD:dbgheap.obj
 0003:00000178       __crtBreakAlloc            0040c178     LIBCD:dbgheap.obj
 0003:000002a0       ___sbh_threshold           0040c2a0     LIBCD:sbheap.obj
 0003:000002b0       __crtAssertBusy            0040c2b0     LIBCD:dbgrpt.obj
 0003:000002b4       __CrtDbgMode               0040c2b4     LIBCD:dbgrpt.obj
 0003:000002c0       __CrtDbgFile               0040c2c0     LIBCD:dbgrpt.obj
 0003:000002e0       __pfnAllocHook             0040c2e0     LIBCD:dbghook.obj
 0003:000002e4       __pctype                   0040c2e4     LIBCD:ctype.obj
 0003:000002e8       __pwctype                  0040c2e8     LIBCD:ctype.obj
 0003:000002ec       __ctype                    0040c2ec     LIBCD:ctype.obj
 0003:000004f0       ___mb_cur_max              0040c4f0     LIBCD:nlsdata1.obj
 0003:000004f4       ___decimal_point           0040c4f4     LIBCD:nlsdata1.obj
 0003:000004f8       ___decimal_point_length    0040c4f8     LIBCD:nlsdata1.obj
 0003:00000500       ___nullstring              0040c500     LIBCD:output.obj
 0003:00000504       ___wnullstring             0040c504     LIBCD:output.obj
 0003:00000510       __iob                      0040c510     LIBCD:_file.obj
 0003:00000790       __cfltcvt_tab              0040c790     LIBCD:cmiscdat.obj
 0003:00000910       __aenvptr                  0040c910     LIBCD:crt0.obj
 0003:00000914       __wenvptr                  0040c914     LIBCD:crt0.obj
 0003:00000918       ___error_mode              0040c918     LIBCD:crt0.obj
 0003:0000091c       _errno                     0040c91c     LIBCD:crt0dat.obj
 0003:00000920       __doserrno                 0040c920     LIBCD:crt0dat.obj
 0003:00000924       __umaskval                 0040c924     LIBCD:crt0dat.obj
 0003:00000928       __osver                    0040c928     LIBCD:crt0dat.obj
 0003:0000092c       __winver                   0040c92c     LIBCD:crt0dat.obj
 0003:00000930       __winmajor                 0040c930     LIBCD:crt0dat.obj
 0003:00000934       __winminor                 0040c934     LIBCD:crt0dat.obj
 0003:00000938       ___argc                    0040c938     LIBCD:crt0dat.obj
 0003:0000093c       ___argv                    0040c93c     LIBCD:crt0dat.obj
 0003:00000940       ___wargv                   0040c940     LIBCD:crt0dat.obj
 0003:00000944       __environ                  0040c944     LIBCD:crt0dat.obj
 0003:00000948       ___initenv                 0040c948     LIBCD:crt0dat.obj
 0003:0000094c       __wenviron                 0040c94c     LIBCD:crt0dat.obj
 0003:00000950       ___winitenv                0040c950     LIBCD:crt0dat.obj
 0003:00000954       __pgmptr                   0040c954     LIBCD:crt0dat.obj
 0003:00000958       __wpgmptr                  0040c958     LIBCD:crt0dat.obj
 0003:0000095c       __exitflag                 0040c95c     LIBCD:crt0dat.obj
 0003:00000960       __C_Termination_Done       0040c960     LIBCD:crt0dat.obj
 0003:00000964       __C_Exit_Done              0040c964     LIBCD:crt0dat.obj
 0003:0000096c       __pxcptinfoptrs            0040c96c     LIBCD:winxfltr.obj
 0003:00000a78       __adbgmsg                  0040ca78     LIBCD:crt0msg.obj
 0003:00000aa4       __newmode                  0040caa4     LIBCD:_newmode.obj
 0003:00000aa8       ?_pnhHeap@@3P6AHI@ZA       0040caa8     LIBCD:handler.obj
 0003:00000aac       ___lc_handle               0040caac     LIBCD:nlsdata2.obj
 0003:00000ac4       ___lc_codepage             0040cac4     LIBCD:nlsdata2.obj
 0003:00000ac8       ___lc_collate_cp           0040cac8     LIBCD:nlsdata2.obj
 0003:00000ae8       __cflush                   0040cae8     LIBCD:_file.obj
 0003:00000aec       ___piob                    0040caec     <common>
 0003:00000b00       __bufin                    0040cb00     <common>
 0003:00001b00       __nstream                  0040db00     <common>
 0003:00001b04       __pfnReportHook            0040db04     <common>
 0003:00001b08       ___sbh_sizeHeaderList      0040db08     <common>
 0003:00001b0c       ___sbh_indGroupDefer       0040db0c     <common>
 0003:00001b10       ___sbh_pHeaderScan         0040db10     <common>
 0003:00001b14       ___sbh_pHeaderDefer        0040db14     <common>
 0003:00001b18       ___sbh_cntHeaderList       0040db18     <common>
 0003:00001b1c       ___sbh_pHeaderList         0040db1c     <common>
 0003:00001b20       ___mbcodepage              0040db20     <common>
 0003:00001b30       ___mbulinfo                0040db30     <common>
 0003:00001b3c       ___ismbcodepage            0040db3c     <common>
 0003:00001b40       __mbcasemap                0040db40     <common>
 0003:00001c40       __mbctype                  0040dc40     <common>
 0003:00001d44       ___mblcid                  0040dd44     <common>
 0003:00001d48       __pfnDumpClient            0040dd48     <common>
 0003:00001d4c       __crtheap                  0040dd4c     <common>
 0003:00001d60       ___pioinfo                 0040dd60     <common>
 0003:00001e60       __nhandle                  0040de60     <common>
 0003:00001e64       ___env_initialized         0040de64     <common>
 0003:00001e68       ___mbctype_initialized     0040de68     <common>
 0003:00001e6c       ___onexitend               0040de6c     <common>
 0003:00001e70       ___onexitbegin             0040de70     <common>
 0003:00001e74       __FPinit                   0040de74     <common>
 0003:00001e78       __acmdln                   0040de78     <common>

 entry point at        0001:00000080

 Static symbols

 0001:00007fa0       _flsall                    00408fa0 f   LIBCD:fflush.obj
 0001:00007511       L1                         00408511 f   LIBCD:ullrem.obj
 0001:0000751f       L3                         0040851f f   LIBCD:ullrem.obj
 0001:0000754a       L4                         0040854a f   LIBCD:ullrem.obj
 0001:00007552       L5                         00408552 f   LIBCD:ullrem.obj
 0001:00007561       L2                         00408561 f   LIBCD:ullrem.obj
 0001:000074a2       L1                         004084a2 f   LIBCD:ulldiv.obj
 0001:000074b0       L3                         004084b0 f   LIBCD:ulldiv.obj
 0001:000074de       L4                         004084de f   LIBCD:ulldiv.obj
 0001:000074df       L5                         004084df f   LIBCD:ulldiv.obj
 0001:000074e3       L2                         004084e3 f   LIBCD:ulldiv.obj
 0001:00007310       _write_char                00408310 f   LIBCD:output.obj
 0001:00007390       _write_multi_char          00408390 f   LIBCD:output.obj
 0001:000073d0       _write_string              004083d0 f   LIBCD:output.obj
 0001:00007420       _get_int_arg               00408420 f   LIBCD:output.obj
 0001:00007440       _get_int64_arg             00408440 f   LIBCD:output.obj
 0001:00007460       _get_short_arg             00408460 f   LIBCD:output.obj
 0001:00006300       _siglookup                 00407300 f   LIBCD:winsig.obj
 0001:00006110       _$$$00001                  00407110 f   LIBCD:chkstk.obj
 0001:0000611c       probepages                 0040711c f   LIBCD:chkstk.obj
 0001:00006130       lastpage                   00407130 f   LIBCD:chkstk.obj
 0001:00005e40       _xtoa                      00406e40 f   LIBCD:xtoa.obj
 0001:00005b20       LeadUp1                    00406b20 f   LIBCD:memmove.obj
 0001:00005b4c       LeadUp2                    00406b4c f   LIBCD:memmove.obj
 0001:00005b70       LeadUp3                    00406b70 f   LIBCD:memmove.obj
 0001:00005bef       UnwindUp0                  00406bef f   LIBCD:memmove.obj
 0001:00005bdc       UnwindUp1                  00406bdc f   LIBCD:memmove.obj
 0001:00005bd4       UnwindUp2                  00406bd4 f   LIBCD:memmove.obj
 0001:00005bcc       UnwindUp3                  00406bcc f   LIBCD:memmove.obj
 0001:00005bc4       UnwindUp4                  00406bc4 f   LIBCD:memmove.obj
 0001:00005bbc       UnwindUp5                  00406bbc f   LIBCD:memmove.obj
 0001:00005bb4       UnwindUp6                  00406bb4 f   LIBCD:memmove.obj
 0001:00005bac       UnwindUp7                  00406bac f   LIBCD:memmove.obj
 0001:00005c08       TrailUp0                   00406c08 f   LIBCD:memmove.obj
 0001:00005c10       TrailUp1                   00406c10 f   LIBCD:memmove.obj
 0001:00005c1c       TrailUp2                   00406c1c f   LIBCD:memmove.obj
 0001:00005c30       TrailUp3                   00406c30 f   LIBCD:memmove.obj
 0001:00005ca8       LeadDown1                  00406ca8 f   LIBCD:memmove.obj
 0001:00005cc8       LeadDown2                  00406cc8 f   LIBCD:memmove.obj
 0001:00005cf0       LeadDown3                  00406cf0 f   LIBCD:memmove.obj
 0001:00005d44       UnwindDown7                00406d44 f   LIBCD:memmove.obj
 0001:00005d4c       UnwindDown6                00406d4c f   LIBCD:memmove.obj
 0001:00005d54       UnwindDown5                00406d54 f   LIBCD:memmove.obj
 0001:00005d5c       UnwindDown4                00406d5c f   LIBCD:memmove.obj
 0001:00005d64       UnwindDown3                00406d64 f   LIBCD:memmove.obj
 0001:00005d6c       UnwindDown2                00406d6c f   LIBCD:memmove.obj
 0001:00005d74       UnwindDown1                00406d74 f   LIBCD:memmove.obj
 0001:00005d87       UnwindDown0                00406d87 f   LIBCD:memmove.obj
 0001:00005da0       TrailDown0                 00406da0 f   LIBCD:memmove.obj
 0001:00005da8       TrailDown1                 00406da8 f   LIBCD:memmove.obj
 0001:00005db8       TrailDown2                 00406db8 f   LIBCD:memmove.obj
 0001:00005dcc       TrailDown3                 00406dcc f   LIBCD:memmove.obj
 0001:00005ad0       CopyUp                     00406ad0 f   LIBCD:memmove.obj
 0001:00005aec       CopyLeadUp                 00406aec f   LIBCD:memmove.obj
 0001:00005b04       ByteCopyUp                 00406b04 f   LIBCD:memmove.obj
 0001:00005b0c       CopyUnwindUp               00406b0c f   LIBCD:memmove.obj
 0001:00005c48       CopyDown                   00406c48 f   LIBCD:memmove.obj
 0001:00005c70       CopyUnwindDown             00406c70 f   LIBCD:memmove.obj
 0001:00005c7c       CopyLeadDown               00406c7c f   LIBCD:memmove.obj
 0001:00005c94       ByteCopyDown               00406c94 f   LIBCD:memmove.obj
 0001:000058a0       _strncnt                   004068a0 f   LIBCD:a_map.obj
 0001:00005273       adjust_loop                00406273 f   LIBCD:memset.obj
 0001:00005279       dwords                     00406279 f   LIBCD:memset.obj
 0001:00005293       main_loop_tail             00406293 f   LIBCD:memset.obj
 0001:00005297       tail                       00406297 f   LIBCD:memset.obj
 0001:0000529d       finish                     0040629d f   LIBCD:memset.obj
 0001:000052a3       toend                      004062a3 f   LIBCD:memset.obj
 0001:00004f10       _CrtMessageWindow          00405f10 f   LIBCD:dbgrpt.obj
 0001:00004a94       src_misaligned             00405a94 f   LIBCD:strncpy.obj
 0001:00004ab0       tail_loop_start            00405ab0 f   LIBCD:strncpy.obj
 0001:00004ab5       copy_tail_loop             00405ab5 f   LIBCD:strncpy.obj
 0001:00004ac2       fill_tail_end1             00405ac2 f   LIBCD:strncpy.obj
 0001:00004aca       align_dest                 00405aca f   LIBCD:strncpy.obj
 0001:00004ad2       dest_align_loop            00405ad2 f   LIBCD:strncpy.obj
 0001:00004ae4       dest_align_loop_end        00405ae4 f   LIBCD:strncpy.obj
 0001:00004aeb       finish_loop                00405aeb f   LIBCD:strncpy.obj
 0001:00004aee       fill_tail_zero_bytes       00405aee f   LIBCD:strncpy.obj
 0001:00004af3       finish                     00405af3 f   LIBCD:strncpy.obj
 0001:00004af9       main_loop                  00405af9 f   LIBCD:strncpy.obj
 0001:00004b01       main_loop_entrance         00405b01 f   LIBCD:strncpy.obj
 0001:00004b37       byte_2                     00405b37 f   LIBCD:strncpy.obj
 0001:00004b41       byte_1                     00405b41 f   LIBCD:strncpy.obj
 0001:00004b4b       byte_0                     00405b4b f   LIBCD:strncpy.obj
 0001:00004b4f       fill_with_EOS_dwords       00405b4f f   LIBCD:strncpy.obj
 0001:00004b57       fill_dwords_with_EOS       00405b57 f   LIBCD:strncpy.obj
 0001:00004b59       fill_with_EOS_loop         00405b59 f   LIBCD:strncpy.obj
 0001:00004b61       fill_tail                  00405b61 f   LIBCD:strncpy.obj
 0001:00004b66       fill_tail_end              00405b66 f   LIBCD:strncpy.obj
 0001:00003190       LeadUp1                    00404190 f   LIBCD:memcpy.obj
 0001:000031bc       LeadUp2                    004041bc f   LIBCD:memcpy.obj
 0001:000031e0       LeadUp3                    004041e0 f   LIBCD:memcpy.obj
 0001:0000325f       UnwindUp0                  0040425f f   LIBCD:memcpy.obj
 0001:0000324c       UnwindUp1                  0040424c f   LIBCD:memcpy.obj
 0001:00003244       UnwindUp2                  00404244 f   LIBCD:memcpy.obj
 0001:0000323c       UnwindUp3                  0040423c f   LIBCD:memcpy.obj
 0001:00003234       UnwindUp4                  00404234 f   LIBCD:memcpy.obj
 0001:0000322c       UnwindUp5                  0040422c f   LIBCD:memcpy.obj
 0001:00003224       UnwindUp6                  00404224 f   LIBCD:memcpy.obj
 0001:0000321c       UnwindUp7                  0040421c f   LIBCD:memcpy.obj
 0001:00003278       TrailUp0                   00404278 f   LIBCD:memcpy.obj
 0001:00003280       TrailUp1                   00404280 f   LIBCD:memcpy.obj
 0001:0000328c       TrailUp2                   0040428c f   LIBCD:memcpy.obj
 0001:000032a0       TrailUp3                   004042a0 f   LIBCD:memcpy.obj
 0001:00003318       LeadDown1                  00404318 f   LIBCD:memcpy.obj
 0001:00003338       LeadDown2                  00404338 f   LIBCD:memcpy.obj
 0001:00003360       LeadDown3                  00404360 f   LIBCD:memcpy.obj
 0001:000033b4       UnwindDown7                004043b4 f   LIBCD:memcpy.obj
 0001:000033bc       UnwindDown6                004043bc f   LIBCD:memcpy.obj
 0001:000033c4       UnwindDown5                004043c4 f   LIBCD:memcpy.obj
 0001:000033cc       UnwindDown4                004043cc f   LIBCD:memcpy.obj
 0001:000033d4       UnwindDown3                004043d4 f   LIBCD:memcpy.obj
 0001:000033dc       UnwindDown2                004043dc f   LIBCD:memcpy.obj
 0001:000033e4       UnwindDown1                004043e4 f   LIBCD:memcpy.obj
 0001:000033f7       UnwindDown0                004043f7 f   LIBCD:memcpy.obj
 0001:00003410       TrailDown0                 00404410 f   LIBCD:memcpy.obj
 0001:00003418       TrailDown1                 00404418 f   LIBCD:memcpy.obj
 0001:00003428       TrailDown2                 00404428 f   LIBCD:memcpy.obj
 0001:0000343c       TrailDown3                 0040443c f   LIBCD:memcpy.obj
 0001:00003140       CopyUp                     00404140 f   LIBCD:memcpy.obj
 0001:0000315c       CopyLeadUp                 0040415c f   LIBCD:memcpy.obj
 0001:00003174       ByteCopyUp                 00404174 f   LIBCD:memcpy.obj
 0001:0000317c       CopyUnwindUp               0040417c f   LIBCD:memcpy.obj
 0001:000032b8       CopyDown                   004042b8 f   LIBCD:memcpy.obj
 0001:000032e0       CopyUnwindDown             004042e0 f   LIBCD:memcpy.obj
 0001:000032ec       CopyLeadDown               004042ec f   LIBCD:memcpy.obj
 0001:00003304       ByteCopyDown               00404304 f   LIBCD:memcpy.obj
 0001:00002c80       _getSystemCP               00403c80 f   LIBCD:mbctype.obj
 0001:00002ce0       _CPtoLCID                  00403ce0 f   LIBCD:mbctype.obj
 0001:00002d60       _setSBCS                   00403d60 f   LIBCD:mbctype.obj
 0001:00002de0       _setSBUpLow                00403de0 f   LIBCD:mbctype.obj
 0001:0000290c       str_misaligned             0040390c f   LIBCD:strlen.obj
 0001:00002920       main_loop                  00403920 f   LIBCD:strlen.obj
 0001:00002953       byte_3                     00403953 f   LIBCD:strlen.obj
 0001:0000295d       byte_2                     0040395d f   LIBCD:strlen.obj
 0001:00002967       byte_1                     00403967 f   LIBCD:strlen.obj
 0001:00002971       byte_0                     00403971 f   LIBCD:strlen.obj
 0001:0000282d       dest_misaligned            0040382d f   LIBCD:strcat.obj
 0001:0000283c       find_end_of_dest_string_loop 0040383c f   LIBCD:strcat.obj
 0001:0000286f       start_byte_3               0040386f f   LIBCD:strcat.obj
 0001:00002874       start_byte_2               00403874 f   LIBCD:strcat.obj
 0001:00002879       start_byte_1               00403879 f   LIBCD:strcat.obj
 0001:0000287e       start_byte_0               0040387e f   LIBCD:strcat.obj
 0001:0000288d       src_misaligned             0040388d f   LIBCD:strcat.obj
 0001:000028a1       main_loop                  004038a1 f   LIBCD:strcat.obj
 0001:000028a6       main_loop_entrance         004038a6 f   LIBCD:strcat.obj
 0001:000028da       byte_3                     004038da f   LIBCD:strcat.obj
 0001:000028e2       byte_2                     004038e2 f   LIBCD:strcat.obj
 0001:000028ef       byte_1                     004038ef f   LIBCD:strcat.obj
 0001:000028f8       byte_0                     004038f8 f   LIBCD:strcat.obj
 0001:00002881       copy_start                 00403881 f   LIBCD:strcat.obj
 0001:00001d60       _CheckBytes                00402d60 f   LIBCD:dbgheap.obj
 0001:00002670       __printMemBlockData        00403670 f   LIBCD:dbgheap.obj
 0001:000011a8       _gu_return                 004021a8 f   LIBCD:exsup.obj
 0001:000011b0       __unwind_handler           004021b0 f   LIBCD:exsup.obj
 0001:000007e0       _parse_cmdline             004017e0 f   LIBCD:stdargv.obj
 0001:00000550       _xcptlookup                00401550 f   LIBCD:winxfltr.obj
 0001:00000290       _doexit                    00401290 f   LIBCD:crt0dat.obj
 0001:00000370       __initterm                 00401370 f   LIBCD:crt0dat.obj
 0001:000001e0       _fast_error_exit           004011e0 f   LIBCD:crt0.obj
