 test.11

 Timestamp is 4c05a964 (Wed Jun 02 08:44:20 2010)

 Preferred load address is 00400000

 Start         Length     Name                   Class
 0001:00000000 00008368H .text                   CODE
 0002:00000000 000000c0H .idata$5                DATA
 0002:000000c0 00000c1bH .rdata                  DATA
 0002:00000cdc 00000014H .idata$2                DATA
 0002:00000cf0 00000014H .idata$3                DATA
 0002:00000d04 000000c0H .idata$4                DATA
 0002:00000dc4 00000342H .idata$6                DATA
 0002:00001106 00000000H .edata                  DATA
 0003:00000000 00000004H .CRT$XCA                DATA
 0003:00000004 00000004H .CRT$XCZ                DATA
 0003:00000008 00000004H .CRT$XIA                DATA
 0003:0000000c 00000008H .CRT$XIC                DATA
 0003:00000014 00000004H .CRT$XIZ                DATA
 0003:00000018 00000004H .CRT$XPA                DATA
 0003:0000001c 00000004H .CRT$XPX                DATA
 0003:00000020 00000004H .CRT$XPZ                DATA
 0003:00000024 00000004H .CRT$XTA                DATA
 0003:00000028 00000004H .CRT$XTZ                DATA
 0003:00000030 000008e0H .data                   DATA
 0003:00000910 0000156cH .bss                    DATA

  Address         Publics by Value              Rva+Base     Lib:Object

 0001:00000000       ?FunA@CTest@@SAHXZ         00401000 f   test.11.obj
 0001:0000000a       ?FunB@CTest@@QAEHXZ        0040100a f   test.11.obj
 0001:0000001a       _main                      0040101a f   test.11.obj
 0001:00000040       _mainCRTStartup            00401040 f   LIBCD:crt0.obj
 0001:00000170       __amsg_exit                00401170 f   LIBCD:crt0.obj
 0001:000001d0       __cinit                    004011d0 f   LIBCD:crt0dat.obj
 0001:00000210       _exit                      00401210 f   LIBCD:crt0dat.obj
 0001:00000230       __exit                     00401230 f   LIBCD:crt0dat.obj
 0001:00000360       __XcptFilter               00401360 f   LIBCD:winxfltr.obj
 0001:00000570       __setenvp                  00401570 f   LIBCD:stdenvp.obj
 0001:000006c0       __setargv                  004016c0 f   LIBCD:stdargv.obj
 0001:00000bd0       ___crtGetEnvironmentStringsA 00401bd0 f   LIBCD:a_env.obj
 0001:00000df0       __ioinit                   00401df0 f   LIBCD:ioinit.obj
 0001:00001100       __heap_init                00402100 f   LIBCD:heapinit.obj
 0001:00001150       __global_unwind2           00402150 f   LIBCD:exsup.obj
 0001:00001192       __local_unwind2            00402192 f   LIBCD:exsup.obj
 0001:000011ea       __NLG_Return2              004021ea f   LIBCD:exsup.obj
 0001:000011fa       __abnormal_termination     004021fa f   LIBCD:exsup.obj
 0001:0000121d       __NLG_Notify1              0040221d f   LIBCD:exsup.obj
 0001:00001226       __NLG_Notify               00402226 f   LIBCD:exsup.obj
 0001:00001239       __NLG_Dispatch             00402239 f   LIBCD:exsup.obj
 0001:00001248       __except_handler3          00402248 f   LIBCD:exsup3.obj
 0001:00001305       __seh_longjmp_unwind@4     00402305 f   LIBCD:exsup3.obj
 0001:00001320       __FF_MSGBANNER             00402320 f   LIBCD:crt0msg.obj
 0001:00001370       __NMSG_WRITE               00402370 f   LIBCD:crt0msg.obj
 0001:00001530       __malloc_dbg               00402530 f   LIBCD:dbgheap.obj
 0001:00001560       __nh_malloc_dbg            00402560 f   LIBCD:dbgheap.obj
 0001:000015b0       __heap_alloc_dbg           004025b0 f   LIBCD:dbgheap.obj
 0001:000018d0       __calloc_dbg               004028d0 f   LIBCD:dbgheap.obj
 0001:00001930       __free_dbg                 00402930 f   LIBCD:dbgheap.obj
 0001:00001db0       __CrtCheckMemory           00402db0 f   LIBCD:dbgheap.obj
 0001:00002110       __CrtSetDbgFlag            00403110 f   LIBCD:dbgheap.obj
 0001:00002140       __CrtIsValidPointer        00403140 f   LIBCD:dbgheap.obj
 0001:00002190       __CrtIsValidHeapPointer    00403190 f   LIBCD:dbgheap.obj
 0001:00002220       __CrtMemCheckpoint         00403220 f   LIBCD:dbgheap.obj
 0001:00002380       __CrtMemDumpAllObjectsSince 00403380 f   LIBCD:dbgheap.obj
 0001:00002750       __CrtDumpMemoryLeaks       00403750 f   LIBCD:dbgheap.obj
 0001:000027d0       _strcpy                    004037d0 f   LIBCD:strcat.obj
 0001:000027e0       _strcat                    004037e0 f   LIBCD:strcat.obj
 0001:000028c0       _strlen                    004038c0 f   LIBCD:strlen.obj
 0001:00002940       __setmbcp                  00403940 f   LIBCD:mbctype.obj
 0001:000030b0       ___initmbctable            004040b0 f   LIBCD:mbctype.obj
 0001:000030e0       _memcpy                    004040e0 f   LIBCD:memcpy.obj
 0001:00003420       ___sbh_heap_init           00404420 f   LIBCD:sbheap.obj
 0001:00003480       ___sbh_find_block          00404480 f   LIBCD:sbheap.obj
 0001:000034e0       ___sbh_verify_block        004044e0 f   LIBCD:sbheap.obj
 0001:00003540       ___sbh_free_block          00404540 f   LIBCD:sbheap.obj
 0001:00003b10       ___sbh_alloc_block         00404b10 f   LIBCD:sbheap.obj
 0001:00004050       ___sbh_alloc_new_region    00405050 f   LIBCD:sbheap.obj
 0001:00004160       ___sbh_alloc_new_group     00405160 f   LIBCD:sbheap.obj
 0001:00004350       ___sbh_heap_check          00405350 f   LIBCD:sbheap.obj
 0001:00004970       ___crtMessageBoxA          00405970 f   LIBCD:crtmbox.obj
 0001:00004a30       _strncpy                   00405a30 f   LIBCD:strncpy.obj
 0001:00004b30       __CrtDbgBreak              00405b30 f   LIBCD:dbgrpt.obj
 0001:00004b40       __CrtDbgReport             00405b40 f   LIBCD:dbgrpt.obj
 0001:000051e0       __callnewh                 004061e0 f   LIBCD:handler.obj
 0001:00005210       _memset                    00406210 f   LIBCD:memset.obj
 0001:00005270       __heap_alloc_base          00406270 f   LIBCD:malloc.obj
 0001:000052d0       __CrtDefaultAllocHook      004062d0 f   LIBCD:dbghook.obj
 0001:000052e0       __free_base                004062e0 f   LIBCD:free.obj
 0001:00005330       __heapchk                  00406330 f   LIBCD:heapchk.obj
 0001:00005390       _sprintf                   00406390 f   LIBCD:sprintf.obj
 0001:00005490       __isctype                  00406490 f   LIBCD:isctype.obj
 0001:00005550       ___crtLCMapStringA         00406550 f   LIBCD:a_map.obj
 0001:000058b0       ___crtGetStringTypeA       004068b0 f   LIBCD:a_str.obj
 0001:00005a70       _memmove                   00406a70 f   LIBCD:memmove.obj
 0001:00005db0       __itoa                     00406db0 f   LIBCD:xtoa.obj
 0001:00005ed0       __snprintf                 00406ed0 f   LIBCD:snprintf.obj
 0001:00005fd0       __vsnprintf                00406fd0 f   LIBCD:vsnprint.obj
 0001:000060d0       __alloca_probe             004070d0 f   LIBCD:chkstk.obj
 0001:000060d0       __chkstk                   004070d0 f   LIBCD:chkstk.obj
 0001:00006100       _raise                     00407100 f   LIBCD:winsig.obj
 0001:00006320       __flsbuf                   00407320 f   LIBCD:_flsbuf.obj
 0001:000065a0       __output                   004075a0 f   LIBCD:output.obj
 0001:00007440       __aulldiv                  00408440 f   LIBCD:ulldiv.obj
 0001:000074b0       __aullrem                  004084b0 f   LIBCD:ullrem.obj
 0001:00007530       __lseek                    00408530 f   LIBCD:lseek.obj
 0001:00007620       __write                    00408620 f   LIBCD:write.obj
 0001:000078d0       __getbuf                   004088d0 f   LIBCD:_getbuf.obj
 0001:000079a0       __isatty                   004089a0 f   LIBCD:isatty.obj
 0001:000079d0       ___initstdio               004089d0 f   LIBCD:_file.obj
 0001:00007b00       ___endstdio                00408b00 f   LIBCD:_file.obj
 0001:00007b20       _wctomb                    00408b20 f   LIBCD:wctomb.obj
 0001:00007bc0       __dosmaperr                00408bc0 f   LIBCD:dosmap.obj
 0001:00007c50       __free_osfhnd              00408c50 f   LIBCD:osfinfo.obj
 0001:00007d20       __get_osfhandle            00408d20 f   LIBCD:osfinfo.obj
 0001:00007d80       __fcloseall                00408d80 f   LIBCD:closeall.obj
 0001:00007e30       _fflush                    00408e30 f   LIBCD:fflush.obj
 0001:00007e90       __flush                    00408e90 f   LIBCD:fflush.obj
 0001:00007f50       __flushall                 00408f50 f   LIBCD:fflush.obj
 0001:00008040       __fptrap                   00409040 f   LIBCD:crt0fp.obj
 0001:00008050       _fclose                    00409050 f   LIBCD:fclose.obj
 0001:00008130       __commit                   00409130 f   LIBCD:commit.obj
 0001:000081e0       __close                    004091e0 f   LIBCD:close.obj
 0001:000082d0       __freebuf                  004092d0 f   LIBCD:_freebuf.obj
 0001:00008362       _RtlUnwind@16              00409362 f   kernel32:KERNEL32.dll
 0002:00000000       __imp__GetCommandLineA@0   0040a000     kernel32:KERNEL32.dll
 0002:00000004       __imp__GetVersion@0        0040a004     kernel32:KERNEL32.dll
 0002:00000008       __imp__ExitProcess@4       0040a008     kernel32:KERNEL32.dll
 0002:0000000c       __imp__TerminateProcess@8  0040a00c     kernel32:KERNEL32.dll
 0002:00000010       __imp__GetCurrentProcess@0 0040a010     kernel32:KERNEL32.dll
 0002:00000014       __imp__UnhandledExceptionFilter@4 0040a014     kernel32:KERNEL32.dll
 0002:00000018       __imp__GetModuleFileNameA@12 0040a018     kernel32:KERNEL32.dll
 0002:0000001c       __imp__FreeEnvironmentStringsA@4 0040a01c     kernel32:KERNEL32.dll
 0002:00000020       __imp__FreeEnvironmentStringsW@4 0040a020     kernel32:KERNEL32.dll
 0002:00000024       __imp__WideCharToMultiByte@32 0040a024     kernel32:KERNEL32.dll
 0002:00000028       __imp__GetEnvironmentStrings@0 0040a028     kernel32:KERNEL32.dll
 0002:0000002c       __imp__GetEnvironmentStringsW@0 0040a02c     kernel32:KERNEL32.dll
 0002:00000030       __imp__SetHandleCount@4    0040a030     kernel32:KERNEL32.dll
 0002:00000034       __imp__GetStdHandle@4      0040a034     kernel32:KERNEL32.dll
 0002:00000038       __imp__GetFileType@4       0040a038     kernel32:KERNEL32.dll
 0002:0000003c       __imp__GetStartupInfoA@4   0040a03c     kernel32:KERNEL32.dll
 0002:00000040       __imp__HeapDestroy@4       0040a040     kernel32:KERNEL32.dll
 0002:00000044       __imp__HeapCreate@12       0040a044     kernel32:KERNEL32.dll
 0002:00000048       __imp__HeapFree@12         0040a048     kernel32:KERNEL32.dll
 0002:0000004c       __imp__VirtualFree@12      0040a04c     kernel32:KERNEL32.dll
 0002:00000050       __imp__RtlUnwind@16        0040a050     kernel32:KERNEL32.dll
 0002:00000054       __imp__WriteFile@20        0040a054     kernel32:KERNEL32.dll
 0002:00000058       __imp__IsBadWritePtr@8     0040a058     kernel32:KERNEL32.dll
 0002:0000005c       __imp__IsBadReadPtr@8      0040a05c     kernel32:KERNEL32.dll
 0002:00000060       __imp__HeapValidate@12     0040a060     kernel32:KERNEL32.dll
 0002:00000064       __imp__GetCPInfo@8         0040a064     kernel32:KERNEL32.dll
 0002:00000068       __imp__GetACP@0            0040a068     kernel32:KERNEL32.dll
 0002:0000006c       __imp__GetOEMCP@0          0040a06c     kernel32:KERNEL32.dll
 0002:00000070       __imp__HeapAlloc@12        0040a070     kernel32:KERNEL32.dll
 0002:00000074       __imp__VirtualAlloc@16     0040a074     kernel32:KERNEL32.dll
 0002:00000078       __imp__HeapReAlloc@16      0040a078     kernel32:KERNEL32.dll
 0002:0000007c       __imp__GetProcAddress@8    0040a07c     kernel32:KERNEL32.dll
 0002:00000080       __imp__LoadLibraryA@4      0040a080     kernel32:KERNEL32.dll
 0002:00000084       __imp__DebugBreak@0        0040a084     kernel32:KERNEL32.dll
 0002:00000088       __imp__InterlockedDecrement@4 0040a088     kernel32:KERNEL32.dll
 0002:0000008c       __imp__OutputDebugStringA@4 0040a08c     kernel32:KERNEL32.dll
 0002:00000090       __imp__InterlockedIncrement@4 0040a090     kernel32:KERNEL32.dll
 0002:00000094       __imp__GetLastError@0      0040a094     kernel32:KERNEL32.dll
 0002:00000098       __imp__MultiByteToWideChar@24 0040a098     kernel32:KERNEL32.dll
 0002:0000009c       __imp__LCMapStringA@24     0040a09c     kernel32:KERNEL32.dll
 0002:000000a0       __imp__LCMapStringW@24     0040a0a0     kernel32:KERNEL32.dll
 0002:000000a4       __imp__GetStringTypeA@20   0040a0a4     kernel32:KERNEL32.dll
 0002:000000a8       __imp__GetStringTypeW@16   0040a0a8     kernel32:KERNEL32.dll
 0002:000000ac       __imp__SetFilePointer@16   0040a0ac     kernel32:KERNEL32.dll
 0002:000000b0       __imp__SetStdHandle@8      0040a0b0     kernel32:KERNEL32.dll
 0002:000000b4       __imp__FlushFileBuffers@4  0040a0b4     kernel32:KERNEL32.dll
 0002:000000b8       __imp__CloseHandle@4       0040a0b8     kernel32:KERNEL32.dll
 0002:000000bc       \177KERNEL32_NULL_THUNK_DATA 0040a0bc     kernel32:KERNEL32.dll
 0002:000000cc       ??_C@_09IGKD@stdenvp?4c?$AA@ 0040a0cc     LIBCD:stdenvp.obj
 0002:000000d8       ??_C@_09MPMN@stdargv?4c?$AA@ 0040a0d8     LIBCD:stdargv.obj
 0002:000000e4       ??_C@_07BNNE@a_env?4c?$AA@ 0040a0e4     LIBCD:a_env.obj
 0002:000000ec       ??_C@_08KFDJ@ioinit?4c?$AA@ 0040a0ec     LIBCD:ioinit.obj
 0002:000000f8       ??_C@_0P@GGKG@runtime?5error?5?$AA@ 0040a0f8     LIBCD:crt0msg.obj
 0002:00000108       ??_C@_02PIMC@?$AN?6?$AA@   0040a108     LIBCD:crt0msg.obj
 0002:0000010c       ??_C@_0O@DELO@TLOSS?5error?$AN?6?$AA@ 0040a10c     LIBCD:crt0msg.obj
 0002:0000011c       ??_C@_0N@OMLL@SING?5error?$AN?6?$AA@ 0040a11c     LIBCD:crt0msg.obj
 0002:0000012c       ??_C@_0P@OJAK@DOMAIN?5error?$AN?6?$AA@ 0040a12c     LIBCD:crt0msg.obj
 0002:0000013c       ??_C@_0CF@EANP@R6028?$AN?6?9?5unable?5to?5initialize?5he@ 0040a13c     LIBCD:crt0msg.obj
 0002:00000164       ??_C@_0DF@ECGN@R6027?$AN?6?9?5not?5enough?5space?5for?5lo@ 0040a164     LIBCD:crt0msg.obj
 0002:0000019c       ??_C@_0DF@FKAC@R6026?$AN?6?9?5not?5enough?5space?5for?5st@ 0040a19c     LIBCD:crt0msg.obj
 0002:000001d4       ??_C@_0CG@DPMN@R6025?$AN?6?9?5pure?5virtual?5function?5c@ 0040a1d4     LIBCD:crt0msg.obj
 0002:000001fc       ??_C@_0DF@CKIP@R6024?$AN?6?9?5not?5enough?5space?5for?5_o@ 0040a1fc     LIBCD:crt0msg.obj
 0002:00000234       ??_C@_0CJ@GGOE@R6019?$AN?6?9?5unable?5to?5open?5console?5@ 0040a234     LIBCD:crt0msg.obj
 0002:00000260       ??_C@_0CB@LBOB@R6018?$AN?6?9?5unexpected?5heap?5error?$AN?6@ 0040a260     LIBCD:crt0msg.obj
 0002:00000284       ??_C@_0CN@FPEG@R6017?$AN?6?9?5unexpected?5multithread?5@ 0040a284     LIBCD:crt0msg.obj
 0002:000002b4       ??_C@_0CM@OBIC@R6016?$AN?6?9?5not?5enough?5space?5for?5th@ 0040a2b4     LIBCD:crt0msg.obj
 0002:000002e0       ??_C@_0CB@HPAL@?$AN?6abnormal?5program?5termination?$AN?6@ 0040a2e0     LIBCD:crt0msg.obj
 0002:00000304       ??_C@_0CM@JOOB@R6009?$AN?6?9?5not?5enough?5space?5for?5en@ 0040a304     LIBCD:crt0msg.obj
 0002:00000330       ??_C@_0CK@OIBL@R6008?$AN?6?9?5not?5enough?5space?5for?5ar@ 0040a330     LIBCD:crt0msg.obj
 0002:0000035c       ??_C@_0CF@LKPB@R6002?$AN?6?9?5floating?5point?5not?5load@ 0040a35c     LIBCD:crt0msg.obj
 0002:00000384       ??_C@_0CF@JPDF@Microsoft?5Visual?5C?$CL?$CL?5Runtime?5Lib@ 0040a384     LIBCD:crt0msg.obj
 0002:000003ac       ??_C@_02JJJH@?6?6?$AA@     0040a3ac     LIBCD:crt0msg.obj
 0002:000003b0       ??_C@_0BK@DEOK@Runtime?5Error?$CB?6?6Program?3?5?$AA@ 0040a3b0     LIBCD:crt0msg.obj
 0002:000003cc       ??_C@_03NAME@?4?4?4?$AA@   0040a3cc     LIBCD:crt0msg.obj
 0002:000003d0       ??_C@_0BH@NNCD@?$DMprogram?5name?5unknown?$DO?$AA@ 0040a3d0     LIBCD:crt0msg.obj
 0002:000003e8       ??_C@_06DPMO@Client?$AA@   0040a3e8     LIBCD:dbgheap.obj
 0002:000003f0       ??_C@_06BAFM@Ignore?$AA@   0040a3f0     LIBCD:dbgheap.obj
 0002:000003f8       ??_C@_03DICE@CRT?$AA@      0040a3f8     LIBCD:dbgheap.obj
 0002:000003fc       ??_C@_06BILL@Normal?$AA@   0040a3fc     LIBCD:dbgheap.obj
 0002:00000404       ??_C@_04NEN@Free?$AA@      0040a404     LIBCD:dbgheap.obj
 0002:0000040c       ??_C@_0DC@CGID@Error?3?5memory?5allocation?3?5bad?5me@ 0040a40c     LIBCD:dbgheap.obj
 0002:00000440       ??_C@_0CE@FMIA@Invalid?5allocation?5size?3?5?$CFu?5byte@ 0040a440     LIBCD:dbgheap.obj
 0002:00000464       ??_C@_02DILL@?$CFs?$AA@    0040a464     LIBCD:dbgheap.obj
 0002:00000468       ??_C@_0CB@CPBI@Client?5hook?5allocation?5failure?4?6@ 0040a468     LIBCD:dbgheap.obj
 0002:0000048c       ??_C@_0DF@DKHF@Client?5hook?5allocation?5failure?5a@ 0040a48c     LIBCD:dbgheap.obj
 0002:000004c4       ??_C@_09IMJC@dbgheap?4c?$AA@ 0040a4c4     LIBCD:dbgheap.obj
 0002:000004d0       ??_C@_0BC@EPKL@_CrtCheckMemory?$CI?$CJ?$AA@ 0040a4d0     LIBCD:dbgheap.obj
 0002:000004e4       ??_C@_0CC@GPMO@_CrtIsValidHeapPointer?$CIpUserData@ 0040a4e4     LIBCD:dbgheap.obj
 0002:00000508       ??_C@_0BG@JCEC@_pFirstBlock?5?$DN?$DN?5pHead?$AA@ 0040a508     LIBCD:dbgheap.obj
 0002:00000520       ??_C@_0BF@NLNN@_pLastBlock?5?$DN?$DN?5pHead?$AA@ 0040a520     LIBCD:dbgheap.obj
 0002:00000538       ??_C@_0BO@PLHH@pHead?9?$DOnBlockUse?5?$DN?$DN?5nBlockUse?$AA@ 0040a538     LIBCD:dbgheap.obj
 0002:00000558       ??_C@_0DN@KKIO@pHead?9?$DOnLine?5?$DN?$DN?5IGNORE_LINE?5?$CG?$CG?5p@ 0040a558     LIBCD:dbgheap.obj
 0002:00000598       ??_C@_0CK@OJNB@DAMAGE?3?5after?5?$CFhs?5block?5?$CI?$CD?$CFd?$CJ?5at@ 0040a598     LIBCD:dbgheap.obj
 0002:000005c4       ??_C@_0CL@IJIL@DAMAGE?3?5before?5?$CFhs?5block?5?$CI?$CD?$CFd?$CJ?5a@ 0040a5c4     LIBCD:dbgheap.obj
 0002:000005f0       ??_C@_0CH@PHOC@_BLOCK_TYPE_IS_VALID?$CIpHead?9?$DOnBlo@ 0040a5f0     LIBCD:dbgheap.obj
 0002:00000618       ??_C@_0BL@MBNA@Client?5hook?5free?5failure?4?6?$AA@ 0040a618     LIBCD:dbgheap.obj
 0002:00000634       ??_C@_0DK@EKKL@memory?5check?5error?5at?50x?$CF08X?5?$DN?50@ 0040a634     LIBCD:dbgheap.obj
 0002:00000670       ??_C@_0CJ@GCII@?$CFhs?5located?5at?50x?$CF08X?5is?5?$CFu?5byte@ 0040a670     LIBCD:dbgheap.obj
 0002:0000069c       ??_C@_0CA@EJPI@?$CFhs?5allocated?5at?5file?5?$CFhs?$CI?$CFd?$CJ?4?6?$AA@ 0040a69c     LIBCD:dbgheap.obj
 0002:000006bc       ??_C@_0CJ@LHHG@DAMAGE?3?5on?5top?5of?5Free?5block?5at?5@ 0040a6bc     LIBCD:dbgheap.obj
 0002:000006e8       ??_C@_07GJHM@DAMAGED?$AA@  0040a6e8     LIBCD:dbgheap.obj
 0002:000006f0       ??_C@_0CL@ODIE@_heapchk?5fails?5with?5unknown?5retu@ 0040a6f0     LIBCD:dbgheap.obj
 0002:0000071c       ??_C@_0CC@EHNC@_heapchk?5fails?5with?5_HEAPBADPTR?4@ 0040a71c     LIBCD:dbgheap.obj
 0002:00000740       ??_C@_0CC@JNDP@_heapchk?5fails?5with?5_HEAPBADEND?4@ 0040a740     LIBCD:dbgheap.obj
 0002:00000764       ??_C@_0CD@DNMG@_heapchk?5fails?5with?5_HEAPBADNODE@ 0040a764     LIBCD:dbgheap.obj
 0002:00000788       ??_C@_0CE@JMCB@_heapchk?5fails?5with?5_HEAPBADBEGI@ 0040a788     LIBCD:dbgheap.obj
 0002:000007ac       ??_C@_0CD@MEMI@Bad?5memory?5block?5found?5at?50x?$CF08X@ 0040a7ac     LIBCD:dbgheap.obj
 0002:000007d0       ??_C@_0CI@GMAO@_CrtMemCheckPoint?3?5NULL?5state?5po@ 0040a7d0     LIBCD:dbgheap.obj
 0002:000007f8       ??_C@_0BH@PKIJ@Object?5dump?5complete?4?6?$AA@ 0040a7f8     LIBCD:dbgheap.obj
 0002:00000810       ??_C@_0DB@DBPF@crt?5block?5at?50x?$CF08X?0?5subtype?5?$CFx?0@ 0040a810     LIBCD:dbgheap.obj
 0002:00000844       ??_C@_0CI@JLM@normal?5block?5at?50x?$CF08X?0?5?$CFu?5bytes@ 0040a844     LIBCD:dbgheap.obj
 0002:0000086c       ??_C@_0DE@PFEA@client?5block?5at?50x?$CF08X?0?5subtype?5@ 0040a86c     LIBCD:dbgheap.obj
 0002:000008a0       ??_C@_06MBCE@?$HL?$CFld?$HN?5?$AA@ 0040a8a0     LIBCD:dbgheap.obj
 0002:000008a8       ??_C@_0L@BLDJ@?$CFhs?$CI?$CFd?$CJ?5?3?5?$AA@ 0040a8a8     LIBCD:dbgheap.obj
 0002:000008b4       ??_C@_0BE@FEMA@?$CDFile?5Error?$CD?$CI?$CFd?$CJ?5?3?5?$AA@ 0040a8b4     LIBCD:dbgheap.obj
 0002:000008c8       ??_C@_0BE@FPPM@Dumping?5objects?5?9?$DO?6?$AA@ 0040a8c8     LIBCD:dbgheap.obj
 0002:000008dc       ??_C@_0BA@POLM@?5Data?3?5?$DM?$CFs?$DO?5?$CFs?6?$AA@ 0040a8dc     LIBCD:dbgheap.obj
 0002:000008ec       ??_C@_05JLAO@?$CF?42X?5?$AA@ 0040a8ec     LIBCD:dbgheap.obj
 0002:000008f4       ??_C@_0BI@KONA@Detected?5memory?5leaks?$CB?6?$AA@ 0040a8f4     LIBCD:dbgheap.obj
 0002:0000090c       ??_C@_0BD@NJFP@GetLastActivePopup?$AA@ 0040a90c     LIBCD:crtmbox.obj
 0002:00000920       ??_C@_0BA@GILI@GetActiveWindow?$AA@ 0040a920     LIBCD:crtmbox.obj
 0002:00000930       ??_C@_0M@PKCK@MessageBoxA?$AA@ 0040a930     LIBCD:crtmbox.obj
 0002:0000093c       ??_C@_0L@HKL@user32?4dll?$AA@ 0040a93c     LIBCD:crtmbox.obj
 0002:00000948       ??_C@_0BB@BLL@Assertion?5Failed?$AA@ 0040a948     LIBCD:dbgrpt.obj
 0002:0000095c       ??_C@_05CKBG@Error?$AA@    0040a95c     LIBCD:dbgrpt.obj
 0002:00000964       ??_C@_07JCGI@Warning?$AA@  0040a964     LIBCD:dbgrpt.obj
 0002:0000096c       ??_C@_0M@ODEP@?$CFs?$CI?$CFd?$CJ?5?3?5?$CFs?$AA@ 0040a96c     LIBCD:dbgrpt.obj
 0002:00000978       ??_C@_01BJG@?6?$AA@        0040a978     LIBCD:dbgrpt.obj
 0002:0000097c       ??_C@_01FEHD@?$AN?$AA@     0040a97c     LIBCD:dbgrpt.obj
 0002:00000980       ??_C@_0BC@OIMC@Assertion?5failed?$CB?$AA@ 0040a980     LIBCD:dbgrpt.obj
 0002:00000994       ??_C@_0BD@BEAK@Assertion?5failed?3?5?$AA@ 0040a994     LIBCD:dbgrpt.obj
 0002:000009a8       ??_C@_0CL@LCCP@_CrtDbgReport?3?5String?5too?5long?5o@ 0040a9a8     LIBCD:dbgrpt.obj
 0002:000009d4       ??_C@_0DC@EMDK@Second?5Chance?5Assertion?5Failed?3?5@ 0040a9d4     LIBCD:dbgrpt.obj
 0002:00000a08       ??_C@_09NJAK@wsprintfA?$AA@ 0040aa08     LIBCD:dbgrpt.obj
 0002:00000a14       ??_C@_0CD@GCMD@Microsoft?5Visual?5C?$CL?$CL?5Debug?5Libra@ 0040aa14     LIBCD:dbgrpt.obj
 0002:00000a38       ??_C@_0FD@EBDD@Debug?5?$CFs?$CB?6?6Program?3?5?$CFs?$CFs?$CFs?$CFs?$CFs?$CFs@ 0040aa38     LIBCD:dbgrpt.obj
 0002:00000a8c       ??_C@_09DCKN@?6Module?3?5?$AA@ 0040aa8c     LIBCD:dbgrpt.obj
 0002:00000a98       ??_C@_07HJII@?6File?3?5?$AA@ 0040aa98     LIBCD:dbgrpt.obj
 0002:00000aa0       ??_C@_07LFGN@?6Line?3?5?$AA@ 0040aaa0     LIBCD:dbgrpt.obj
 0002:00000aa8       ??_C@_0N@NOAB@Expression?3?5?$AA@ 0040aaa8     LIBCD:dbgrpt.obj
 0002:00000ab8       ??_C@_00A@?$AA@            0040aab8     LIBCD:dbgrpt.obj
 0002:00000abc       ??_C@_0HD@BHFH@?6?6For?5information?5on?5how?5your?5pr@ 0040aabc     LIBCD:dbgrpt.obj
 0002:00000b30       ??_C@_08GFHP@dbgrpt?4c?$AA@ 0040ab30     LIBCD:dbgrpt.obj
 0002:00000b3c       ??_C@_0BG@FBEA@szUserMessage?5?$CB?$DN?5NULL?$AA@ 0040ab3c     LIBCD:dbgrpt.obj
 0002:00000b54       ??_C@_0P@LNLA@format?5?$CB?$DN?5NULL?$AA@ 0040ab54     LIBCD:sprintf.obj
 0002:00000b64       ??_C@_09NEAG@sprintf?4c?$AA@ 0040ab64     LIBCD:sprintf.obj
 0002:00000b70       ??_C@_0P@OOIN@string?5?$CB?$DN?5NULL?$AA@ 0040ab70     LIBCD:sprintf.obj
 0002:00000b80       ??_C@_01A@?$AA?$AA@        0040ab80     LIBCD:a_map.obj
 0002:00000b84       ??_C@_13A@?$AA?$AA?$AA?$AA@ 0040ab84     LIBCD:a_map.obj
 0002:00000bac       ??_C@_0L@HE@vsprintf?4c?$AA@ 0040abac     LIBCD:vsnprint.obj
 0002:00000bb8       ??_C@_0DP@IHIN@?$CI?$CCinconsistent?5IOB?5fields?$CC?0?5stre@ 0040abb8     LIBCD:_flsbuf.obj
 0002:00000bf8       ??_C@_09LGEI@_flsbuf?4c?$AA@ 0040abf8     LIBCD:_flsbuf.obj
 0002:00000c04       ??_C@_0M@KJPK@str?5?$CB?$DN?5NULL?$AA@ 0040ac04     LIBCD:_flsbuf.obj
 0002:00000c10       ___lookuptable             0040ac10     LIBCD:output.obj
 0002:00000c6c       ??_C@_1O@POHA@?$AA?$CI?$AAn?$AAu?$AAl?$AAl?$AA?$CJ?$AA?$AA@ 0040ac6c     LIBCD:output.obj
 0002:00000c7c       ??_C@_06ONKE@?$CInull?$CJ?$AA@ 0040ac7c     LIBCD:output.obj
 0002:00000c84       ??_C@_08MIHI@output?4c?$AA@ 0040ac84     LIBCD:output.obj
 0002:00000c90       ??_C@_0P@PIHB@ch?5?$CB?$DN?5_T?$CI?8?20?8?$CJ?$AA@ 0040ac90     LIBCD:output.obj
 0002:00000ca0       ??_C@_09EMDO@_getbuf?4c?$AA@ 0040aca0     LIBCD:_getbuf.obj
 0002:00000cac       ??_C@_07HPAH@_file?4c?$AA@ 0040acac     LIBCD:_file.obj
 0002:00000cb4       ??_C@_08PHBD@fclose?4c?$AA@ 0040acb4     LIBCD:fclose.obj
 0002:00000cc0       ??_C@_0L@JIE@_freebuf?4c?$AA@ 0040acc0     LIBCD:_freebuf.obj
 0002:00000ccc       ??_C@_0P@FHEA@stream?5?$CB?$DN?5NULL?$AA@ 0040accc     LIBCD:_freebuf.obj
 0002:00000cdc       __IMPORT_DESCRIPTOR_KERNEL32 0040acdc     kernel32:KERNEL32.dll
 0002:00000cf0       __NULL_IMPORT_DESCRIPTOR   0040acf0     kernel32:KERNEL32.dll
 0003:00000000       ___xc_a                    0040c000     LIBCD:crt0init.obj
 0003:00000004       ___xc_z                    0040c004     LIBCD:crt0init.obj
 0003:00000008       ___xi_a                    0040c008     LIBCD:crt0init.obj
 0003:00000014       ___xi_z                    0040c014     LIBCD:crt0init.obj
 0003:00000018       ___xp_a                    0040c018     LIBCD:crt0init.obj
 0003:00000020       ___xp_z                    0040c020     LIBCD:crt0init.obj
 0003:00000024       ___xt_a                    0040c024     LIBCD:crt0init.obj
 0003:00000028       ___xt_z                    0040c028     LIBCD:crt0init.obj
 0003:00000030       ?a@CTest@@2HA              0040c030     test.11.obj
 0003:00000034       __aexit_rtn                0040c034     LIBCD:crt0.obj
 0003:00000038       ___app_type                0040c038     LIBCD:crt0.obj
 0003:00000040       __XcptActTab               0040c040     LIBCD:winxfltr.obj
 0003:000000b8       __First_FPE_Indx           0040c0b8     LIBCD:winxfltr.obj
 0003:000000bc       __Num_FPE                  0040c0bc     LIBCD:winxfltr.obj
 0003:000000c0       __XcptActTabCount          0040c0c0     LIBCD:winxfltr.obj
 0003:000000c4       __fpecode                  0040c0c4     LIBCD:winxfltr.obj
 0003:000000c8       ___badioinfo               0040c0c8     LIBCD:ioinit.obj
 0003:000000d0       __amblksiz                 0040c0d0     LIBCD:heapinit.obj
 0003:000000d4       __NLG_Destination          0040c0d4     LIBCD:exsup.obj
 0003:00000178       __crtDbgFlag               0040c178     LIBCD:dbgheap.obj
 0003:00000180       __crtBreakAlloc            0040c180     LIBCD:dbgheap.obj
 0003:000002a0       ___sbh_threshold           0040c2a0     LIBCD:sbheap.obj
 0003:000002b0       __crtAssertBusy            0040c2b0     LIBCD:dbgrpt.obj
 0003:000002b4       __CrtDbgMode               0040c2b4     LIBCD:dbgrpt.obj
 0003:000002c0       __CrtDbgFile               0040c2c0     LIBCD:dbgrpt.obj
 0003:000002e0       __pfnAllocHook             0040c2e0     LIBCD:dbghook.obj
 0003:000002e4       __pctype                   0040c2e4     LIBCD:ctype.obj
 0003:000002e8       __pwctype                  0040c2e8     LIBCD:ctype.obj
 0003:000002ec       __ctype                    0040c2ec     LIBCD:ctype.obj
 0003:000004f0       ___mb_cur_max              0040c4f0     LIBCD:nlsdata1.obj
 0003:000004f4       ___decimal_point           0040c4f4     LIBCD:nlsdata1.obj
 0003:000004f8       ___decimal_point_length    0040c4f8     LIBCD:nlsdata1.obj
 0003:00000500       ___nullstring              0040c500     LIBCD:output.obj
 0003:00000504       ___wnullstring             0040c504     LIBCD:output.obj
 0003:00000510       __iob                      0040c510     LIBCD:_file.obj
 0003:00000790       __cfltcvt_tab              0040c790     LIBCD:cmiscdat.obj
 0003:00000910       __aenvptr                  0040c910     LIBCD:crt0.obj
 0003:00000914       __wenvptr                  0040c914     LIBCD:crt0.obj
 0003:00000918       ___error_mode              0040c918     LIBCD:crt0.obj
 0003:0000091c       _errno                     0040c91c     LIBCD:crt0dat.obj
 0003:00000920       __doserrno                 0040c920     LIBCD:crt0dat.obj
 0003:00000924       __umaskval                 0040c924     LIBCD:crt0dat.obj
 0003:00000928       __osver                    0040c928     LIBCD:crt0dat.obj
 0003:0000092c       __winver                   0040c92c     LIBCD:crt0dat.obj
 0003:00000930       __winmajor                 0040c930     LIBCD:crt0dat.obj
 0003:00000934       __winminor                 0040c934     LIBCD:crt0dat.obj
 0003:00000938       ___argc                    0040c938     LIBCD:crt0dat.obj
 0003:0000093c       ___argv                    0040c93c     LIBCD:crt0dat.obj
 0003:00000940       ___wargv                   0040c940     LIBCD:crt0dat.obj
 0003:00000944       __environ                  0040c944     LIBCD:crt0dat.obj
 0003:00000948       ___initenv                 0040c948     LIBCD:crt0dat.obj
 0003:0000094c       __wenviron                 0040c94c     LIBCD:crt0dat.obj
 0003:00000950       ___winitenv                0040c950     LIBCD:crt0dat.obj
 0003:00000954       __pgmptr                   0040c954     LIBCD:crt0dat.obj
 0003:00000958       __wpgmptr                  0040c958     LIBCD:crt0dat.obj
 0003:0000095c       __exitflag                 0040c95c     LIBCD:crt0dat.obj
 0003:00000960       __C_Termination_Done       0040c960     LIBCD:crt0dat.obj
 0003:00000964       __C_Exit_Done              0040c964     LIBCD:crt0dat.obj
 0003:0000096c       __pxcptinfoptrs            0040c96c     LIBCD:winxfltr.obj
 0003:00000a78       __adbgmsg                  0040ca78     LIBCD:crt0msg.obj
 0003:00000aa4       __newmode                  0040caa4     LIBCD:_newmode.obj
 0003:00000aa8       ?_pnhHeap@@3P6AHI@ZA       0040caa8     LIBCD:handler.obj
 0003:00000aac       ___lc_handle               0040caac     LIBCD:nlsdata2.obj
 0003:00000ac4       ___lc_codepage             0040cac4     LIBCD:nlsdata2.obj
 0003:00000ac8       ___lc_collate_cp           0040cac8     LIBCD:nlsdata2.obj
 0003:00000ae8       __cflush                   0040cae8     LIBCD:_file.obj
 0003:00000aec       ___piob                    0040caec     <common>
 0003:00000b00       __bufin                    0040cb00     <common>
 0003:00001b00       __nstream                  0040db00     <common>
 0003:00001b04       __pfnReportHook            0040db04     <common>
 0003:00001b08       ___sbh_sizeHeaderList      0040db08     <common>
 0003:00001b0c       ___sbh_indGroupDefer       0040db0c     <common>
 0003:00001b10       ___sbh_pHeaderScan         0040db10     <common>
 0003:00001b14       ___sbh_pHeaderDefer        0040db14     <common>
 0003:00001b18       ___sbh_cntHeaderList       0040db18     <common>
 0003:00001b1c       ___sbh_pHeaderList         0040db1c     <common>
 0003:00001b20       ___mbcodepage              0040db20     <common>
 0003:00001b30       ___mbulinfo                0040db30     <common>
 0003:00001b3c       ___ismbcodepage            0040db3c     <common>
 0003:00001b40       __mbcasemap                0040db40     <common>
 0003:00001c40       __mbctype                  0040dc40     <common>
 0003:00001d44       ___mblcid                  0040dd44     <common>
 0003:00001d48       __pfnDumpClient            0040dd48     <common>
 0003:00001d4c       __crtheap                  0040dd4c     <common>
 0003:00001d60       ___pioinfo                 0040dd60     <common>
 0003:00001e60       __nhandle                  0040de60     <common>
 0003:00001e64       ___env_initialized         0040de64     <common>
 0003:00001e68       ___mbctype_initialized     0040de68     <common>
 0003:00001e6c       ___onexitend               0040de6c     <common>
 0003:00001e70       ___onexitbegin             0040de70     <common>
 0003:00001e74       __FPinit                   0040de74     <common>
 0003:00001e78       __acmdln                   0040de78     <common>

 entry point at        0001:00000040

 Static symbols

 0001:00007f60       _flsall                    00408f60 f   LIBCD:fflush.obj
 0001:000074d1       L1                         004084d1 f   LIBCD:ullrem.obj
 0001:000074df       L3                         004084df f   LIBCD:ullrem.obj
 0001:0000750a       L4                         0040850a f   LIBCD:ullrem.obj
 0001:00007512       L5                         00408512 f   LIBCD:ullrem.obj
 0001:00007521       L2                         00408521 f   LIBCD:ullrem.obj
 0001:00007462       L1                         00408462 f   LIBCD:ulldiv.obj
 0001:00007470       L3                         00408470 f   LIBCD:ulldiv.obj
 0001:0000749e       L4                         0040849e f   LIBCD:ulldiv.obj
 0001:0000749f       L5                         0040849f f   LIBCD:ulldiv.obj
 0001:000074a3       L2                         004084a3 f   LIBCD:ulldiv.obj
 0001:000072d0       _write_char                004082d0 f   LIBCD:output.obj
 0001:00007350       _write_multi_char          00408350 f   LIBCD:output.obj
 0001:00007390       _write_string              00408390 f   LIBCD:output.obj
 0001:000073e0       _get_int_arg               004083e0 f   LIBCD:output.obj
 0001:00007400       _get_int64_arg             00408400 f   LIBCD:output.obj
 0001:00007420       _get_short_arg             00408420 f   LIBCD:output.obj
 0001:000062c0       _siglookup                 004072c0 f   LIBCD:winsig.obj
 0001:000060d0       _$$$00001                  004070d0 f   LIBCD:chkstk.obj
 0001:000060dc       probepages                 004070dc f   LIBCD:chkstk.obj
 0001:000060f0       lastpage                   004070f0 f   LIBCD:chkstk.obj
 0001:00005e00       _xtoa                      00406e00 f   LIBCD:xtoa.obj
 0001:00005ae0       LeadUp1                    00406ae0 f   LIBCD:memmove.obj
 0001:00005b0c       LeadUp2                    00406b0c f   LIBCD:memmove.obj
 0001:00005b30       LeadUp3                    00406b30 f   LIBCD:memmove.obj
 0001:00005baf       UnwindUp0                  00406baf f   LIBCD:memmove.obj
 0001:00005b9c       UnwindUp1                  00406b9c f   LIBCD:memmove.obj
 0001:00005b94       UnwindUp2                  00406b94 f   LIBCD:memmove.obj
 0001:00005b8c       UnwindUp3                  00406b8c f   LIBCD:memmove.obj
 0001:00005b84       UnwindUp4                  00406b84 f   LIBCD:memmove.obj
 0001:00005b7c       UnwindUp5                  00406b7c f   LIBCD:memmove.obj
 0001:00005b74       UnwindUp6                  00406b74 f   LIBCD:memmove.obj
 0001:00005b6c       UnwindUp7                  00406b6c f   LIBCD:memmove.obj
 0001:00005bc8       TrailUp0                   00406bc8 f   LIBCD:memmove.obj
 0001:00005bd0       TrailUp1                   00406bd0 f   LIBCD:memmove.obj
 0001:00005bdc       TrailUp2                   00406bdc f   LIBCD:memmove.obj
 0001:00005bf0       TrailUp3                   00406bf0 f   LIBCD:memmove.obj
 0001:00005c68       LeadDown1                  00406c68 f   LIBCD:memmove.obj
 0001:00005c88       LeadDown2                  00406c88 f   LIBCD:memmove.obj
 0001:00005cb0       LeadDown3                  00406cb0 f   LIBCD:memmove.obj
 0001:00005d04       UnwindDown7                00406d04 f   LIBCD:memmove.obj
 0001:00005d0c       UnwindDown6                00406d0c f   LIBCD:memmove.obj
 0001:00005d14       UnwindDown5                00406d14 f   LIBCD:memmove.obj
 0001:00005d1c       UnwindDown4                00406d1c f   LIBCD:memmove.obj
 0001:00005d24       UnwindDown3                00406d24 f   LIBCD:memmove.obj
 0001:00005d2c       UnwindDown2                00406d2c f   LIBCD:memmove.obj
 0001:00005d34       UnwindDown1                00406d34 f   LIBCD:memmove.obj
 0001:00005d47       UnwindDown0                00406d47 f   LIBCD:memmove.obj
 0001:00005d60       TrailDown0                 00406d60 f   LIBCD:memmove.obj
 0001:00005d68       TrailDown1                 00406d68 f   LIBCD:memmove.obj
 0001:00005d78       TrailDown2                 00406d78 f   LIBCD:memmove.obj
 0001:00005d8c       TrailDown3                 00406d8c f   LIBCD:memmove.obj
 0001:00005a90       CopyUp                     00406a90 f   LIBCD:memmove.obj
 0001:00005aac       CopyLeadUp                 00406aac f   LIBCD:memmove.obj
 0001:00005ac4       ByteCopyUp                 00406ac4 f   LIBCD:memmove.obj
 0001:00005acc       CopyUnwindUp               00406acc f   LIBCD:memmove.obj
 0001:00005c08       CopyDown                   00406c08 f   LIBCD:memmove.obj
 0001:00005c30       CopyUnwindDown             00406c30 f   LIBCD:memmove.obj
 0001:00005c3c       CopyLeadDown               00406c3c f   LIBCD:memmove.obj
 0001:00005c54       ByteCopyDown               00406c54 f   LIBCD:memmove.obj
 0001:00005860       _strncnt                   00406860 f   LIBCD:a_map.obj
 0001:00005233       adjust_loop                00406233 f   LIBCD:memset.obj
 0001:00005239       dwords                     00406239 f   LIBCD:memset.obj
 0001:00005253       main_loop_tail             00406253 f   LIBCD:memset.obj
 0001:00005257       tail                       00406257 f   LIBCD:memset.obj
 0001:0000525d       finish                     0040625d f   LIBCD:memset.obj
 0001:00005263       toend                      00406263 f   LIBCD:memset.obj
 0001:00004ed0       _CrtMessageWindow          00405ed0 f   LIBCD:dbgrpt.obj
 0001:00004a54       src_misaligned             00405a54 f   LIBCD:strncpy.obj
 0001:00004a70       tail_loop_start            00405a70 f   LIBCD:strncpy.obj
 0001:00004a75       copy_tail_loop             00405a75 f   LIBCD:strncpy.obj
 0001:00004a82       fill_tail_end1             00405a82 f   LIBCD:strncpy.obj
 0001:00004a8a       align_dest                 00405a8a f   LIBCD:strncpy.obj
 0001:00004a92       dest_align_loop            00405a92 f   LIBCD:strncpy.obj
 0001:00004aa4       dest_align_loop_end        00405aa4 f   LIBCD:strncpy.obj
 0001:00004aab       finish_loop                00405aab f   LIBCD:strncpy.obj
 0001:00004aae       fill_tail_zero_bytes       00405aae f   LIBCD:strncpy.obj
 0001:00004ab3       finish                     00405ab3 f   LIBCD:strncpy.obj
 0001:00004ab9       main_loop                  00405ab9 f   LIBCD:strncpy.obj
 0001:00004ac1       main_loop_entrance         00405ac1 f   LIBCD:strncpy.obj
 0001:00004af7       byte_2                     00405af7 f   LIBCD:strncpy.obj
 0001:00004b01       byte_1                     00405b01 f   LIBCD:strncpy.obj
 0001:00004b0b       byte_0                     00405b0b f   LIBCD:strncpy.obj
 0001:00004b0f       fill_with_EOS_dwords       00405b0f f   LIBCD:strncpy.obj
 0001:00004b17       fill_dwords_with_EOS       00405b17 f   LIBCD:strncpy.obj
 0001:00004b19       fill_with_EOS_loop         00405b19 f   LIBCD:strncpy.obj
 0001:00004b21       fill_tail                  00405b21 f   LIBCD:strncpy.obj
 0001:00004b26       fill_tail_end              00405b26 f   LIBCD:strncpy.obj
 0001:00003150       LeadUp1                    00404150 f   LIBCD:memcpy.obj
 0001:0000317c       LeadUp2                    0040417c f   LIBCD:memcpy.obj
 0001:000031a0       LeadUp3                    004041a0 f   LIBCD:memcpy.obj
 0001:0000321f       UnwindUp0                  0040421f f   LIBCD:memcpy.obj
 0001:0000320c       UnwindUp1                  0040420c f   LIBCD:memcpy.obj
 0001:00003204       UnwindUp2                  00404204 f   LIBCD:memcpy.obj
 0001:000031fc       UnwindUp3                  004041fc f   LIBCD:memcpy.obj
 0001:000031f4       UnwindUp4                  004041f4 f   LIBCD:memcpy.obj
 0001:000031ec       UnwindUp5                  004041ec f   LIBCD:memcpy.obj
 0001:000031e4       UnwindUp6                  004041e4 f   LIBCD:memcpy.obj
 0001:000031dc       UnwindUp7                  004041dc f   LIBCD:memcpy.obj
 0001:00003238       TrailUp0                   00404238 f   LIBCD:memcpy.obj
 0001:00003240       TrailUp1                   00404240 f   LIBCD:memcpy.obj
 0001:0000324c       TrailUp2                   0040424c f   LIBCD:memcpy.obj
 0001:00003260       TrailUp3                   00404260 f   LIBCD:memcpy.obj
 0001:000032d8       LeadDown1                  004042d8 f   LIBCD:memcpy.obj
 0001:000032f8       LeadDown2                  004042f8 f   LIBCD:memcpy.obj
 0001:00003320       LeadDown3                  00404320 f   LIBCD:memcpy.obj
 0001:00003374       UnwindDown7                00404374 f   LIBCD:memcpy.obj
 0001:0000337c       UnwindDown6                0040437c f   LIBCD:memcpy.obj
 0001:00003384       UnwindDown5                00404384 f   LIBCD:memcpy.obj
 0001:0000338c       UnwindDown4                0040438c f   LIBCD:memcpy.obj
 0001:00003394       UnwindDown3                00404394 f   LIBCD:memcpy.obj
 0001:0000339c       UnwindDown2                0040439c f   LIBCD:memcpy.obj
 0001:000033a4       UnwindDown1                004043a4 f   LIBCD:memcpy.obj
 0001:000033b7       UnwindDown0                004043b7 f   LIBCD:memcpy.obj
 0001:000033d0       TrailDown0                 004043d0 f   LIBCD:memcpy.obj
 0001:000033d8       TrailDown1                 004043d8 f   LIBCD:memcpy.obj
 0001:000033e8       TrailDown2                 004043e8 f   LIBCD:memcpy.obj
 0001:000033fc       TrailDown3                 004043fc f   LIBCD:memcpy.obj
 0001:00003100       CopyUp                     00404100 f   LIBCD:memcpy.obj
 0001:0000311c       CopyLeadUp                 0040411c f   LIBCD:memcpy.obj
 0001:00003134       ByteCopyUp                 00404134 f   LIBCD:memcpy.obj
 0001:0000313c       CopyUnwindUp               0040413c f   LIBCD:memcpy.obj
 0001:00003278       CopyDown                   00404278 f   LIBCD:memcpy.obj
 0001:000032a0       CopyUnwindDown             004042a0 f   LIBCD:memcpy.obj
 0001:000032ac       CopyLeadDown               004042ac f   LIBCD:memcpy.obj
 0001:000032c4       ByteCopyDown               004042c4 f   LIBCD:memcpy.obj
 0001:00002c40       _getSystemCP               00403c40 f   LIBCD:mbctype.obj
 0001:00002ca0       _CPtoLCID                  00403ca0 f   LIBCD:mbctype.obj
 0001:00002d20       _setSBCS                   00403d20 f   LIBCD:mbctype.obj
 0001:00002da0       _setSBUpLow                00403da0 f   LIBCD:mbctype.obj
 0001:000028cc       str_misaligned             004038cc f   LIBCD:strlen.obj
 0001:000028e0       main_loop                  004038e0 f   LIBCD:strlen.obj
 0001:00002913       byte_3                     00403913 f   LIBCD:strlen.obj
 0001:0000291d       byte_2                     0040391d f   LIBCD:strlen.obj
 0001:00002927       byte_1                     00403927 f   LIBCD:strlen.obj
 0001:00002931       byte_0                     00403931 f   LIBCD:strlen.obj
 0001:000027ed       dest_misaligned            004037ed f   LIBCD:strcat.obj
 0001:000027fc       find_end_of_dest_string_loop 004037fc f   LIBCD:strcat.obj
 0001:0000282f       start_byte_3               0040382f f   LIBCD:strcat.obj
 0001:00002834       start_byte_2               00403834 f   LIBCD:strcat.obj
 0001:00002839       start_byte_1               00403839 f   LIBCD:strcat.obj
 0001:0000283e       start_byte_0               0040383e f   LIBCD:strcat.obj
 0001:0000284d       src_misaligned             0040384d f   LIBCD:strcat.obj
 0001:00002861       main_loop                  00403861 f   LIBCD:strcat.obj
 0001:00002866       main_loop_entrance         00403866 f   LIBCD:strcat.obj
 0001:0000289a       byte_3                     0040389a f   LIBCD:strcat.obj
 0001:000028a2       byte_2                     004038a2 f   LIBCD:strcat.obj
 0001:000028af       byte_1                     004038af f   LIBCD:strcat.obj
 0001:000028b8       byte_0                     004038b8 f   LIBCD:strcat.obj
 0001:00002841       copy_start                 00403841 f   LIBCD:strcat.obj
 0001:00001d20       _CheckBytes                00402d20 f   LIBCD:dbgheap.obj
 0001:00002630       __printMemBlockData        00403630 f   LIBCD:dbgheap.obj
 0001:00001168       _gu_return                 00402168 f   LIBCD:exsup.obj
 0001:00001170       __unwind_handler           00402170 f   LIBCD:exsup.obj
 0001:000007a0       _parse_cmdline             004017a0 f   LIBCD:stdargv.obj
 0001:00000510       _xcptlookup                00401510 f   LIBCD:winxfltr.obj
 0001:00000250       _doexit                    00401250 f   LIBCD:crt0dat.obj
 0001:00000330       __initterm                 00401330 f   LIBCD:crt0dat.obj
 0001:000001a0       _fast_error_exit           004011a0 f   LIBCD:crt0.obj
