 test2

 Timestamp is 4c04a591 (Tue Jun 01 14:15:45 2010)

 Preferred load address is 00400000

 Start         Length     Name                   Class
 0001:00000000 000084d8H .text                   CODE
 0002:00000000 000000c0H .idata$5                DATA
 0002:000000c0 00000c33H .rdata                  DATA
 0002:00000cf4 00000014H .idata$2                DATA
 0002:00000d08 00000014H .idata$3                DATA
 0002:00000d1c 000000c0H .idata$4                DATA
 0002:00000ddc 00000342H .idata$6                DATA
 0002:0000111e 00000000H .edata                  DATA
 0003:00000000 00000004H .CRT$XCA                DATA
 0003:00000004 00000004H .CRT$XCZ                DATA
 0003:00000008 00000004H .CRT$XIA                DATA
 0003:0000000c 00000008H .CRT$XIC                DATA
 0003:00000014 00000004H .CRT$XIZ                DATA
 0003:00000018 00000004H .CRT$XPA                DATA
 0003:0000001c 00000004H .CRT$XPX                DATA
 0003:00000020 00000004H .CRT$XPZ                DATA
 0003:00000024 00000004H .CRT$XTA                DATA
 0003:00000028 00000004H .CRT$XTZ                DATA
 0003:00000030 000008c0H .data                   DATA
 0003:000008f0 00001574H .bss                    DATA

  Address         Publics by Value              Rva+Base     Lib:Object

 0001:00000000       _main                      00401000 f   test2.obj
 0001:00000060       ?Initiate@CTest@@QAEXXZ    00401060 f i test2.obj
 0001:00000080       ?Add@CTest@@QAEHXZ         00401080 f i test2.obj
 0001:000000a0       ?Release@CTest@@QAEHXZ     004010a0 f i test2.obj
 0001:000000e0       ??2@YAPAXI@Z               004010e0 f   LIBCD:new.obj
 0001:00000100       ??3@YAXPAX@Z               00401100 f   LIBCD:dbgdel.obj
 0001:00000190       _mainCRTStartup            00401190 f   LIBCD:crt0.obj
 0001:000002c0       __amsg_exit                004012c0 f   LIBCD:crt0.obj
 0001:00000320       __malloc_dbg               00401320 f   LIBCD:dbgheap.obj
 0001:00000350       __nh_malloc                00401350 f   LIBCD:dbgheap.obj
 0001:00000370       __nh_malloc_dbg            00401370 f   LIBCD:dbgheap.obj
 0001:000003c0       __heap_alloc_dbg           004013c0 f   LIBCD:dbgheap.obj
 0001:000006e0       __calloc_dbg               004016e0 f   LIBCD:dbgheap.obj
 0001:00000740       __free_dbg                 00401740 f   LIBCD:dbgheap.obj
 0001:00000bc0       __CrtCheckMemory           00401bc0 f   LIBCD:dbgheap.obj
 0001:00000f20       __CrtSetDbgFlag            00401f20 f   LIBCD:dbgheap.obj
 0001:00000f50       __CrtIsValidPointer        00401f50 f   LIBCD:dbgheap.obj
 0001:00000fa0       __CrtIsValidHeapPointer    00401fa0 f   LIBCD:dbgheap.obj
 0001:00001030       __CrtMemCheckpoint         00402030 f   LIBCD:dbgheap.obj
 0001:00001190       __CrtMemDumpAllObjectsSince 00402190 f   LIBCD:dbgheap.obj
 0001:00001560       __CrtDumpMemoryLeaks       00402560 f   LIBCD:dbgheap.obj
 0001:000015e0       __CrtDbgBreak              004025e0 f   LIBCD:dbgrpt.obj
 0001:000015f0       __CrtDbgReport             004025f0 f   LIBCD:dbgrpt.obj
 0001:00001c90       __cinit                    00402c90 f   LIBCD:crt0dat.obj
 0001:00001cd0       _exit                      00402cd0 f   LIBCD:crt0dat.obj
 0001:00001cf0       __exit                     00402cf0 f   LIBCD:crt0dat.obj
 0001:00001e20       __XcptFilter               00402e20 f   LIBCD:winxfltr.obj
 0001:00002030       __setenvp                  00403030 f   LIBCD:stdenvp.obj
 0001:00002180       __setargv                  00403180 f   LIBCD:stdargv.obj
 0001:00002690       ___crtGetEnvironmentStringsA 00403690 f   LIBCD:a_env.obj
 0001:000028b0       __ioinit                   004038b0 f   LIBCD:ioinit.obj
 0001:00002bc0       __heap_init                00403bc0 f   LIBCD:heapinit.obj
 0001:00002c10       __global_unwind2           00403c10 f   LIBCD:exsup.obj
 0001:00002c52       __local_unwind2            00403c52 f   LIBCD:exsup.obj
 0001:00002caa       __NLG_Return2              00403caa f   LIBCD:exsup.obj
 0001:00002cba       __abnormal_termination     00403cba f   LIBCD:exsup.obj
 0001:00002cdd       __NLG_Notify1              00403cdd f   LIBCD:exsup.obj
 0001:00002ce6       __NLG_Notify               00403ce6 f   LIBCD:exsup.obj
 0001:00002cf9       __NLG_Dispatch             00403cf9 f   LIBCD:exsup.obj
 0001:00002d08       __except_handler3          00403d08 f   LIBCD:exsup3.obj
 0001:00002dc5       __seh_longjmp_unwind@4     00403dc5 f   LIBCD:exsup3.obj
 0001:00002de0       __FF_MSGBANNER             00403de0 f   LIBCD:crt0msg.obj
 0001:00002e30       __NMSG_WRITE               00403e30 f   LIBCD:crt0msg.obj
 0001:00002ff0       __callnewh                 00403ff0 f   LIBCD:handler.obj
 0001:00003020       _memset                    00404020 f   LIBCD:memset.obj
 0001:00003080       __heap_alloc_base          00404080 f   LIBCD:malloc.obj
 0001:000030e0       __CrtDefaultAllocHook      004040e0 f   LIBCD:dbghook.obj
 0001:000030f0       __free_base                004040f0 f   LIBCD:free.obj
 0001:00003140       __heapchk                  00404140 f   LIBCD:heapchk.obj
 0001:000031a0       ___sbh_heap_init           004041a0 f   LIBCD:sbheap.obj
 0001:00003200       ___sbh_find_block          00404200 f   LIBCD:sbheap.obj
 0001:00003260       ___sbh_verify_block        00404260 f   LIBCD:sbheap.obj
 0001:000032c0       ___sbh_free_block          004042c0 f   LIBCD:sbheap.obj
 0001:00003890       ___sbh_alloc_block         00404890 f   LIBCD:sbheap.obj
 0001:00003dd0       ___sbh_alloc_new_region    00404dd0 f   LIBCD:sbheap.obj
 0001:00003ee0       ___sbh_alloc_new_group     00404ee0 f   LIBCD:sbheap.obj
 0001:000040d0       ___sbh_heap_check          004050d0 f   LIBCD:sbheap.obj
 0001:000046f0       _sprintf                   004056f0 f   LIBCD:sprintf.obj
 0001:000047f0       __isctype                  004057f0 f   LIBCD:isctype.obj
 0001:000048b0       __itoa                     004058b0 f   LIBCD:xtoa.obj
 0001:000049d0       _strlen                    004059d0 f   LIBCD:strlen.obj
 0001:00004a50       __snprintf                 00405a50 f   LIBCD:snprintf.obj
 0001:00004b50       _strcpy                    00405b50 f   LIBCD:strcat.obj
 0001:00004b60       _strcat                    00405b60 f   LIBCD:strcat.obj
 0001:00004c40       __vsnprintf                00405c40 f   LIBCD:vsnprint.obj
 0001:00004d40       __chkstk                   00405d40 f   LIBCD:chkstk.obj
 0001:00004d40       __alloca_probe             00405d40 f   LIBCD:chkstk.obj
 0001:00004d70       _raise                     00405d70 f   LIBCD:winsig.obj
 0001:00004f90       ___crtMessageBoxA          00405f90 f   LIBCD:crtmbox.obj
 0001:00005050       _strncpy                   00406050 f   LIBCD:strncpy.obj
 0001:00005150       __setmbcp                  00406150 f   LIBCD:mbctype.obj
 0001:000058c0       ___initmbctable            004068c0 f   LIBCD:mbctype.obj
 0001:000058f0       _memcpy                    004068f0 f   LIBCD:memcpy.obj
 0001:00005c30       _memmove                   00406c30 f   LIBCD:memmove.obj
 0001:00005f70       __flsbuf                   00406f70 f   LIBCD:_flsbuf.obj
 0001:000061f0       __output                   004071f0 f   LIBCD:output.obj
 0001:00007090       ___crtGetStringTypeA       00408090 f   LIBCD:a_str.obj
 0001:00007250       __aulldiv                  00408250 f   LIBCD:ulldiv.obj
 0001:000072c0       __aullrem                  004082c0 f   LIBCD:ullrem.obj
 0001:00007340       ___crtLCMapStringA         00408340 f   LIBCD:a_map.obj
 0001:000076a0       __lseek                    004086a0 f   LIBCD:lseek.obj
 0001:00007790       __write                    00408790 f   LIBCD:write.obj
 0001:00007a40       __getbuf                   00408a40 f   LIBCD:_getbuf.obj
 0001:00007b10       __isatty                   00408b10 f   LIBCD:isatty.obj
 0001:00007b40       ___initstdio               00408b40 f   LIBCD:_file.obj
 0001:00007c70       ___endstdio                00408c70 f   LIBCD:_file.obj
 0001:00007c90       _wctomb                    00408c90 f   LIBCD:wctomb.obj
 0001:00007d30       __dosmaperr                00408d30 f   LIBCD:dosmap.obj
 0001:00007dc0       __free_osfhnd              00408dc0 f   LIBCD:osfinfo.obj
 0001:00007e90       __get_osfhandle            00408e90 f   LIBCD:osfinfo.obj
 0001:00007ef0       __fcloseall                00408ef0 f   LIBCD:closeall.obj
 0001:00007fa0       _fflush                    00408fa0 f   LIBCD:fflush.obj
 0001:00008000       __flush                    00409000 f   LIBCD:fflush.obj
 0001:000080c0       __flushall                 004090c0 f   LIBCD:fflush.obj
 0001:000081b0       __fptrap                   004091b0 f   LIBCD:crt0fp.obj
 0001:000081c0       _fclose                    004091c0 f   LIBCD:fclose.obj
 0001:000082a0       __commit                   004092a0 f   LIBCD:commit.obj
 0001:00008350       __close                    00409350 f   LIBCD:close.obj
 0001:00008440       __freebuf                  00409440 f   LIBCD:_freebuf.obj
 0001:000084d2       _RtlUnwind@16              004094d2 f   kernel32:KERNEL32.dll
 0002:00000000       __imp__GetCommandLineA@0   0040a000     kernel32:KERNEL32.dll
 0002:00000004       __imp__GetVersion@0        0040a004     kernel32:KERNEL32.dll
 0002:00000008       __imp__ExitProcess@4       0040a008     kernel32:KERNEL32.dll
 0002:0000000c       __imp__IsBadWritePtr@8     0040a00c     kernel32:KERNEL32.dll
 0002:00000010       __imp__IsBadReadPtr@8      0040a010     kernel32:KERNEL32.dll
 0002:00000014       __imp__HeapValidate@12     0040a014     kernel32:KERNEL32.dll
 0002:00000018       __imp__DebugBreak@0        0040a018     kernel32:KERNEL32.dll
 0002:0000001c       __imp__GetStdHandle@4      0040a01c     kernel32:KERNEL32.dll
 0002:00000020       __imp__WriteFile@20        0040a020     kernel32:KERNEL32.dll
 0002:00000024       __imp__InterlockedDecrement@4 0040a024     kernel32:KERNEL32.dll
 0002:00000028       __imp__OutputDebugStringA@4 0040a028     kernel32:KERNEL32.dll
 0002:0000002c       __imp__GetProcAddress@8    0040a02c     kernel32:KERNEL32.dll
 0002:00000030       __imp__LoadLibraryA@4      0040a030     kernel32:KERNEL32.dll
 0002:00000034       __imp__InterlockedIncrement@4 0040a034     kernel32:KERNEL32.dll
 0002:00000038       __imp__GetModuleFileNameA@12 0040a038     kernel32:KERNEL32.dll
 0002:0000003c       __imp__TerminateProcess@8  0040a03c     kernel32:KERNEL32.dll
 0002:00000040       __imp__GetCurrentProcess@0 0040a040     kernel32:KERNEL32.dll
 0002:00000044       __imp__UnhandledExceptionFilter@4 0040a044     kernel32:KERNEL32.dll
 0002:00000048       __imp__FreeEnvironmentStringsA@4 0040a048     kernel32:KERNEL32.dll
 0002:0000004c       __imp__FreeEnvironmentStringsW@4 0040a04c     kernel32:KERNEL32.dll
 0002:00000050       __imp__WideCharToMultiByte@32 0040a050     kernel32:KERNEL32.dll
 0002:00000054       __imp__GetEnvironmentStrings@0 0040a054     kernel32:KERNEL32.dll
 0002:00000058       __imp__GetEnvironmentStringsW@0 0040a058     kernel32:KERNEL32.dll
 0002:0000005c       __imp__SetHandleCount@4    0040a05c     kernel32:KERNEL32.dll
 0002:00000060       __imp__GetFileType@4       0040a060     kernel32:KERNEL32.dll
 0002:00000064       __imp__GetStartupInfoA@4   0040a064     kernel32:KERNEL32.dll
 0002:00000068       __imp__HeapDestroy@4       0040a068     kernel32:KERNEL32.dll
 0002:0000006c       __imp__HeapCreate@12       0040a06c     kernel32:KERNEL32.dll
 0002:00000070       __imp__HeapFree@12         0040a070     kernel32:KERNEL32.dll
 0002:00000074       __imp__VirtualFree@12      0040a074     kernel32:KERNEL32.dll
 0002:00000078       __imp__RtlUnwind@16        0040a078     kernel32:KERNEL32.dll
 0002:0000007c       __imp__HeapAlloc@12        0040a07c     kernel32:KERNEL32.dll
 0002:00000080       __imp__HeapReAlloc@16      0040a080     kernel32:KERNEL32.dll
 0002:00000084       __imp__GetLastError@0      0040a084     kernel32:KERNEL32.dll
 0002:00000088       __imp__VirtualAlloc@16     0040a088     kernel32:KERNEL32.dll
 0002:0000008c       __imp__GetCPInfo@8         0040a08c     kernel32:KERNEL32.dll
 0002:00000090       __imp__GetACP@0            0040a090     kernel32:KERNEL32.dll
 0002:00000094       __imp__GetOEMCP@0          0040a094     kernel32:KERNEL32.dll
 0002:00000098       __imp__MultiByteToWideChar@24 0040a098     kernel32:KERNEL32.dll
 0002:0000009c       __imp__GetStringTypeA@20   0040a09c     kernel32:KERNEL32.dll
 0002:000000a0       __imp__GetStringTypeW@16   0040a0a0     kernel32:KERNEL32.dll
 0002:000000a4       __imp__LCMapStringA@24     0040a0a4     kernel32:KERNEL32.dll
 0002:000000a8       __imp__LCMapStringW@24     0040a0a8     kernel32:KERNEL32.dll
 0002:000000ac       __imp__SetFilePointer@16   0040a0ac     kernel32:KERNEL32.dll
 0002:000000b0       __imp__SetStdHandle@8      0040a0b0     kernel32:KERNEL32.dll
 0002:000000b4       __imp__FlushFileBuffers@4  0040a0b4     kernel32:KERNEL32.dll
 0002:000000b8       __imp__CloseHandle@4       0040a0b8     kernel32:KERNEL32.dll
 0002:000000bc       \177KERNEL32_NULL_THUNK_DATA 0040a0bc     kernel32:KERNEL32.dll
 0002:000000c0       ??_C@_0L@OFGA@dbgdel?4cpp?$AA@ 0040a0c0     LIBCD:dbgdel.obj
 0002:000000cc       ??_C@_0CH@PHOC@_BLOCK_TYPE_IS_VALID?$CIpHead?9?$DOnBlo@ 0040a0cc     LIBCD:dbgdel.obj
 0002:00000104       ??_C@_06DPMO@Client?$AA@   0040a104     LIBCD:dbgheap.obj
 0002:0000010c       ??_C@_06BAFM@Ignore?$AA@   0040a10c     LIBCD:dbgheap.obj
 0002:00000114       ??_C@_03DICE@CRT?$AA@      0040a114     LIBCD:dbgheap.obj
 0002:00000118       ??_C@_06BILL@Normal?$AA@   0040a118     LIBCD:dbgheap.obj
 0002:00000120       ??_C@_04NEN@Free?$AA@      0040a120     LIBCD:dbgheap.obj
 0002:00000128       ??_C@_0DC@CGID@Error?3?5memory?5allocation?3?5bad?5me@ 0040a128     LIBCD:dbgheap.obj
 0002:0000015c       ??_C@_0CE@FMIA@Invalid?5allocation?5size?3?5?$CFu?5byte@ 0040a15c     LIBCD:dbgheap.obj
 0002:00000180       ??_C@_02DILL@?$CFs?$AA@    0040a180     LIBCD:dbgheap.obj
 0002:00000184       ??_C@_0CB@CPBI@Client?5hook?5allocation?5failure?4?6@ 0040a184     LIBCD:dbgheap.obj
 0002:000001a8       ??_C@_0DF@DKHF@Client?5hook?5allocation?5failure?5a@ 0040a1a8     LIBCD:dbgheap.obj
 0002:000001e0       ??_C@_09IMJC@dbgheap?4c?$AA@ 0040a1e0     LIBCD:dbgheap.obj
 0002:000001ec       ??_C@_0BC@EPKL@_CrtCheckMemory?$CI?$CJ?$AA@ 0040a1ec     LIBCD:dbgheap.obj
 0002:00000200       ??_C@_0CC@GPMO@_CrtIsValidHeapPointer?$CIpUserData@ 0040a200     LIBCD:dbgheap.obj
 0002:00000224       ??_C@_0BG@JCEC@_pFirstBlock?5?$DN?$DN?5pHead?$AA@ 0040a224     LIBCD:dbgheap.obj
 0002:0000023c       ??_C@_0BF@NLNN@_pLastBlock?5?$DN?$DN?5pHead?$AA@ 0040a23c     LIBCD:dbgheap.obj
 0002:00000254       ??_C@_0BO@PLHH@pHead?9?$DOnBlockUse?5?$DN?$DN?5nBlockUse?$AA@ 0040a254     LIBCD:dbgheap.obj
 0002:00000274       ??_C@_0DN@KKIO@pHead?9?$DOnLine?5?$DN?$DN?5IGNORE_LINE?5?$CG?$CG?5p@ 0040a274     LIBCD:dbgheap.obj
 0002:000002b4       ??_C@_0CK@OJNB@DAMAGE?3?5after?5?$CFhs?5block?5?$CI?$CD?$CFd?$CJ?5at@ 0040a2b4     LIBCD:dbgheap.obj
 0002:000002e0       ??_C@_0CL@IJIL@DAMAGE?3?5before?5?$CFhs?5block?5?$CI?$CD?$CFd?$CJ?5a@ 0040a2e0     LIBCD:dbgheap.obj
 0002:0000030c       ??_C@_0BL@MBNA@Client?5hook?5free?5failure?4?6?$AA@ 0040a30c     LIBCD:dbgheap.obj
 0002:00000328       ??_C@_0DK@EKKL@memory?5check?5error?5at?50x?$CF08X?5?$DN?50@ 0040a328     LIBCD:dbgheap.obj
 0002:00000364       ??_C@_0CJ@GCII@?$CFhs?5located?5at?50x?$CF08X?5is?5?$CFu?5byte@ 0040a364     LIBCD:dbgheap.obj
 0002:00000390       ??_C@_0CA@EJPI@?$CFhs?5allocated?5at?5file?5?$CFhs?$CI?$CFd?$CJ?4?6?$AA@ 0040a390     LIBCD:dbgheap.obj
 0002:000003b0       ??_C@_0CJ@LHHG@DAMAGE?3?5on?5top?5of?5Free?5block?5at?5@ 0040a3b0     LIBCD:dbgheap.obj
 0002:000003dc       ??_C@_07GJHM@DAMAGED?$AA@  0040a3dc     LIBCD:dbgheap.obj
 0002:000003e4       ??_C@_0CL@ODIE@_heapchk?5fails?5with?5unknown?5retu@ 0040a3e4     LIBCD:dbgheap.obj
 0002:00000410       ??_C@_0CC@EHNC@_heapchk?5fails?5with?5_HEAPBADPTR?4@ 0040a410     LIBCD:dbgheap.obj
 0002:00000434       ??_C@_0CC@JNDP@_heapchk?5fails?5with?5_HEAPBADEND?4@ 0040a434     LIBCD:dbgheap.obj
 0002:00000458       ??_C@_0CD@DNMG@_heapchk?5fails?5with?5_HEAPBADNODE@ 0040a458     LIBCD:dbgheap.obj
 0002:0000047c       ??_C@_0CE@JMCB@_heapchk?5fails?5with?5_HEAPBADBEGI@ 0040a47c     LIBCD:dbgheap.obj
 0002:000004a0       ??_C@_0CD@MEMI@Bad?5memory?5block?5found?5at?50x?$CF08X@ 0040a4a0     LIBCD:dbgheap.obj
 0002:000004c4       ??_C@_0CI@GMAO@_CrtMemCheckPoint?3?5NULL?5state?5po@ 0040a4c4     LIBCD:dbgheap.obj
 0002:000004ec       ??_C@_0BH@PKIJ@Object?5dump?5complete?4?6?$AA@ 0040a4ec     LIBCD:dbgheap.obj
 0002:00000504       ??_C@_0DB@DBPF@crt?5block?5at?50x?$CF08X?0?5subtype?5?$CFx?0@ 0040a504     LIBCD:dbgheap.obj
 0002:00000538       ??_C@_0CI@JLM@normal?5block?5at?50x?$CF08X?0?5?$CFu?5bytes@ 0040a538     LIBCD:dbgheap.obj
 0002:00000560       ??_C@_0DE@PFEA@client?5block?5at?50x?$CF08X?0?5subtype?5@ 0040a560     LIBCD:dbgheap.obj
 0002:00000594       ??_C@_06MBCE@?$HL?$CFld?$HN?5?$AA@ 0040a594     LIBCD:dbgheap.obj
 0002:0000059c       ??_C@_0L@BLDJ@?$CFhs?$CI?$CFd?$CJ?5?3?5?$AA@ 0040a59c     LIBCD:dbgheap.obj
 0002:000005a8       ??_C@_0BE@FEMA@?$CDFile?5Error?$CD?$CI?$CFd?$CJ?5?3?5?$AA@ 0040a5a8     LIBCD:dbgheap.obj
 0002:000005bc       ??_C@_0BE@FPPM@Dumping?5objects?5?9?$DO?6?$AA@ 0040a5bc     LIBCD:dbgheap.obj
 0002:000005d0       ??_C@_0BA@POLM@?5Data?3?5?$DM?$CFs?$DO?5?$CFs?6?$AA@ 0040a5d0     LIBCD:dbgheap.obj
 0002:000005e0       ??_C@_05JLAO@?$CF?42X?5?$AA@ 0040a5e0     LIBCD:dbgheap.obj
 0002:000005e8       ??_C@_0BI@KONA@Detected?5memory?5leaks?$CB?6?$AA@ 0040a5e8     LIBCD:dbgheap.obj
 0002:00000600       ??_C@_0BB@BLL@Assertion?5Failed?$AA@ 0040a600     LIBCD:dbgrpt.obj
 0002:00000614       ??_C@_05CKBG@Error?$AA@    0040a614     LIBCD:dbgrpt.obj
 0002:0000061c       ??_C@_07JCGI@Warning?$AA@  0040a61c     LIBCD:dbgrpt.obj
 0002:00000624       ??_C@_0M@ODEP@?$CFs?$CI?$CFd?$CJ?5?3?5?$CFs?$AA@ 0040a624     LIBCD:dbgrpt.obj
 0002:00000630       ??_C@_01BJG@?6?$AA@        0040a630     LIBCD:dbgrpt.obj
 0002:00000634       ??_C@_01FEHD@?$AN?$AA@     0040a634     LIBCD:dbgrpt.obj
 0002:00000638       ??_C@_0BC@OIMC@Assertion?5failed?$CB?$AA@ 0040a638     LIBCD:dbgrpt.obj
 0002:0000064c       ??_C@_0BD@BEAK@Assertion?5failed?3?5?$AA@ 0040a64c     LIBCD:dbgrpt.obj
 0002:00000660       ??_C@_0CL@LCCP@_CrtDbgReport?3?5String?5too?5long?5o@ 0040a660     LIBCD:dbgrpt.obj
 0002:0000068c       ??_C@_0DC@EMDK@Second?5Chance?5Assertion?5Failed?3?5@ 0040a68c     LIBCD:dbgrpt.obj
 0002:000006c0       ??_C@_09NJAK@wsprintfA?$AA@ 0040a6c0     LIBCD:dbgrpt.obj
 0002:000006cc       ??_C@_0L@HKL@user32?4dll?$AA@ 0040a6cc     LIBCD:dbgrpt.obj
 0002:000006d8       ??_C@_0CD@GCMD@Microsoft?5Visual?5C?$CL?$CL?5Debug?5Libra@ 0040a6d8     LIBCD:dbgrpt.obj
 0002:000006fc       ??_C@_0FD@EBDD@Debug?5?$CFs?$CB?6?6Program?3?5?$CFs?$CFs?$CFs?$CFs?$CFs?$CFs@ 0040a6fc     LIBCD:dbgrpt.obj
 0002:00000750       ??_C@_09DCKN@?6Module?3?5?$AA@ 0040a750     LIBCD:dbgrpt.obj
 0002:0000075c       ??_C@_07HJII@?6File?3?5?$AA@ 0040a75c     LIBCD:dbgrpt.obj
 0002:00000764       ??_C@_07LFGN@?6Line?3?5?$AA@ 0040a764     LIBCD:dbgrpt.obj
 0002:0000076c       ??_C@_02JJJH@?6?6?$AA@     0040a76c     LIBCD:dbgrpt.obj
 0002:00000770       ??_C@_0N@NOAB@Expression?3?5?$AA@ 0040a770     LIBCD:dbgrpt.obj
 0002:00000780       ??_C@_00A@?$AA@            0040a780     LIBCD:dbgrpt.obj
 0002:00000784       ??_C@_0HD@BHFH@?6?6For?5information?5on?5how?5your?5pr@ 0040a784     LIBCD:dbgrpt.obj
 0002:000007f8       ??_C@_03NAME@?4?4?4?$AA@   0040a7f8     LIBCD:dbgrpt.obj
 0002:000007fc       ??_C@_0BH@NNCD@?$DMprogram?5name?5unknown?$DO?$AA@ 0040a7fc     LIBCD:dbgrpt.obj
 0002:00000814       ??_C@_08GFHP@dbgrpt?4c?$AA@ 0040a814     LIBCD:dbgrpt.obj
 0002:00000820       ??_C@_0BG@FBEA@szUserMessage?5?$CB?$DN?5NULL?$AA@ 0040a820     LIBCD:dbgrpt.obj
 0002:00000838       ??_C@_09IGKD@stdenvp?4c?$AA@ 0040a838     LIBCD:stdenvp.obj
 0002:00000844       ??_C@_09MPMN@stdargv?4c?$AA@ 0040a844     LIBCD:stdargv.obj
 0002:00000850       ??_C@_07BNNE@a_env?4c?$AA@ 0040a850     LIBCD:a_env.obj
 0002:00000858       ??_C@_08KFDJ@ioinit?4c?$AA@ 0040a858     LIBCD:ioinit.obj
 0002:00000864       ??_C@_0P@GGKG@runtime?5error?5?$AA@ 0040a864     LIBCD:crt0msg.obj
 0002:00000874       ??_C@_02PIMC@?$AN?6?$AA@   0040a874     LIBCD:crt0msg.obj
 0002:00000878       ??_C@_0O@DELO@TLOSS?5error?$AN?6?$AA@ 0040a878     LIBCD:crt0msg.obj
 0002:00000888       ??_C@_0N@OMLL@SING?5error?$AN?6?$AA@ 0040a888     LIBCD:crt0msg.obj
 0002:00000898       ??_C@_0P@OJAK@DOMAIN?5error?$AN?6?$AA@ 0040a898     LIBCD:crt0msg.obj
 0002:000008a8       ??_C@_0CF@EANP@R6028?$AN?6?9?5unable?5to?5initialize?5he@ 0040a8a8     LIBCD:crt0msg.obj
 0002:000008d0       ??_C@_0DF@ECGN@R6027?$AN?6?9?5not?5enough?5space?5for?5lo@ 0040a8d0     LIBCD:crt0msg.obj
 0002:00000908       ??_C@_0DF@FKAC@R6026?$AN?6?9?5not?5enough?5space?5for?5st@ 0040a908     LIBCD:crt0msg.obj
 0002:00000940       ??_C@_0CG@DPMN@R6025?$AN?6?9?5pure?5virtual?5function?5c@ 0040a940     LIBCD:crt0msg.obj
 0002:00000968       ??_C@_0DF@CKIP@R6024?$AN?6?9?5not?5enough?5space?5for?5_o@ 0040a968     LIBCD:crt0msg.obj
 0002:000009a0       ??_C@_0CJ@GGOE@R6019?$AN?6?9?5unable?5to?5open?5console?5@ 0040a9a0     LIBCD:crt0msg.obj
 0002:000009cc       ??_C@_0CB@LBOB@R6018?$AN?6?9?5unexpected?5heap?5error?$AN?6@ 0040a9cc     LIBCD:crt0msg.obj
 0002:000009f0       ??_C@_0CN@FPEG@R6017?$AN?6?9?5unexpected?5multithread?5@ 0040a9f0     LIBCD:crt0msg.obj
 0002:00000a20       ??_C@_0CM@OBIC@R6016?$AN?6?9?5not?5enough?5space?5for?5th@ 0040aa20     LIBCD:crt0msg.obj
 0002:00000a4c       ??_C@_0CB@HPAL@?$AN?6abnormal?5program?5termination?$AN?6@ 0040aa4c     LIBCD:crt0msg.obj
 0002:00000a70       ??_C@_0CM@JOOB@R6009?$AN?6?9?5not?5enough?5space?5for?5en@ 0040aa70     LIBCD:crt0msg.obj
 0002:00000a9c       ??_C@_0CK@OIBL@R6008?$AN?6?9?5not?5enough?5space?5for?5ar@ 0040aa9c     LIBCD:crt0msg.obj
 0002:00000ac8       ??_C@_0CF@LKPB@R6002?$AN?6?9?5floating?5point?5not?5load@ 0040aac8     LIBCD:crt0msg.obj
 0002:00000af0       ??_C@_0CF@JPDF@Microsoft?5Visual?5C?$CL?$CL?5Runtime?5Lib@ 0040aaf0     LIBCD:crt0msg.obj
 0002:00000b18       ??_C@_0BK@DEOK@Runtime?5Error?$CB?6?6Program?3?5?$AA@ 0040ab18     LIBCD:crt0msg.obj
 0002:00000b34       ??_C@_0P@LNLA@format?5?$CB?$DN?5NULL?$AA@ 0040ab34     LIBCD:sprintf.obj
 0002:00000b44       ??_C@_09NEAG@sprintf?4c?$AA@ 0040ab44     LIBCD:sprintf.obj
 0002:00000b50       ??_C@_0P@OOIN@string?5?$CB?$DN?5NULL?$AA@ 0040ab50     LIBCD:sprintf.obj
 0002:00000b60       ??_C@_0L@HE@vsprintf?4c?$AA@ 0040ab60     LIBCD:vsnprint.obj
 0002:00000b6c       ??_C@_0BD@NJFP@GetLastActivePopup?$AA@ 0040ab6c     LIBCD:crtmbox.obj
 0002:00000b80       ??_C@_0BA@GILI@GetActiveWindow?$AA@ 0040ab80     LIBCD:crtmbox.obj
 0002:00000b90       ??_C@_0M@PKCK@MessageBoxA?$AA@ 0040ab90     LIBCD:crtmbox.obj
 0002:00000b9c       ??_C@_0DP@IHIN@?$CI?$CCinconsistent?5IOB?5fields?$CC?0?5stre@ 0040ab9c     LIBCD:_flsbuf.obj
 0002:00000bdc       ??_C@_09LGEI@_flsbuf?4c?$AA@ 0040abdc     LIBCD:_flsbuf.obj
 0002:00000be8       ??_C@_0M@KJPK@str?5?$CB?$DN?5NULL?$AA@ 0040abe8     LIBCD:_flsbuf.obj
 0002:00000bf4       ___lookuptable             0040abf4     LIBCD:output.obj
 0002:00000c50       ??_C@_1O@POHA@?$AA?$CI?$AAn?$AAu?$AAl?$AAl?$AA?$CJ?$AA?$AA@ 0040ac50     LIBCD:output.obj
 0002:00000c60       ??_C@_06ONKE@?$CInull?$CJ?$AA@ 0040ac60     LIBCD:output.obj
 0002:00000c68       ??_C@_08MIHI@output?4c?$AA@ 0040ac68     LIBCD:output.obj
 0002:00000c74       ??_C@_0P@PIHB@ch?5?$CB?$DN?5_T?$CI?8?20?8?$CJ?$AA@ 0040ac74     LIBCD:output.obj
 0002:00000c84       ??_C@_01A@?$AA?$AA@        0040ac84     LIBCD:a_str.obj
 0002:00000c88       ??_C@_13A@?$AA?$AA?$AA?$AA@ 0040ac88     LIBCD:a_str.obj
 0002:00000cb8       ??_C@_09EMDO@_getbuf?4c?$AA@ 0040acb8     LIBCD:_getbuf.obj
 0002:00000cc4       ??_C@_07HPAH@_file?4c?$AA@ 0040acc4     LIBCD:_file.obj
 0002:00000ccc       ??_C@_08PHBD@fclose?4c?$AA@ 0040accc     LIBCD:fclose.obj
 0002:00000cd8       ??_C@_0L@JIE@_freebuf?4c?$AA@ 0040acd8     LIBCD:_freebuf.obj
 0002:00000ce4       ??_C@_0P@FHEA@stream?5?$CB?$DN?5NULL?$AA@ 0040ace4     LIBCD:_freebuf.obj
 0002:00000cf4       __IMPORT_DESCRIPTOR_KERNEL32 0040acf4     kernel32:KERNEL32.dll
 0002:00000d08       __NULL_IMPORT_DESCRIPTOR   0040ad08     kernel32:KERNEL32.dll
 0003:00000000       ___xc_a                    0040c000     LIBCD:crt0init.obj
 0003:00000004       ___xc_z                    0040c004     LIBCD:crt0init.obj
 0003:00000008       ___xi_a                    0040c008     LIBCD:crt0init.obj
 0003:00000014       ___xi_z                    0040c014     LIBCD:crt0init.obj
 0003:00000018       ___xp_a                    0040c018     LIBCD:crt0init.obj
 0003:00000020       ___xp_z                    0040c020     LIBCD:crt0init.obj
 0003:00000024       ___xt_a                    0040c024     LIBCD:crt0init.obj
 0003:00000028       ___xt_z                    0040c028     LIBCD:crt0init.obj
 0003:00000030       __aexit_rtn                0040c030     LIBCD:crt0.obj
 0003:00000034       ___app_type                0040c034     LIBCD:crt0.obj
 0003:00000038       __crtDbgFlag               0040c038     LIBCD:dbgheap.obj
 0003:00000040       __crtBreakAlloc            0040c040     LIBCD:dbgheap.obj
 0003:0000005c       __crtAssertBusy            0040c05c     LIBCD:dbgrpt.obj
 0003:00000060       __CrtDbgMode               0040c060     LIBCD:dbgrpt.obj
 0003:0000006c       __CrtDbgFile               0040c06c     LIBCD:dbgrpt.obj
 0003:00000088       __XcptActTab               0040c088     LIBCD:winxfltr.obj
 0003:00000100       __First_FPE_Indx           0040c100     LIBCD:winxfltr.obj
 0003:00000104       __Num_FPE                  0040c104     LIBCD:winxfltr.obj
 0003:00000108       __XcptActTabCount          0040c108     LIBCD:winxfltr.obj
 0003:0000010c       __fpecode                  0040c10c     LIBCD:winxfltr.obj
 0003:00000110       ___badioinfo               0040c110     LIBCD:ioinit.obj
 0003:00000118       __amblksiz                 0040c118     LIBCD:heapinit.obj
 0003:0000011c       __NLG_Destination          0040c11c     LIBCD:exsup.obj
 0003:000001c0       __pfnAllocHook             0040c1c0     LIBCD:dbghook.obj
 0003:000001c4       ___sbh_threshold           0040c1c4     LIBCD:sbheap.obj
 0003:000001c8       __pctype                   0040c1c8     LIBCD:ctype.obj
 0003:000001cc       __pwctype                  0040c1cc     LIBCD:ctype.obj
 0003:000001d0       __ctype                    0040c1d0     LIBCD:ctype.obj
 0003:000003d4       ___mb_cur_max              0040c3d4     LIBCD:nlsdata1.obj
 0003:000003d8       ___decimal_point           0040c3d8     LIBCD:nlsdata1.obj
 0003:000003dc       ___decimal_point_length    0040c3dc     LIBCD:nlsdata1.obj
 0003:000004e0       ___nullstring              0040c4e0     LIBCD:output.obj
 0003:000004e4       ___wnullstring             0040c4e4     LIBCD:output.obj
 0003:000004f0       __iob                      0040c4f0     LIBCD:_file.obj
 0003:00000770       __cfltcvt_tab              0040c770     LIBCD:cmiscdat.obj
 0003:000008f0       __aenvptr                  0040c8f0     LIBCD:crt0.obj
 0003:000008f4       __wenvptr                  0040c8f4     LIBCD:crt0.obj
 0003:000008f8       ___error_mode              0040c8f8     LIBCD:crt0.obj
 0003:00000914       _errno                     0040c914     LIBCD:crt0dat.obj
 0003:00000918       __doserrno                 0040c918     LIBCD:crt0dat.obj
 0003:0000091c       __umaskval                 0040c91c     LIBCD:crt0dat.obj
 0003:00000920       __osver                    0040c920     LIBCD:crt0dat.obj
 0003:00000924       __winver                   0040c924     LIBCD:crt0dat.obj
 0003:00000928       __winmajor                 0040c928     LIBCD:crt0dat.obj
 0003:0000092c       __winminor                 0040c92c     LIBCD:crt0dat.obj
 0003:00000930       ___argc                    0040c930     LIBCD:crt0dat.obj
 0003:00000934       ___argv                    0040c934     LIBCD:crt0dat.obj
 0003:00000938       ___wargv                   0040c938     LIBCD:crt0dat.obj
 0003:0000093c       __environ                  0040c93c     LIBCD:crt0dat.obj
 0003:00000940       ___initenv                 0040c940     LIBCD:crt0dat.obj
 0003:00000944       __wenviron                 0040c944     LIBCD:crt0dat.obj
 0003:00000948       ___winitenv                0040c948     LIBCD:crt0dat.obj
 0003:0000094c       __pgmptr                   0040c94c     LIBCD:crt0dat.obj
 0003:00000950       __wpgmptr                  0040c950     LIBCD:crt0dat.obj
 0003:00000954       __exitflag                 0040c954     LIBCD:crt0dat.obj
 0003:00000958       __C_Termination_Done       0040c958     LIBCD:crt0dat.obj
 0003:0000095c       __C_Exit_Done              0040c95c     LIBCD:crt0dat.obj
 0003:00000964       __pxcptinfoptrs            0040c964     LIBCD:winxfltr.obj
 0003:00000a70       __adbgmsg                  0040ca70     LIBCD:crt0msg.obj
 0003:00000a74       __newmode                  0040ca74     LIBCD:_newmode.obj
 0003:00000a78       ?_pnhHeap@@3P6AHI@ZA       0040ca78     LIBCD:handler.obj
 0003:00000aa4       ___lc_handle               0040caa4     LIBCD:nlsdata2.obj
 0003:00000abc       ___lc_codepage             0040cabc     LIBCD:nlsdata2.obj
 0003:00000ac0       ___lc_collate_cp           0040cac0     LIBCD:nlsdata2.obj
 0003:00000ac8       __cflush                   0040cac8     LIBCD:_file.obj
 0003:00000acc       ___piob                    0040cacc     <common>
 0003:00000ae0       __bufin                    0040cae0     <common>
 0003:00001ae0       __nstream                  0040dae0     <common>
 0003:00001ae4       ___mbcodepage              0040dae4     <common>
 0003:00001af0       ___mbulinfo                0040daf0     <common>
 0003:00001afc       ___ismbcodepage            0040dafc     <common>
 0003:00001b00       __mbcasemap                0040db00     <common>
 0003:00001c00       __mbctype                  0040dc00     <common>
 0003:00001d04       ___mblcid                  0040dd04     <common>
 0003:00001d08       ___sbh_sizeHeaderList      0040dd08     <common>
 0003:00001d0c       ___sbh_indGroupDefer       0040dd0c     <common>
 0003:00001d10       ___sbh_pHeaderScan         0040dd10     <common>
 0003:00001d14       ___sbh_pHeaderDefer        0040dd14     <common>
 0003:00001d18       ___sbh_cntHeaderList       0040dd18     <common>
 0003:00001d1c       ___sbh_pHeaderList         0040dd1c     <common>
 0003:00001d20       __crtheap                  0040dd20     <common>
 0003:00001d40       ___pioinfo                 0040dd40     <common>
 0003:00001e40       __nhandle                  0040de40     <common>
 0003:00001e44       ___env_initialized         0040de44     <common>
 0003:00001e48       ___mbctype_initialized     0040de48     <common>
 0003:00001e4c       ___onexitend               0040de4c     <common>
 0003:00001e50       ___onexitbegin             0040de50     <common>
 0003:00001e54       __FPinit                   0040de54     <common>
 0003:00001e58       __pfnReportHook            0040de58     <common>
 0003:00001e5c       __pfnDumpClient            0040de5c     <common>
 0003:00001e60       __acmdln                   0040de60     <common>

 entry point at        0001:00000190

 Static symbols

 0001:000080d0       _flsall                    004090d0 f   LIBCD:fflush.obj
 0001:00007650       _strncnt                   00408650 f   LIBCD:a_map.obj
 0001:000072e1       L1                         004082e1 f   LIBCD:ullrem.obj
 0001:000072ef       L3                         004082ef f   LIBCD:ullrem.obj
 0001:0000731a       L4                         0040831a f   LIBCD:ullrem.obj
 0001:00007322       L5                         00408322 f   LIBCD:ullrem.obj
 0001:00007331       L2                         00408331 f   LIBCD:ullrem.obj
 0001:00007272       L1                         00408272 f   LIBCD:ulldiv.obj
 0001:00007280       L3                         00408280 f   LIBCD:ulldiv.obj
 0001:000072ae       L4                         004082ae f   LIBCD:ulldiv.obj
 0001:000072af       L5                         004082af f   LIBCD:ulldiv.obj
 0001:000072b3       L2                         004082b3 f   LIBCD:ulldiv.obj
 0001:00006f20       _write_char                00407f20 f   LIBCD:output.obj
 0001:00006fa0       _write_multi_char          00407fa0 f   LIBCD:output.obj
 0001:00006fe0       _write_string              00407fe0 f   LIBCD:output.obj
 0001:00007030       _get_int_arg               00408030 f   LIBCD:output.obj
 0001:00007050       _get_int64_arg             00408050 f   LIBCD:output.obj
 0001:00007070       _get_short_arg             00408070 f   LIBCD:output.obj
 0001:00005ca0       LeadUp1                    00406ca0 f   LIBCD:memmove.obj
 0001:00005ccc       LeadUp2                    00406ccc f   LIBCD:memmove.obj
 0001:00005cf0       LeadUp3                    00406cf0 f   LIBCD:memmove.obj
 0001:00005d6f       UnwindUp0                  00406d6f f   LIBCD:memmove.obj
 0001:00005d5c       UnwindUp1                  00406d5c f   LIBCD:memmove.obj
 0001:00005d54       UnwindUp2                  00406d54 f   LIBCD:memmove.obj
 0001:00005d4c       UnwindUp3                  00406d4c f   LIBCD:memmove.obj
 0001:00005d44       UnwindUp4                  00406d44 f   LIBCD:memmove.obj
 0001:00005d3c       UnwindUp5                  00406d3c f   LIBCD:memmove.obj
 0001:00005d34       UnwindUp6                  00406d34 f   LIBCD:memmove.obj
 0001:00005d2c       UnwindUp7                  00406d2c f   LIBCD:memmove.obj
 0001:00005d88       TrailUp0                   00406d88 f   LIBCD:memmove.obj
 0001:00005d90       TrailUp1                   00406d90 f   LIBCD:memmove.obj
 0001:00005d9c       TrailUp2                   00406d9c f   LIBCD:memmove.obj
 0001:00005db0       TrailUp3                   00406db0 f   LIBCD:memmove.obj
 0001:00005e28       LeadDown1                  00406e28 f   LIBCD:memmove.obj
 0001:00005e48       LeadDown2                  00406e48 f   LIBCD:memmove.obj
 0001:00005e70       LeadDown3                  00406e70 f   LIBCD:memmove.obj
 0001:00005ec4       UnwindDown7                00406ec4 f   LIBCD:memmove.obj
 0001:00005ecc       UnwindDown6                00406ecc f   LIBCD:memmove.obj
 0001:00005ed4       UnwindDown5                00406ed4 f   LIBCD:memmove.obj
 0001:00005edc       UnwindDown4                00406edc f   LIBCD:memmove.obj
 0001:00005ee4       UnwindDown3                00406ee4 f   LIBCD:memmove.obj
 0001:00005eec       UnwindDown2                00406eec f   LIBCD:memmove.obj
 0001:00005ef4       UnwindDown1                00406ef4 f   LIBCD:memmove.obj
 0001:00005f07       UnwindDown0                00406f07 f   LIBCD:memmove.obj
 0001:00005f20       TrailDown0                 00406f20 f   LIBCD:memmove.obj
 0001:00005f28       TrailDown1                 00406f28 f   LIBCD:memmove.obj
 0001:00005f38       TrailDown2                 00406f38 f   LIBCD:memmove.obj
 0001:00005f4c       TrailDown3                 00406f4c f   LIBCD:memmove.obj
 0001:00005c50       CopyUp                     00406c50 f   LIBCD:memmove.obj
 0001:00005c6c       CopyLeadUp                 00406c6c f   LIBCD:memmove.obj
 0001:00005c84       ByteCopyUp                 00406c84 f   LIBCD:memmove.obj
 0001:00005c8c       CopyUnwindUp               00406c8c f   LIBCD:memmove.obj
 0001:00005dc8       CopyDown                   00406dc8 f   LIBCD:memmove.obj
 0001:00005df0       CopyUnwindDown             00406df0 f   LIBCD:memmove.obj
 0001:00005dfc       CopyLeadDown               00406dfc f   LIBCD:memmove.obj
 0001:00005e14       ByteCopyDown               00406e14 f   LIBCD:memmove.obj
 0001:00005960       LeadUp1                    00406960 f   LIBCD:memcpy.obj
 0001:0000598c       LeadUp2                    0040698c f   LIBCD:memcpy.obj
 0001:000059b0       LeadUp3                    004069b0 f   LIBCD:memcpy.obj
 0001:00005a2f       UnwindUp0                  00406a2f f   LIBCD:memcpy.obj
 0001:00005a1c       UnwindUp1                  00406a1c f   LIBCD:memcpy.obj
 0001:00005a14       UnwindUp2                  00406a14 f   LIBCD:memcpy.obj
 0001:00005a0c       UnwindUp3                  00406a0c f   LIBCD:memcpy.obj
 0001:00005a04       UnwindUp4                  00406a04 f   LIBCD:memcpy.obj
 0001:000059fc       UnwindUp5                  004069fc f   LIBCD:memcpy.obj
 0001:000059f4       UnwindUp6                  004069f4 f   LIBCD:memcpy.obj
 0001:000059ec       UnwindUp7                  004069ec f   LIBCD:memcpy.obj
 0001:00005a48       TrailUp0                   00406a48 f   LIBCD:memcpy.obj
 0001:00005a50       TrailUp1                   00406a50 f   LIBCD:memcpy.obj
 0001:00005a5c       TrailUp2                   00406a5c f   LIBCD:memcpy.obj
 0001:00005a70       TrailUp3                   00406a70 f   LIBCD:memcpy.obj
 0001:00005ae8       LeadDown1                  00406ae8 f   LIBCD:memcpy.obj
 0001:00005b08       LeadDown2                  00406b08 f   LIBCD:memcpy.obj
 0001:00005b30       LeadDown3                  00406b30 f   LIBCD:memcpy.obj
 0001:00005b84       UnwindDown7                00406b84 f   LIBCD:memcpy.obj
 0001:00005b8c       UnwindDown6                00406b8c f   LIBCD:memcpy.obj
 0001:00005b94       UnwindDown5                00406b94 f   LIBCD:memcpy.obj
 0001:00005b9c       UnwindDown4                00406b9c f   LIBCD:memcpy.obj
 0001:00005ba4       UnwindDown3                00406ba4 f   LIBCD:memcpy.obj
 0001:00005bac       UnwindDown2                00406bac f   LIBCD:memcpy.obj
 0001:00005bb4       UnwindDown1                00406bb4 f   LIBCD:memcpy.obj
 0001:00005bc7       UnwindDown0                00406bc7 f   LIBCD:memcpy.obj
 0001:00005be0       TrailDown0                 00406be0 f   LIBCD:memcpy.obj
 0001:00005be8       TrailDown1                 00406be8 f   LIBCD:memcpy.obj
 0001:00005bf8       TrailDown2                 00406bf8 f   LIBCD:memcpy.obj
 0001:00005c0c       TrailDown3                 00406c0c f   LIBCD:memcpy.obj
 0001:00005910       CopyUp                     00406910 f   LIBCD:memcpy.obj
 0001:0000592c       CopyLeadUp                 0040692c f   LIBCD:memcpy.obj
 0001:00005944       ByteCopyUp                 00406944 f   LIBCD:memcpy.obj
 0001:0000594c       CopyUnwindUp               0040694c f   LIBCD:memcpy.obj
 0001:00005a88       CopyDown                   00406a88 f   LIBCD:memcpy.obj
 0001:00005ab0       CopyUnwindDown             00406ab0 f   LIBCD:memcpy.obj
 0001:00005abc       CopyLeadDown               00406abc f   LIBCD:memcpy.obj
 0001:00005ad4       ByteCopyDown               00406ad4 f   LIBCD:memcpy.obj
 0001:00005450       _getSystemCP               00406450 f   LIBCD:mbctype.obj
 0001:000054b0       _CPtoLCID                  004064b0 f   LIBCD:mbctype.obj
 0001:00005530       _setSBCS                   00406530 f   LIBCD:mbctype.obj
 0001:000055b0       _setSBUpLow                004065b0 f   LIBCD:mbctype.obj
 0001:00005074       src_misaligned             00406074 f   LIBCD:strncpy.obj
 0001:00005090       tail_loop_start            00406090 f   LIBCD:strncpy.obj
 0001:00005095       copy_tail_loop             00406095 f   LIBCD:strncpy.obj
 0001:000050a2       fill_tail_end1             004060a2 f   LIBCD:strncpy.obj
 0001:000050aa       align_dest                 004060aa f   LIBCD:strncpy.obj
 0001:000050b2       dest_align_loop            004060b2 f   LIBCD:strncpy.obj
 0001:000050c4       dest_align_loop_end        004060c4 f   LIBCD:strncpy.obj
 0001:000050cb       finish_loop                004060cb f   LIBCD:strncpy.obj
 0001:000050ce       fill_tail_zero_bytes       004060ce f   LIBCD:strncpy.obj
 0001:000050d3       finish                     004060d3 f   LIBCD:strncpy.obj
 0001:000050d9       main_loop                  004060d9 f   LIBCD:strncpy.obj
 0001:000050e1       main_loop_entrance         004060e1 f   LIBCD:strncpy.obj
 0001:00005117       byte_2                     00406117 f   LIBCD:strncpy.obj
 0001:00005121       byte_1                     00406121 f   LIBCD:strncpy.obj
 0001:0000512b       byte_0                     0040612b f   LIBCD:strncpy.obj
 0001:0000512f       fill_with_EOS_dwords       0040612f f   LIBCD:strncpy.obj
 0001:00005137       fill_dwords_with_EOS       00406137 f   LIBCD:strncpy.obj
 0001:00005139       fill_with_EOS_loop         00406139 f   LIBCD:strncpy.obj
 0001:00005141       fill_tail                  00406141 f   LIBCD:strncpy.obj
 0001:00005146       fill_tail_end              00406146 f   LIBCD:strncpy.obj
 0001:00004f30       _siglookup                 00405f30 f   LIBCD:winsig.obj
 0001:00004d40       _$$$00001                  00405d40 f   LIBCD:chkstk.obj
 0001:00004d4c       probepages                 00405d4c f   LIBCD:chkstk.obj
 0001:00004d60       lastpage                   00405d60 f   LIBCD:chkstk.obj
 0001:00004b6d       dest_misaligned            00405b6d f   LIBCD:strcat.obj
 0001:00004b7c       find_end_of_dest_string_loop 00405b7c f   LIBCD:strcat.obj
 0001:00004baf       start_byte_3               00405baf f   LIBCD:strcat.obj
 0001:00004bb4       start_byte_2               00405bb4 f   LIBCD:strcat.obj
 0001:00004bb9       start_byte_1               00405bb9 f   LIBCD:strcat.obj
 0001:00004bbe       start_byte_0               00405bbe f   LIBCD:strcat.obj
 0001:00004bcd       src_misaligned             00405bcd f   LIBCD:strcat.obj
 0001:00004be1       main_loop                  00405be1 f   LIBCD:strcat.obj
 0001:00004be6       main_loop_entrance         00405be6 f   LIBCD:strcat.obj
 0001:00004c1a       byte_3                     00405c1a f   LIBCD:strcat.obj
 0001:00004c22       byte_2                     00405c22 f   LIBCD:strcat.obj
 0001:00004c2f       byte_1                     00405c2f f   LIBCD:strcat.obj
 0001:00004c38       byte_0                     00405c38 f   LIBCD:strcat.obj
 0001:00004bc1       copy_start                 00405bc1 f   LIBCD:strcat.obj
 0001:000049dc       str_misaligned             004059dc f   LIBCD:strlen.obj
 0001:000049f0       main_loop                  004059f0 f   LIBCD:strlen.obj
 0001:00004a23       byte_3                     00405a23 f   LIBCD:strlen.obj
 0001:00004a2d       byte_2                     00405a2d f   LIBCD:strlen.obj
 0001:00004a37       byte_1                     00405a37 f   LIBCD:strlen.obj
 0001:00004a41       byte_0                     00405a41 f   LIBCD:strlen.obj
 0001:00004900       _xtoa                      00405900 f   LIBCD:xtoa.obj
 0001:00003043       adjust_loop                00404043 f   LIBCD:memset.obj
 0001:00003049       dwords                     00404049 f   LIBCD:memset.obj
 0001:00003063       main_loop_tail             00404063 f   LIBCD:memset.obj
 0001:00003067       tail                       00404067 f   LIBCD:memset.obj
 0001:0000306d       finish                     0040406d f   LIBCD:memset.obj
 0001:00003073       toend                      00404073 f   LIBCD:memset.obj
 0001:00002c28       _gu_return                 00403c28 f   LIBCD:exsup.obj
 0001:00002c30       __unwind_handler           00403c30 f   LIBCD:exsup.obj
 0001:00002260       _parse_cmdline             00403260 f   LIBCD:stdargv.obj
 0001:00001fd0       _xcptlookup                00402fd0 f   LIBCD:winxfltr.obj
 0001:00001d10       _doexit                    00402d10 f   LIBCD:crt0dat.obj
 0001:00001df0       __initterm                 00402df0 f   LIBCD:crt0dat.obj
 0001:00001980       _CrtMessageWindow          00402980 f   LIBCD:dbgrpt.obj
 0001:00000b30       _CheckBytes                00401b30 f   LIBCD:dbgheap.obj
 0001:00001440       __printMemBlockData        00402440 f   LIBCD:dbgheap.obj
 0001:000002f0       _fast_error_exit           004012f0 f   LIBCD:crt0.obj
