 test.11

 Timestamp is 4c0f8972 (Wed Jun 09 20:30:42 2010)

 Preferred load address is 00400000

 Start         Length     Name                   Class
 0001:00000000 00009878H .text                   CODE
 0001:00009880 0000000aH .text$x                 CODE
 0002:00000000 000000ccH .idata$5                DATA
 0002:000000d0 00000cc7H .rdata                  DATA
 0002:00000d98 00000044H .rdata$r                DATA
 0002:00000de0 000000d8H .xdata$x                DATA
 0002:00000eb8 00000014H .idata$2                DATA
 0002:00000ecc 00000014H .idata$3                DATA
 0002:00000ee0 000000ccH .idata$4                DATA
 0002:00000fac 00000382H .idata$6                DATA
 0002:0000132e 00000000H .edata                  DATA
 0003:00000000 00000004H .CRT$XCA                DATA
 0003:00000004 00000004H .CRT$XCZ                DATA
 0003:00000008 00000004H .CRT$XIA                DATA
 0003:0000000c 00000008H .CRT$XIC                DATA
 0003:00000014 00000004H .CRT$XIY                DATA
 0003:00000018 00000004H .CRT$XIZ                DATA
 0003:0000001c 00000004H .CRT$XPA                DATA
 0003:00000020 00000004H .CRT$XPX                DATA
 0003:00000024 00000004H .CRT$XPZ                DATA
 0003:00000028 00000004H .CRT$XTA                DATA
 0003:0000002c 00000004H .CRT$XTB                DATA
 0003:00000030 00000004H .CRT$XTZ                DATA
 0003:00000040 00000920H .data                   DATA
 0003:00000960 0000157cH .bss                    DATA

  Address         Publics by Value              Rva+Base     Lib:Object

 0001:00000000       _main                      00401000 f   test.11.obj
 0001:000000c0       ??1type_info@@UAE@XZ       004010c0 f   LIBCD:typinfo.obj
 0001:000000f0       ??_Etype_info@@UAEPAXI@Z   004010f0 f i LIBCD:typinfo.obj
 0001:000000f0       ??_Gtype_info@@UAEPAXI@Z   004010f0 f i LIBCD:typinfo.obj
 0001:00000120       ?_JumpToContinuation@@YGXPAXPAUEHRegistrationNode@@@Z 00401120 f   LIBCD:trnsctrl.obj
 0001:00000160       ?_CallMemberFunction1@@YGXPAX00@Z 00401160 f   LIBCD:trnsctrl.obj
 0001:00000160       ?_CallMemberFunction0@@YGXPAX0@Z 00401160 f   LIBCD:trnsctrl.obj
 0001:00000170       ?_CallMemberFunction2@@YGXPAX00H@Z 00401170 f   LIBCD:trnsctrl.obj
 0001:00000180       ?_UnwindNestedFrames@@YGXPAUEHRegistrationNode@@PAUEHExceptionRecord@@@Z 00401180 f   LIBCD:trnsctrl.obj
 0001:000001e0       ___CxxFrameHandler         004011e0 f   LIBCD:trnsctrl.obj
 0001:00000220       ?_CallCatchBlock2@@YAPAXPAUEHRegistrationNode@@PBU_s_FuncInfo@@PAXHK@Z 00401220 f   LIBCD:trnsctrl.obj
 0001:000002d0       ?_CallSETranslator@@YAHPAUEHExceptionRecord@@PAUEHRegistrationNode@@PAX2PBU_s_FuncInfo@@H1@Z 004012d0 f   LIBCD:trnsctrl.obj
 0001:00000430       ?_GetRangeOfTrysToCheck@@YAPBU_s_TryBlockMapEntry@@PBU_s_FuncInfo@@HHPAI1@Z 00401430 f   LIBCD:trnsctrl.obj
 0001:000004c0       __global_unwind2           004014c0 f   LIBCD:exsup.obj
 0001:00000502       __local_unwind2            00401502 f   LIBCD:exsup.obj
 0001:0000055a       __NLG_Return2              0040155a f   LIBCD:exsup.obj
 0001:0000056a       __abnormal_termination     0040156a f   LIBCD:exsup.obj
 0001:0000058d       __NLG_Notify1              0040158d f   LIBCD:exsup.obj
 0001:00000596       __NLG_Notify               00401596 f   LIBCD:exsup.obj
 0001:000005a9       __NLG_Dispatch             004015a9 f   LIBCD:exsup.obj
 0001:000005b0       __CxxThrowException@8      004015b0 f   LIBCD:throw.obj
 0001:00000600       _mainCRTStartup            00401600 f   LIBCD:crt0.obj
 0001:00000730       __amsg_exit                00401730 f   LIBCD:crt0.obj
 0001:00000790       __free_base                00401790 f   LIBCD:free.obj
 0001:000007e0       ??3@YAXPAX@Z               004017e0 f   LIBCD:dbgdel.obj
 0001:00000870       _strcmp                    00401870 f   LIBCD:strcmp.obj
 0001:00000900       ___InternalCxxFrameHandler 00401900 f   LIBCD:frame.obj
 0001:00000e70       ___FrameUnwindToState      00401e70 f   LIBCD:frame.obj
 0001:00001480       ?_DestructExceptionObject@@YAXPAUEHExceptionRecord@@E@Z 00402480 f   LIBCD:frame.obj
 0001:00001560       __CallSettingFrame@12      00402560 f   LIBCD:lowhelpr.obj
 0001:00001587       __NLG_Return               00402587 f   LIBCD:lowhelpr.obj
 0001:000015b0       ?terminate@@YAXXZ          004025b0 f   LIBCD:hooks.obj
 0001:00001640       ?_inconsistency@@YAXXZ     00402640 f   LIBCD:hooks.obj
 0001:000016d0       ?__CxxUnhandledExceptionFilter@@YGJPAU_EXCEPTION_POINTERS@@@Z 004026d0 f   LIBCD:unhandld.obj
 0001:00001730       ?__CxxSetUnhandledExceptionFilter@@YAXXZ 00402730 f   LIBCD:unhandld.obj
 0001:00001750       ?__CxxRestoreUnhandledExceptionFilter@@YAXXZ 00402750 f   LIBCD:unhandld.obj
 0001:00001770       __cinit                    00402770 f   LIBCD:crt0dat.obj
 0001:000017b0       _exit                      004027b0 f   LIBCD:crt0dat.obj
 0001:000017d0       __exit                     004027d0 f   LIBCD:crt0dat.obj
 0001:00001900       __XcptFilter               00402900 f   LIBCD:winxfltr.obj
 0001:00001b10       __setenvp                  00402b10 f   LIBCD:stdenvp.obj
 0001:00001c60       __setargv                  00402c60 f   LIBCD:stdargv.obj
 0001:00002170       ___crtGetEnvironmentStringsA 00403170 f   LIBCD:a_env.obj
 0001:00002390       __ioinit                   00403390 f   LIBCD:ioinit.obj
 0001:000026a0       __heap_init                004036a0 f   LIBCD:heapinit.obj
 0001:000026f8       __except_handler3          004036f8 f   LIBCD:exsup3.obj
 0001:000027b5       __seh_longjmp_unwind@4     004037b5 f   LIBCD:exsup3.obj
 0001:000027d0       __FF_MSGBANNER             004037d0 f   LIBCD:crt0msg.obj
 0001:00002820       __NMSG_WRITE               00403820 f   LIBCD:crt0msg.obj
 0001:000029e0       ___sbh_heap_init           004039e0 f   LIBCD:sbheap.obj
 0001:00002a40       ___sbh_find_block          00403a40 f   LIBCD:sbheap.obj
 0001:00002aa0       ___sbh_verify_block        00403aa0 f   LIBCD:sbheap.obj
 0001:00002b00       ___sbh_free_block          00403b00 f   LIBCD:sbheap.obj
 0001:000030d0       ___sbh_alloc_block         004040d0 f   LIBCD:sbheap.obj
 0001:00003610       ___sbh_alloc_new_region    00404610 f   LIBCD:sbheap.obj
 0001:00003720       ___sbh_alloc_new_group     00404720 f   LIBCD:sbheap.obj
 0001:00003910       ___sbh_heap_check          00404910 f   LIBCD:sbheap.obj
 0001:00003f30       __malloc_dbg               00404f30 f   LIBCD:dbgheap.obj
 0001:00003f60       __nh_malloc_dbg            00404f60 f   LIBCD:dbgheap.obj
 0001:00003fb0       __heap_alloc_dbg           00404fb0 f   LIBCD:dbgheap.obj
 0001:000042d0       __calloc_dbg               004052d0 f   LIBCD:dbgheap.obj
 0001:00004330       __free_dbg                 00405330 f   LIBCD:dbgheap.obj
 0001:000047b0       __CrtCheckMemory           004057b0 f   LIBCD:dbgheap.obj
 0001:00004b10       __CrtSetDbgFlag            00405b10 f   LIBCD:dbgheap.obj
 0001:00004b40       __CrtIsValidPointer        00405b40 f   LIBCD:dbgheap.obj
 0001:00004b90       __CrtIsValidHeapPointer    00405b90 f   LIBCD:dbgheap.obj
 0001:00004c20       __CrtMemCheckpoint         00405c20 f   LIBCD:dbgheap.obj
 0001:00004d80       __CrtMemDumpAllObjectsSince 00405d80 f   LIBCD:dbgheap.obj
 0001:00005150       __CrtDumpMemoryLeaks       00406150 f   LIBCD:dbgheap.obj
 0001:000051d0       __CrtDbgBreak              004061d0 f   LIBCD:dbgrpt.obj
 0001:000051e0       __CrtDbgReport             004061e0 f   LIBCD:dbgrpt.obj
 0001:00005880       ?_ValidateRead@@YAHPBXI@Z  00406880 f   LIBCD:validate.obj
 0001:000058b0       ?_ValidateWrite@@YAHPAXI@Z 004068b0 f   LIBCD:validate.obj
 0001:000058e0       ?_ValidateExecute@@YAHP6GHXZ@Z 004068e0 f   LIBCD:validate.obj
 0001:00005910       _memmove                   00406910 f   LIBCD:memmove.obj
 0001:00005c50       _abort                     00406c50 f   LIBCD:abort.obj
 0001:00005c70       _strcpy                    00406c70 f   LIBCD:strcat.obj
 0001:00005c80       _strcat                    00406c80 f   LIBCD:strcat.obj
 0001:00005d60       _strlen                    00406d60 f   LIBCD:strlen.obj
 0001:00005de0       __setmbcp                  00406de0 f   LIBCD:mbctype.obj
 0001:00006550       ___initmbctable            00407550 f   LIBCD:mbctype.obj
 0001:00006580       _memcpy                    00407580 f   LIBCD:memcpy.obj
 0001:000068c0       ___crtMessageBoxA          004078c0 f   LIBCD:crtmbox.obj
 0001:00006980       _strncpy                   00407980 f   LIBCD:strncpy.obj
 0001:00006a80       __callnewh                 00407a80 f   LIBCD:handler.obj
 0001:00006ab0       _memset                    00407ab0 f   LIBCD:memset.obj
 0001:00006b10       __heap_alloc_base          00407b10 f   LIBCD:malloc.obj
 0001:00006b70       __CrtDefaultAllocHook      00407b70 f   LIBCD:dbghook.obj
 0001:00006b80       __heapchk                  00407b80 f   LIBCD:heapchk.obj
 0001:00006be0       _sprintf                   00407be0 f   LIBCD:sprintf.obj
 0001:00006ce0       __isctype                  00407ce0 f   LIBCD:isctype.obj
 0001:00006da0       __itoa                     00407da0 f   LIBCD:xtoa.obj
 0001:00006ec0       __snprintf                 00407ec0 f   LIBCD:snprintf.obj
 0001:00006fc0       __vsnprintf                00407fc0 f   LIBCD:vsnprint.obj
 0001:000070c0       __chkstk                   004080c0 f   LIBCD:chkstk.obj
 0001:000070c0       __alloca_probe             004080c0 f   LIBCD:chkstk.obj
 0001:000070f0       _raise                     004080f0 f   LIBCD:winsig.obj
 0001:00007310       ___crtLCMapStringA         00408310 f   LIBCD:a_map.obj
 0001:00007670       ___crtGetStringTypeA       00408670 f   LIBCD:a_str.obj
 0001:00007830       __flsbuf                   00408830 f   LIBCD:_flsbuf.obj
 0001:00007ab0       __output                   00408ab0 f   LIBCD:output.obj
 0001:00008950       __aulldiv                  00409950 f   LIBCD:ulldiv.obj
 0001:000089c0       __aullrem                  004099c0 f   LIBCD:ullrem.obj
 0001:00008a40       __lseek                    00409a40 f   LIBCD:lseek.obj
 0001:00008b30       __write                    00409b30 f   LIBCD:write.obj
 0001:00008de0       __getbuf                   00409de0 f   LIBCD:_getbuf.obj
 0001:00008eb0       __isatty                   00409eb0 f   LIBCD:isatty.obj
 0001:00008ee0       ___initstdio               00409ee0 f   LIBCD:_file.obj
 0001:00009010       ___endstdio                0040a010 f   LIBCD:_file.obj
 0001:00009030       _wctomb                    0040a030 f   LIBCD:wctomb.obj
 0001:000090d0       __dosmaperr                0040a0d0 f   LIBCD:dosmap.obj
 0001:00009160       __free_osfhnd              0040a160 f   LIBCD:osfinfo.obj
 0001:00009230       __get_osfhandle            0040a230 f   LIBCD:osfinfo.obj
 0001:00009290       __fcloseall                0040a290 f   LIBCD:closeall.obj
 0001:00009340       _fflush                    0040a340 f   LIBCD:fflush.obj
 0001:000093a0       __flush                    0040a3a0 f   LIBCD:fflush.obj
 0001:00009460       __flushall                 0040a460 f   LIBCD:fflush.obj
 0001:00009550       __fptrap                   0040a550 f   LIBCD:crt0fp.obj
 0001:00009560       _fclose                    0040a560 f   LIBCD:fclose.obj
 0001:00009640       __commit                   0040a640 f   LIBCD:commit.obj
 0001:000096f0       __close                    0040a6f0 f   LIBCD:close.obj
 0001:000097e0       __freebuf                  0040a7e0 f   LIBCD:_freebuf.obj
 0001:00009872       _RtlUnwind@16              0040a872 f   kernel32:KERNEL32.dll
 0002:00000000       __imp__RtlUnwind@16        0040b000     kernel32:KERNEL32.dll
 0002:00000004       __imp__RaiseException@16   0040b004     kernel32:KERNEL32.dll
 0002:00000008       __imp__GetCommandLineA@0   0040b008     kernel32:KERNEL32.dll
 0002:0000000c       __imp__GetVersion@0        0040b00c     kernel32:KERNEL32.dll
 0002:00000010       __imp__ExitProcess@4       0040b010     kernel32:KERNEL32.dll
 0002:00000014       __imp__HeapFree@12         0040b014     kernel32:KERNEL32.dll
 0002:00000018       __imp__SetUnhandledExceptionFilter@4 0040b018     kernel32:KERNEL32.dll
 0002:0000001c       __imp__TerminateProcess@8  0040b01c     kernel32:KERNEL32.dll
 0002:00000020       __imp__GetCurrentProcess@0 0040b020     kernel32:KERNEL32.dll
 0002:00000024       __imp__UnhandledExceptionFilter@4 0040b024     kernel32:KERNEL32.dll
 0002:00000028       __imp__GetModuleFileNameA@12 0040b028     kernel32:KERNEL32.dll
 0002:0000002c       __imp__FreeEnvironmentStringsA@4 0040b02c     kernel32:KERNEL32.dll
 0002:00000030       __imp__FreeEnvironmentStringsW@4 0040b030     kernel32:KERNEL32.dll
 0002:00000034       __imp__WideCharToMultiByte@32 0040b034     kernel32:KERNEL32.dll
 0002:00000038       __imp__GetEnvironmentStrings@0 0040b038     kernel32:KERNEL32.dll
 0002:0000003c       __imp__GetEnvironmentStringsW@0 0040b03c     kernel32:KERNEL32.dll
 0002:00000040       __imp__SetHandleCount@4    0040b040     kernel32:KERNEL32.dll
 0002:00000044       __imp__GetStdHandle@4      0040b044     kernel32:KERNEL32.dll
 0002:00000048       __imp__GetFileType@4       0040b048     kernel32:KERNEL32.dll
 0002:0000004c       __imp__GetStartupInfoA@4   0040b04c     kernel32:KERNEL32.dll
 0002:00000050       __imp__HeapDestroy@4       0040b050     kernel32:KERNEL32.dll
 0002:00000054       __imp__HeapCreate@12       0040b054     kernel32:KERNEL32.dll
 0002:00000058       __imp__VirtualFree@12      0040b058     kernel32:KERNEL32.dll
 0002:0000005c       __imp__WriteFile@20        0040b05c     kernel32:KERNEL32.dll
 0002:00000060       __imp__HeapAlloc@12        0040b060     kernel32:KERNEL32.dll
 0002:00000064       __imp__VirtualAlloc@16     0040b064     kernel32:KERNEL32.dll
 0002:00000068       __imp__HeapReAlloc@16      0040b068     kernel32:KERNEL32.dll
 0002:0000006c       __imp__IsBadWritePtr@8     0040b06c     kernel32:KERNEL32.dll
 0002:00000070       __imp__IsBadReadPtr@8      0040b070     kernel32:KERNEL32.dll
 0002:00000074       __imp__HeapValidate@12     0040b074     kernel32:KERNEL32.dll
 0002:00000078       __imp__DebugBreak@0        0040b078     kernel32:KERNEL32.dll
 0002:0000007c       __imp__InterlockedDecrement@4 0040b07c     kernel32:KERNEL32.dll
 0002:00000080       __imp__OutputDebugStringA@4 0040b080     kernel32:KERNEL32.dll
 0002:00000084       __imp__GetProcAddress@8    0040b084     kernel32:KERNEL32.dll
 0002:00000088       __imp__LoadLibraryA@4      0040b088     kernel32:KERNEL32.dll
 0002:0000008c       __imp__InterlockedIncrement@4 0040b08c     kernel32:KERNEL32.dll
 0002:00000090       __imp__IsBadCodePtr@4      0040b090     kernel32:KERNEL32.dll
 0002:00000094       __imp__GetCPInfo@8         0040b094     kernel32:KERNEL32.dll
 0002:00000098       __imp__GetACP@0            0040b098     kernel32:KERNEL32.dll
 0002:0000009c       __imp__GetOEMCP@0          0040b09c     kernel32:KERNEL32.dll
 0002:000000a0       __imp__GetLastError@0      0040b0a0     kernel32:KERNEL32.dll
 0002:000000a4       __imp__MultiByteToWideChar@24 0040b0a4     kernel32:KERNEL32.dll
 0002:000000a8       __imp__LCMapStringA@24     0040b0a8     kernel32:KERNEL32.dll
 0002:000000ac       __imp__LCMapStringW@24     0040b0ac     kernel32:KERNEL32.dll
 0002:000000b0       __imp__GetStringTypeA@20   0040b0b0     kernel32:KERNEL32.dll
 0002:000000b4       __imp__GetStringTypeW@16   0040b0b4     kernel32:KERNEL32.dll
 0002:000000b8       __imp__SetFilePointer@16   0040b0b8     kernel32:KERNEL32.dll
 0002:000000bc       __imp__SetStdHandle@8      0040b0bc     kernel32:KERNEL32.dll
 0002:000000c0       __imp__FlushFileBuffers@4  0040b0c0     kernel32:KERNEL32.dll
 0002:000000c4       __imp__CloseHandle@4       0040b0c4     kernel32:KERNEL32.dll
 0002:000000c8       \177KERNEL32_NULL_THUNK_DATA 0040b0c8     kernel32:KERNEL32.dll
 0002:000000d4       ??_7type_info@@6B@         0040b0d4     LIBCD:typinfo.obj
 0002:00000104       ??_C@_0L@OFGA@dbgdel?4cpp?$AA@ 0040b104     LIBCD:dbgdel.obj
 0002:00000110       ??_C@_0CH@PHOC@_BLOCK_TYPE_IS_VALID?$CIpHead?9?$DOnBlo@ 0040b110     LIBCD:dbgdel.obj
 0002:000001b0       ??_C@_09IGKD@stdenvp?4c?$AA@ 0040b1b0     LIBCD:stdenvp.obj
 0002:000001bc       ??_C@_09MPMN@stdargv?4c?$AA@ 0040b1bc     LIBCD:stdargv.obj
 0002:000001c8       ??_C@_07BNNE@a_env?4c?$AA@ 0040b1c8     LIBCD:a_env.obj
 0002:000001d0       ??_C@_08KFDJ@ioinit?4c?$AA@ 0040b1d0     LIBCD:ioinit.obj
 0002:000001dc       ??_C@_0P@GGKG@runtime?5error?5?$AA@ 0040b1dc     LIBCD:crt0msg.obj
 0002:000001ec       ??_C@_02PIMC@?$AN?6?$AA@   0040b1ec     LIBCD:crt0msg.obj
 0002:000001f0       ??_C@_0O@DELO@TLOSS?5error?$AN?6?$AA@ 0040b1f0     LIBCD:crt0msg.obj
 0002:00000200       ??_C@_0N@OMLL@SING?5error?$AN?6?$AA@ 0040b200     LIBCD:crt0msg.obj
 0002:00000210       ??_C@_0P@OJAK@DOMAIN?5error?$AN?6?$AA@ 0040b210     LIBCD:crt0msg.obj
 0002:00000220       ??_C@_0CF@EANP@R6028?$AN?6?9?5unable?5to?5initialize?5he@ 0040b220     LIBCD:crt0msg.obj
 0002:00000248       ??_C@_0DF@ECGN@R6027?$AN?6?9?5not?5enough?5space?5for?5lo@ 0040b248     LIBCD:crt0msg.obj
 0002:00000280       ??_C@_0DF@FKAC@R6026?$AN?6?9?5not?5enough?5space?5for?5st@ 0040b280     LIBCD:crt0msg.obj
 0002:000002b8       ??_C@_0CG@DPMN@R6025?$AN?6?9?5pure?5virtual?5function?5c@ 0040b2b8     LIBCD:crt0msg.obj
 0002:000002e0       ??_C@_0DF@CKIP@R6024?$AN?6?9?5not?5enough?5space?5for?5_o@ 0040b2e0     LIBCD:crt0msg.obj
 0002:00000318       ??_C@_0CJ@GGOE@R6019?$AN?6?9?5unable?5to?5open?5console?5@ 0040b318     LIBCD:crt0msg.obj
 0002:00000344       ??_C@_0CB@LBOB@R6018?$AN?6?9?5unexpected?5heap?5error?$AN?6@ 0040b344     LIBCD:crt0msg.obj
 0002:00000368       ??_C@_0CN@FPEG@R6017?$AN?6?9?5unexpected?5multithread?5@ 0040b368     LIBCD:crt0msg.obj
 0002:00000398       ??_C@_0CM@OBIC@R6016?$AN?6?9?5not?5enough?5space?5for?5th@ 0040b398     LIBCD:crt0msg.obj
 0002:000003c4       ??_C@_0CB@HPAL@?$AN?6abnormal?5program?5termination?$AN?6@ 0040b3c4     LIBCD:crt0msg.obj
 0002:000003e8       ??_C@_0CM@JOOB@R6009?$AN?6?9?5not?5enough?5space?5for?5en@ 0040b3e8     LIBCD:crt0msg.obj
 0002:00000414       ??_C@_0CK@OIBL@R6008?$AN?6?9?5not?5enough?5space?5for?5ar@ 0040b414     LIBCD:crt0msg.obj
 0002:00000440       ??_C@_0CF@LKPB@R6002?$AN?6?9?5floating?5point?5not?5load@ 0040b440     LIBCD:crt0msg.obj
 0002:00000468       ??_C@_0CF@JPDF@Microsoft?5Visual?5C?$CL?$CL?5Runtime?5Lib@ 0040b468     LIBCD:crt0msg.obj
 0002:00000490       ??_C@_02JJJH@?6?6?$AA@     0040b490     LIBCD:crt0msg.obj
 0002:00000494       ??_C@_0BK@DEOK@Runtime?5Error?$CB?6?6Program?3?5?$AA@ 0040b494     LIBCD:crt0msg.obj
 0002:000004b0       ??_C@_03NAME@?4?4?4?$AA@   0040b4b0     LIBCD:crt0msg.obj
 0002:000004b4       ??_C@_0BH@NNCD@?$DMprogram?5name?5unknown?$DO?$AA@ 0040b4b4     LIBCD:crt0msg.obj
 0002:000004cc       ??_C@_06DPMO@Client?$AA@   0040b4cc     LIBCD:dbgheap.obj
 0002:000004d4       ??_C@_06BAFM@Ignore?$AA@   0040b4d4     LIBCD:dbgheap.obj
 0002:000004dc       ??_C@_03DICE@CRT?$AA@      0040b4dc     LIBCD:dbgheap.obj
 0002:000004e0       ??_C@_06BILL@Normal?$AA@   0040b4e0     LIBCD:dbgheap.obj
 0002:000004e8       ??_C@_04NEN@Free?$AA@      0040b4e8     LIBCD:dbgheap.obj
 0002:000004f0       ??_C@_0DC@CGID@Error?3?5memory?5allocation?3?5bad?5me@ 0040b4f0     LIBCD:dbgheap.obj
 0002:00000524       ??_C@_0CE@FMIA@Invalid?5allocation?5size?3?5?$CFu?5byte@ 0040b524     LIBCD:dbgheap.obj
 0002:00000548       ??_C@_02DILL@?$CFs?$AA@    0040b548     LIBCD:dbgheap.obj
 0002:0000054c       ??_C@_0CB@CPBI@Client?5hook?5allocation?5failure?4?6@ 0040b54c     LIBCD:dbgheap.obj
 0002:00000570       ??_C@_0DF@DKHF@Client?5hook?5allocation?5failure?5a@ 0040b570     LIBCD:dbgheap.obj
 0002:000005a8       ??_C@_09IMJC@dbgheap?4c?$AA@ 0040b5a8     LIBCD:dbgheap.obj
 0002:000005b4       ??_C@_0BC@EPKL@_CrtCheckMemory?$CI?$CJ?$AA@ 0040b5b4     LIBCD:dbgheap.obj
 0002:000005c8       ??_C@_0CC@GPMO@_CrtIsValidHeapPointer?$CIpUserData@ 0040b5c8     LIBCD:dbgheap.obj
 0002:000005ec       ??_C@_0BG@JCEC@_pFirstBlock?5?$DN?$DN?5pHead?$AA@ 0040b5ec     LIBCD:dbgheap.obj
 0002:00000604       ??_C@_0BF@NLNN@_pLastBlock?5?$DN?$DN?5pHead?$AA@ 0040b604     LIBCD:dbgheap.obj
 0002:0000061c       ??_C@_0BO@PLHH@pHead?9?$DOnBlockUse?5?$DN?$DN?5nBlockUse?$AA@ 0040b61c     LIBCD:dbgheap.obj
 0002:0000063c       ??_C@_0DN@KKIO@pHead?9?$DOnLine?5?$DN?$DN?5IGNORE_LINE?5?$CG?$CG?5p@ 0040b63c     LIBCD:dbgheap.obj
 0002:0000067c       ??_C@_0CK@OJNB@DAMAGE?3?5after?5?$CFhs?5block?5?$CI?$CD?$CFd?$CJ?5at@ 0040b67c     LIBCD:dbgheap.obj
 0002:000006a8       ??_C@_0CL@IJIL@DAMAGE?3?5before?5?$CFhs?5block?5?$CI?$CD?$CFd?$CJ?5a@ 0040b6a8     LIBCD:dbgheap.obj
 0002:000006d4       ??_C@_0BL@MBNA@Client?5hook?5free?5failure?4?6?$AA@ 0040b6d4     LIBCD:dbgheap.obj
 0002:000006f0       ??_C@_0DK@EKKL@memory?5check?5error?5at?50x?$CF08X?5?$DN?50@ 0040b6f0     LIBCD:dbgheap.obj
 0002:0000072c       ??_C@_0CJ@GCII@?$CFhs?5located?5at?50x?$CF08X?5is?5?$CFu?5byte@ 0040b72c     LIBCD:dbgheap.obj
 0002:00000758       ??_C@_0CA@EJPI@?$CFhs?5allocated?5at?5file?5?$CFhs?$CI?$CFd?$CJ?4?6?$AA@ 0040b758     LIBCD:dbgheap.obj
 0002:00000778       ??_C@_0CJ@LHHG@DAMAGE?3?5on?5top?5of?5Free?5block?5at?5@ 0040b778     LIBCD:dbgheap.obj
 0002:000007a4       ??_C@_07GJHM@DAMAGED?$AA@  0040b7a4     LIBCD:dbgheap.obj
 0002:000007ac       ??_C@_0CL@ODIE@_heapchk?5fails?5with?5unknown?5retu@ 0040b7ac     LIBCD:dbgheap.obj
 0002:000007d8       ??_C@_0CC@EHNC@_heapchk?5fails?5with?5_HEAPBADPTR?4@ 0040b7d8     LIBCD:dbgheap.obj
 0002:000007fc       ??_C@_0CC@JNDP@_heapchk?5fails?5with?5_HEAPBADEND?4@ 0040b7fc     LIBCD:dbgheap.obj
 0002:00000820       ??_C@_0CD@DNMG@_heapchk?5fails?5with?5_HEAPBADNODE@ 0040b820     LIBCD:dbgheap.obj
 0002:00000844       ??_C@_0CE@JMCB@_heapchk?5fails?5with?5_HEAPBADBEGI@ 0040b844     LIBCD:dbgheap.obj
 0002:00000868       ??_C@_0CD@MEMI@Bad?5memory?5block?5found?5at?50x?$CF08X@ 0040b868     LIBCD:dbgheap.obj
 0002:0000088c       ??_C@_0CI@GMAO@_CrtMemCheckPoint?3?5NULL?5state?5po@ 0040b88c     LIBCD:dbgheap.obj
 0002:000008b4       ??_C@_0BH@PKIJ@Object?5dump?5complete?4?6?$AA@ 0040b8b4     LIBCD:dbgheap.obj
 0002:000008cc       ??_C@_0DB@DBPF@crt?5block?5at?50x?$CF08X?0?5subtype?5?$CFx?0@ 0040b8cc     LIBCD:dbgheap.obj
 0002:00000900       ??_C@_0CI@JLM@normal?5block?5at?50x?$CF08X?0?5?$CFu?5bytes@ 0040b900     LIBCD:dbgheap.obj
 0002:00000928       ??_C@_0DE@PFEA@client?5block?5at?50x?$CF08X?0?5subtype?5@ 0040b928     LIBCD:dbgheap.obj
 0002:0000095c       ??_C@_06MBCE@?$HL?$CFld?$HN?5?$AA@ 0040b95c     LIBCD:dbgheap.obj
 0002:00000964       ??_C@_0L@BLDJ@?$CFhs?$CI?$CFd?$CJ?5?3?5?$AA@ 0040b964     LIBCD:dbgheap.obj
 0002:00000970       ??_C@_0BE@FEMA@?$CDFile?5Error?$CD?$CI?$CFd?$CJ?5?3?5?$AA@ 0040b970     LIBCD:dbgheap.obj
 0002:00000984       ??_C@_0BE@FPPM@Dumping?5objects?5?9?$DO?6?$AA@ 0040b984     LIBCD:dbgheap.obj
 0002:00000998       ??_C@_0BA@POLM@?5Data?3?5?$DM?$CFs?$DO?5?$CFs?6?$AA@ 0040b998     LIBCD:dbgheap.obj
 0002:000009a8       ??_C@_05JLAO@?$CF?42X?5?$AA@ 0040b9a8     LIBCD:dbgheap.obj
 0002:000009b0       ??_C@_0BI@KONA@Detected?5memory?5leaks?$CB?6?$AA@ 0040b9b0     LIBCD:dbgheap.obj
 0002:000009c8       ??_C@_0BB@BLL@Assertion?5Failed?$AA@ 0040b9c8     LIBCD:dbgrpt.obj
 0002:000009dc       ??_C@_05CKBG@Error?$AA@    0040b9dc     LIBCD:dbgrpt.obj
 0002:000009e4       ??_C@_07JCGI@Warning?$AA@  0040b9e4     LIBCD:dbgrpt.obj
 0002:000009ec       ??_C@_0M@ODEP@?$CFs?$CI?$CFd?$CJ?5?3?5?$CFs?$AA@ 0040b9ec     LIBCD:dbgrpt.obj
 0002:000009f8       ??_C@_01BJG@?6?$AA@        0040b9f8     LIBCD:dbgrpt.obj
 0002:000009fc       ??_C@_01FEHD@?$AN?$AA@     0040b9fc     LIBCD:dbgrpt.obj
 0002:00000a00       ??_C@_0BC@OIMC@Assertion?5failed?$CB?$AA@ 0040ba00     LIBCD:dbgrpt.obj
 0002:00000a14       ??_C@_0BD@BEAK@Assertion?5failed?3?5?$AA@ 0040ba14     LIBCD:dbgrpt.obj
 0002:00000a28       ??_C@_0CL@LCCP@_CrtDbgReport?3?5String?5too?5long?5o@ 0040ba28     LIBCD:dbgrpt.obj
 0002:00000a54       ??_C@_0DC@EMDK@Second?5Chance?5Assertion?5Failed?3?5@ 0040ba54     LIBCD:dbgrpt.obj
 0002:00000a88       ??_C@_09NJAK@wsprintfA?$AA@ 0040ba88     LIBCD:dbgrpt.obj
 0002:00000a94       ??_C@_0L@HKL@user32?4dll?$AA@ 0040ba94     LIBCD:dbgrpt.obj
 0002:00000aa0       ??_C@_0CD@GCMD@Microsoft?5Visual?5C?$CL?$CL?5Debug?5Libra@ 0040baa0     LIBCD:dbgrpt.obj
 0002:00000ac4       ??_C@_0FD@EBDD@Debug?5?$CFs?$CB?6?6Program?3?5?$CFs?$CFs?$CFs?$CFs?$CFs?$CFs@ 0040bac4     LIBCD:dbgrpt.obj
 0002:00000b18       ??_C@_09DCKN@?6Module?3?5?$AA@ 0040bb18     LIBCD:dbgrpt.obj
 0002:00000b24       ??_C@_07HJII@?6File?3?5?$AA@ 0040bb24     LIBCD:dbgrpt.obj
 0002:00000b2c       ??_C@_07LFGN@?6Line?3?5?$AA@ 0040bb2c     LIBCD:dbgrpt.obj
 0002:00000b34       ??_C@_0N@NOAB@Expression?3?5?$AA@ 0040bb34     LIBCD:dbgrpt.obj
 0002:00000b44       ??_C@_00A@?$AA@            0040bb44     LIBCD:dbgrpt.obj
 0002:00000b48       ??_C@_0HD@BHFH@?6?6For?5information?5on?5how?5your?5pr@ 0040bb48     LIBCD:dbgrpt.obj
 0002:00000bbc       ??_C@_08GFHP@dbgrpt?4c?$AA@ 0040bbbc     LIBCD:dbgrpt.obj
 0002:00000bc8       ??_C@_0BG@FBEA@szUserMessage?5?$CB?$DN?5NULL?$AA@ 0040bbc8     LIBCD:dbgrpt.obj
 0002:00000be0       ??_C@_0BD@NJFP@GetLastActivePopup?$AA@ 0040bbe0     LIBCD:crtmbox.obj
 0002:00000bf4       ??_C@_0BA@GILI@GetActiveWindow?$AA@ 0040bbf4     LIBCD:crtmbox.obj
 0002:00000c04       ??_C@_0M@PKCK@MessageBoxA?$AA@ 0040bc04     LIBCD:crtmbox.obj
 0002:00000c10       ??_C@_0P@LNLA@format?5?$CB?$DN?5NULL?$AA@ 0040bc10     LIBCD:sprintf.obj
 0002:00000c20       ??_C@_09NEAG@sprintf?4c?$AA@ 0040bc20     LIBCD:sprintf.obj
 0002:00000c2c       ??_C@_0P@OOIN@string?5?$CB?$DN?5NULL?$AA@ 0040bc2c     LIBCD:sprintf.obj
 0002:00000c3c       ??_C@_0L@HE@vsprintf?4c?$AA@ 0040bc3c     LIBCD:vsnprint.obj
 0002:00000c48       ??_C@_01A@?$AA?$AA@        0040bc48     LIBCD:a_map.obj
 0002:00000c4c       ??_C@_13A@?$AA?$AA?$AA?$AA@ 0040bc4c     LIBCD:a_map.obj
 0002:00000c74       ??_C@_0DP@IHIN@?$CI?$CCinconsistent?5IOB?5fields?$CC?0?5stre@ 0040bc74     LIBCD:_flsbuf.obj
 0002:00000cb4       ??_C@_09LGEI@_flsbuf?4c?$AA@ 0040bcb4     LIBCD:_flsbuf.obj
 0002:00000cc0       ??_C@_0M@KJPK@str?5?$CB?$DN?5NULL?$AA@ 0040bcc0     LIBCD:_flsbuf.obj
 0002:00000ccc       ___lookuptable             0040bccc     LIBCD:output.obj
 0002:00000d28       ??_C@_1O@POHA@?$AA?$CI?$AAn?$AAu?$AAl?$AAl?$AA?$CJ?$AA?$AA@ 0040bd28     LIBCD:output.obj
 0002:00000d38       ??_C@_06ONKE@?$CInull?$CJ?$AA@ 0040bd38     LIBCD:output.obj
 0002:00000d40       ??_C@_08MIHI@output?4c?$AA@ 0040bd40     LIBCD:output.obj
 0002:00000d4c       ??_C@_0P@PIHB@ch?5?$CB?$DN?5_T?$CI?8?20?8?$CJ?$AA@ 0040bd4c     LIBCD:output.obj
 0002:00000d5c       ??_C@_09EMDO@_getbuf?4c?$AA@ 0040bd5c     LIBCD:_getbuf.obj
 0002:00000d68       ??_C@_07HPAH@_file?4c?$AA@ 0040bd68     LIBCD:_file.obj
 0002:00000d70       ??_C@_08PHBD@fclose?4c?$AA@ 0040bd70     LIBCD:fclose.obj
 0002:00000d7c       ??_C@_0L@JIE@_freebuf?4c?$AA@ 0040bd7c     LIBCD:_freebuf.obj
 0002:00000d88       ??_C@_0P@FHEA@stream?5?$CB?$DN?5NULL?$AA@ 0040bd88     LIBCD:_freebuf.obj
 0002:00000d98       ??_R1A@?0A@A@type_info@@8  0040bd98     LIBCD:typinfo.obj
 0002:00000db0       ??_R2type_info@@8          0040bdb0     LIBCD:typinfo.obj
 0002:00000db8       ??_R3type_info@@8          0040bdb8     LIBCD:typinfo.obj
 0002:00000dc8       ??_R4type_info@@6B@        0040bdc8     LIBCD:typinfo.obj
 0002:00000de0       __CT??_R0?AVCError@@@84    0040bde0     test.11.obj
 0002:00000e00       __CTA1?AVCError@@          0040be00     test.11.obj
 0002:00000e08       __CT??_R0H@84              0040be08     test.11.obj
 0002:00000e28       __CTA1H                    0040be28     test.11.obj
 0002:00000e30       __TI1?AVCError@@           0040be30     test.11.obj
 0002:00000e40       __TI1H                     0040be40     test.11.obj
 0002:00000eb8       __IMPORT_DESCRIPTOR_KERNEL32 0040beb8     kernel32:KERNEL32.dll
 0002:00000ecc       __NULL_IMPORT_DESCRIPTOR   0040becc     kernel32:KERNEL32.dll
 0003:00000000       ___xc_a                    0040d000     LIBCD:crt0init.obj
 0003:00000004       ___xc_z                    0040d004     LIBCD:crt0init.obj
 0003:00000008       ___xi_a                    0040d008     LIBCD:crt0init.obj
 0003:00000018       ___xi_z                    0040d018     LIBCD:crt0init.obj
 0003:0000001c       ___xp_a                    0040d01c     LIBCD:crt0init.obj
 0003:00000024       ___xp_z                    0040d024     LIBCD:crt0init.obj
 0003:00000028       ___xt_a                    0040d028     LIBCD:crt0init.obj
 0003:00000030       ___xt_z                    0040d030     LIBCD:crt0init.obj
 0003:00000040       ??_R0?AVCError@@@8         0040d040     test.11.obj
 0003:00000058       ??_R0H@8                   0040d058     test.11.obj
 0003:00000068       ??_R0?AVtype_info@@@8      0040d068     LIBCD:typinfo.obj
 0003:00000080       __NLG_Destination          0040d080     LIBCD:exsup.obj
 0003:00000090       ?__pMyUnhandledExceptionFilter@@3PAXA 0040d090     LIBCD:throw.obj
 0003:00000094       __aexit_rtn                0040d094     LIBCD:crt0.obj
 0003:00000098       ___app_type                0040d098     LIBCD:crt0.obj
 0003:000000b0       ?__pUnexpected@@3P6AXXZA   0040d0b0     LIBCD:hooks.obj
 0003:000000b4       ?__pInconsistency@@3P6AXXZA 0040d0b4     LIBCD:hooks.obj
 0003:000000b8       __XcptActTab               0040d0b8     LIBCD:winxfltr.obj
 0003:00000130       __First_FPE_Indx           0040d130     LIBCD:winxfltr.obj
 0003:00000134       __Num_FPE                  0040d134     LIBCD:winxfltr.obj
 0003:00000138       __XcptActTabCount          0040d138     LIBCD:winxfltr.obj
 0003:0000013c       __fpecode                  0040d13c     LIBCD:winxfltr.obj
 0003:00000140       ___badioinfo               0040d140     LIBCD:ioinit.obj
 0003:00000148       __amblksiz                 0040d148     LIBCD:heapinit.obj
 0003:000001e0       ___sbh_threshold           0040d1e0     LIBCD:sbheap.obj
 0003:000001e4       __crtDbgFlag               0040d1e4     LIBCD:dbgheap.obj
 0003:000001ec       __crtBreakAlloc            0040d1ec     LIBCD:dbgheap.obj
 0003:00000208       __crtAssertBusy            0040d208     LIBCD:dbgrpt.obj
 0003:0000020c       __CrtDbgMode               0040d20c     LIBCD:dbgrpt.obj
 0003:00000218       __CrtDbgFile               0040d218     LIBCD:dbgrpt.obj
 0003:00000330       __pfnAllocHook             0040d330     LIBCD:dbghook.obj
 0003:00000334       __pctype                   0040d334     LIBCD:ctype.obj
 0003:00000338       __pwctype                  0040d338     LIBCD:ctype.obj
 0003:0000033c       __ctype                    0040d33c     LIBCD:ctype.obj
 0003:00000540       ___mb_cur_max              0040d540     LIBCD:nlsdata1.obj
 0003:00000544       ___decimal_point           0040d544     LIBCD:nlsdata1.obj
 0003:00000548       ___decimal_point_length    0040d548     LIBCD:nlsdata1.obj
 0003:00000550       ___nullstring              0040d550     LIBCD:output.obj
 0003:00000554       ___wnullstring             0040d554     LIBCD:output.obj
 0003:00000560       __iob                      0040d560     LIBCD:_file.obj
 0003:000007e0       __cfltcvt_tab              0040d7e0     LIBCD:cmiscdat.obj
 0003:00000960       __aenvptr                  0040d960     LIBCD:crt0.obj
 0003:00000964       __wenvptr                  0040d964     LIBCD:crt0.obj
 0003:00000968       ___error_mode              0040d968     LIBCD:crt0.obj
 0003:0000096c       ?_pCurrentException@@3PAUEHExceptionRecord@@A 0040d96c     LIBCD:frame.obj
 0003:00000970       ?_pCurrentExContext@@3PAU_CONTEXT@@A 0040d970     LIBCD:frame.obj
 0003:00000974       ?__pSETranslator@@3P6AXIPAU_EXCEPTION_POINTERS@@@ZA 0040d974     LIBCD:hooks.obj
 0003:00000978       ?__pTerminate@@3P6AXXZA    0040d978     LIBCD:hooks.obj
 0003:00000980       _errno                     0040d980     LIBCD:crt0dat.obj
 0003:00000984       __doserrno                 0040d984     LIBCD:crt0dat.obj
 0003:00000988       __umaskval                 0040d988     LIBCD:crt0dat.obj
 0003:0000098c       __osver                    0040d98c     LIBCD:crt0dat.obj
 0003:00000990       __winver                   0040d990     LIBCD:crt0dat.obj
 0003:00000994       __winmajor                 0040d994     LIBCD:crt0dat.obj
 0003:00000998       __winminor                 0040d998     LIBCD:crt0dat.obj
 0003:0000099c       ___argc                    0040d99c     LIBCD:crt0dat.obj
 0003:000009a0       ___argv                    0040d9a0     LIBCD:crt0dat.obj
 0003:000009a4       ___wargv                   0040d9a4     LIBCD:crt0dat.obj
 0003:000009a8       __environ                  0040d9a8     LIBCD:crt0dat.obj
 0003:000009ac       ___initenv                 0040d9ac     LIBCD:crt0dat.obj
 0003:000009b0       __wenviron                 0040d9b0     LIBCD:crt0dat.obj
 0003:000009b4       ___winitenv                0040d9b4     LIBCD:crt0dat.obj
 0003:000009b8       __pgmptr                   0040d9b8     LIBCD:crt0dat.obj
 0003:000009bc       __wpgmptr                  0040d9bc     LIBCD:crt0dat.obj
 0003:000009c0       __exitflag                 0040d9c0     LIBCD:crt0dat.obj
 0003:000009c4       __C_Termination_Done       0040d9c4     LIBCD:crt0dat.obj
 0003:000009c8       __C_Exit_Done              0040d9c8     LIBCD:crt0dat.obj
 0003:000009d0       __pxcptinfoptrs            0040d9d0     LIBCD:winxfltr.obj
 0003:00000adc       __adbgmsg                  0040dadc     LIBCD:crt0msg.obj
 0003:00000b08       __newmode                  0040db08     LIBCD:_newmode.obj
 0003:00000b0c       ?_pnhHeap@@3P6AHI@ZA       0040db0c     LIBCD:handler.obj
 0003:00000b24       ___lc_handle               0040db24     LIBCD:nlsdata2.obj
 0003:00000b3c       ___lc_codepage             0040db3c     LIBCD:nlsdata2.obj
 0003:00000b40       ___lc_collate_cp           0040db40     LIBCD:nlsdata2.obj
 0003:00000b4c       __cflush                   0040db4c     LIBCD:_file.obj
 0003:00000b50       ___piob                    0040db50     <common>
 0003:00000b60       __bufin                    0040db60     <common>
 0003:00001b60       __nstream                  0040eb60     <common>
 0003:00001b64       ___mbcodepage              0040eb64     <common>
 0003:00001b70       ___mbulinfo                0040eb70     <common>
 0003:00001b7c       ___ismbcodepage            0040eb7c     <common>
 0003:00001b80       __mbcasemap                0040eb80     <common>
 0003:00001c80       __mbctype                  0040ec80     <common>
 0003:00001d84       ___mblcid                  0040ed84     <common>
 0003:00001d88       __pfnReportHook            0040ed88     <common>
 0003:00001d8c       __pfnDumpClient            0040ed8c     <common>
 0003:00001d90       ___sbh_sizeHeaderList      0040ed90     <common>
 0003:00001d94       ___sbh_indGroupDefer       0040ed94     <common>
 0003:00001d98       ___sbh_pHeaderScan         0040ed98     <common>
 0003:00001d9c       ___sbh_pHeaderDefer        0040ed9c     <common>
 0003:00001da0       ___sbh_cntHeaderList       0040eda0     <common>
 0003:00001da4       ___sbh_pHeaderList         0040eda4     <common>
 0003:00001da8       __crtheap                  0040eda8     <common>
 0003:00001dc0       ___pioinfo                 0040edc0     <common>
 0003:00001ec0       __nhandle                  0040eec0     <common>
 0003:00001ec4       ___env_initialized         0040eec4     <common>
 0003:00001ec8       ___mbctype_initialized     0040eec8     <common>
 0003:00001ecc       ___onexitend               0040eecc     <common>
 0003:00001ed0       ___onexitbegin             0040eed0     <common>
 0003:00001ed4       __FPinit                   0040eed4     <common>
 0003:00001ed8       __acmdln                   0040eed8     <common>

 entry point at        0001:00000600

 Static symbols

 0001:00009470       _flsall                    0040a470 f   LIBCD:fflush.obj
 0001:000089e1       L1                         004099e1 f   LIBCD:ullrem.obj
 0001:000089ef       L3                         004099ef f   LIBCD:ullrem.obj
 0001:00008a1a       L4                         00409a1a f   LIBCD:ullrem.obj
 0001:00008a22       L5                         00409a22 f   LIBCD:ullrem.obj
 0001:00008a31       L2                         00409a31 f   LIBCD:ullrem.obj
 0001:00008972       L1                         00409972 f   LIBCD:ulldiv.obj
 0001:00008980       L3                         00409980 f   LIBCD:ulldiv.obj
 0001:000089ae       L4                         004099ae f   LIBCD:ulldiv.obj
 0001:000089af       L5                         004099af f   LIBCD:ulldiv.obj
 0001:000089b3       L2                         004099b3 f   LIBCD:ulldiv.obj
 0001:000087e0       _write_char                004097e0 f   LIBCD:output.obj
 0001:00008860       _write_multi_char          00409860 f   LIBCD:output.obj
 0001:000088a0       _write_string              004098a0 f   LIBCD:output.obj
 0001:000088f0       _get_int_arg               004098f0 f   LIBCD:output.obj
 0001:00008910       _get_int64_arg             00409910 f   LIBCD:output.obj
 0001:00008930       _get_short_arg             00409930 f   LIBCD:output.obj
 0001:00007620       _strncnt                   00408620 f   LIBCD:a_map.obj
 0001:000072b0       _siglookup                 004082b0 f   LIBCD:winsig.obj
 0001:000070c0       _$$$00001                  004080c0 f   LIBCD:chkstk.obj
 0001:000070cc       probepages                 004080cc f   LIBCD:chkstk.obj
 0001:000070e0       lastpage                   004080e0 f   LIBCD:chkstk.obj
 0001:00006df0       _xtoa                      00407df0 f   LIBCD:xtoa.obj
 0001:00006ad3       adjust_loop                00407ad3 f   LIBCD:memset.obj
 0001:00006ad9       dwords                     00407ad9 f   LIBCD:memset.obj
 0001:00006af3       main_loop_tail             00407af3 f   LIBCD:memset.obj
 0001:00006af7       tail                       00407af7 f   LIBCD:memset.obj
 0001:00006afd       finish                     00407afd f   LIBCD:memset.obj
 0001:00006b03       toend                      00407b03 f   LIBCD:memset.obj
 0001:000069a4       src_misaligned             004079a4 f   LIBCD:strncpy.obj
 0001:000069c0       tail_loop_start            004079c0 f   LIBCD:strncpy.obj
 0001:000069c5       copy_tail_loop             004079c5 f   LIBCD:strncpy.obj
 0001:000069d2       fill_tail_end1             004079d2 f   LIBCD:strncpy.obj
 0001:000069da       align_dest                 004079da f   LIBCD:strncpy.obj
 0001:000069e2       dest_align_loop            004079e2 f   LIBCD:strncpy.obj
 0001:000069f4       dest_align_loop_end        004079f4 f   LIBCD:strncpy.obj
 0001:000069fb       finish_loop                004079fb f   LIBCD:strncpy.obj
 0001:000069fe       fill_tail_zero_bytes       004079fe f   LIBCD:strncpy.obj
 0001:00006a03       finish                     00407a03 f   LIBCD:strncpy.obj
 0001:00006a09       main_loop                  00407a09 f   LIBCD:strncpy.obj
 0001:00006a11       main_loop_entrance         00407a11 f   LIBCD:strncpy.obj
 0001:00006a47       byte_2                     00407a47 f   LIBCD:strncpy.obj
 0001:00006a51       byte_1                     00407a51 f   LIBCD:strncpy.obj
 0001:00006a5b       byte_0                     00407a5b f   LIBCD:strncpy.obj
 0001:00006a5f       fill_with_EOS_dwords       00407a5f f   LIBCD:strncpy.obj
 0001:00006a67       fill_dwords_with_EOS       00407a67 f   LIBCD:strncpy.obj
 0001:00006a69       fill_with_EOS_loop         00407a69 f   LIBCD:strncpy.obj
 0001:00006a71       fill_tail                  00407a71 f   LIBCD:strncpy.obj
 0001:00006a76       fill_tail_end              00407a76 f   LIBCD:strncpy.obj
 0001:000065f0       LeadUp1                    004075f0 f   LIBCD:memcpy.obj
 0001:0000661c       LeadUp2                    0040761c f   LIBCD:memcpy.obj
 0001:00006640       LeadUp3                    00407640 f   LIBCD:memcpy.obj
 0001:000066bf       UnwindUp0                  004076bf f   LIBCD:memcpy.obj
 0001:000066ac       UnwindUp1                  004076ac f   LIBCD:memcpy.obj
 0001:000066a4       UnwindUp2                  004076a4 f   LIBCD:memcpy.obj
 0001:0000669c       UnwindUp3                  0040769c f   LIBCD:memcpy.obj
 0001:00006694       UnwindUp4                  00407694 f   LIBCD:memcpy.obj
 0001:0000668c       UnwindUp5                  0040768c f   LIBCD:memcpy.obj
 0001:00006684       UnwindUp6                  00407684 f   LIBCD:memcpy.obj
 0001:0000667c       UnwindUp7                  0040767c f   LIBCD:memcpy.obj
 0001:000066d8       TrailUp0                   004076d8 f   LIBCD:memcpy.obj
 0001:000066e0       TrailUp1                   004076e0 f   LIBCD:memcpy.obj
 0001:000066ec       TrailUp2                   004076ec f   LIBCD:memcpy.obj
 0001:00006700       TrailUp3                   00407700 f   LIBCD:memcpy.obj
 0001:00006778       LeadDown1                  00407778 f   LIBCD:memcpy.obj
 0001:00006798       LeadDown2                  00407798 f   LIBCD:memcpy.obj
 0001:000067c0       LeadDown3                  004077c0 f   LIBCD:memcpy.obj
 0001:00006814       UnwindDown7                00407814 f   LIBCD:memcpy.obj
 0001:0000681c       UnwindDown6                0040781c f   LIBCD:memcpy.obj
 0001:00006824       UnwindDown5                00407824 f   LIBCD:memcpy.obj
 0001:0000682c       UnwindDown4                0040782c f   LIBCD:memcpy.obj
 0001:00006834       UnwindDown3                00407834 f   LIBCD:memcpy.obj
 0001:0000683c       UnwindDown2                0040783c f   LIBCD:memcpy.obj
 0001:00006844       UnwindDown1                00407844 f   LIBCD:memcpy.obj
 0001:00006857       UnwindDown0                00407857 f   LIBCD:memcpy.obj
 0001:00006870       TrailDown0                 00407870 f   LIBCD:memcpy.obj
 0001:00006878       TrailDown1                 00407878 f   LIBCD:memcpy.obj
 0001:00006888       TrailDown2                 00407888 f   LIBCD:memcpy.obj
 0001:0000689c       TrailDown3                 0040789c f   LIBCD:memcpy.obj
 0001:000065a0       CopyUp                     004075a0 f   LIBCD:memcpy.obj
 0001:000065bc       CopyLeadUp                 004075bc f   LIBCD:memcpy.obj
 0001:000065d4       ByteCopyUp                 004075d4 f   LIBCD:memcpy.obj
 0001:000065dc       CopyUnwindUp               004075dc f   LIBCD:memcpy.obj
 0001:00006718       CopyDown                   00407718 f   LIBCD:memcpy.obj
 0001:00006740       CopyUnwindDown             00407740 f   LIBCD:memcpy.obj
 0001:0000674c       CopyLeadDown               0040774c f   LIBCD:memcpy.obj
 0001:00006764       ByteCopyDown               00407764 f   LIBCD:memcpy.obj
 0001:000060e0       _getSystemCP               004070e0 f   LIBCD:mbctype.obj
 0001:00006140       _CPtoLCID                  00407140 f   LIBCD:mbctype.obj
 0001:000061c0       _setSBCS                   004071c0 f   LIBCD:mbctype.obj
 0001:00006240       _setSBUpLow                00407240 f   LIBCD:mbctype.obj
 0001:00005d6c       str_misaligned             00406d6c f   LIBCD:strlen.obj
 0001:00005d80       main_loop                  00406d80 f   LIBCD:strlen.obj
 0001:00005db3       byte_3                     00406db3 f   LIBCD:strlen.obj
 0001:00005dbd       byte_2                     00406dbd f   LIBCD:strlen.obj
 0001:00005dc7       byte_1                     00406dc7 f   LIBCD:strlen.obj
 0001:00005dd1       byte_0                     00406dd1 f   LIBCD:strlen.obj
 0001:00005c8d       dest_misaligned            00406c8d f   LIBCD:strcat.obj
 0001:00005c9c       find_end_of_dest_string_loop 00406c9c f   LIBCD:strcat.obj
 0001:00005ccf       start_byte_3               00406ccf f   LIBCD:strcat.obj
 0001:00005cd4       start_byte_2               00406cd4 f   LIBCD:strcat.obj
 0001:00005cd9       start_byte_1               00406cd9 f   LIBCD:strcat.obj
 0001:00005cde       start_byte_0               00406cde f   LIBCD:strcat.obj
 0001:00005ced       src_misaligned             00406ced f   LIBCD:strcat.obj
 0001:00005d01       main_loop                  00406d01 f   LIBCD:strcat.obj
 0001:00005d06       main_loop_entrance         00406d06 f   LIBCD:strcat.obj
 0001:00005d3a       byte_3                     00406d3a f   LIBCD:strcat.obj
 0001:00005d42       byte_2                     00406d42 f   LIBCD:strcat.obj
 0001:00005d4f       byte_1                     00406d4f f   LIBCD:strcat.obj
 0001:00005d58       byte_0                     00406d58 f   LIBCD:strcat.obj
 0001:00005ce1       copy_start                 00406ce1 f   LIBCD:strcat.obj
 0001:00005980       LeadUp1                    00406980 f   LIBCD:memmove.obj
 0001:000059ac       LeadUp2                    004069ac f   LIBCD:memmove.obj
 0001:000059d0       LeadUp3                    004069d0 f   LIBCD:memmove.obj
 0001:00005a4f       UnwindUp0                  00406a4f f   LIBCD:memmove.obj
 0001:00005a3c       UnwindUp1                  00406a3c f   LIBCD:memmove.obj
 0001:00005a34       UnwindUp2                  00406a34 f   LIBCD:memmove.obj
 0001:00005a2c       UnwindUp3                  00406a2c f   LIBCD:memmove.obj
 0001:00005a24       UnwindUp4                  00406a24 f   LIBCD:memmove.obj
 0001:00005a1c       UnwindUp5                  00406a1c f   LIBCD:memmove.obj
 0001:00005a14       UnwindUp6                  00406a14 f   LIBCD:memmove.obj
 0001:00005a0c       UnwindUp7                  00406a0c f   LIBCD:memmove.obj
 0001:00005a68       TrailUp0                   00406a68 f   LIBCD:memmove.obj
 0001:00005a70       TrailUp1                   00406a70 f   LIBCD:memmove.obj
 0001:00005a7c       TrailUp2                   00406a7c f   LIBCD:memmove.obj
 0001:00005a90       TrailUp3                   00406a90 f   LIBCD:memmove.obj
 0001:00005b08       LeadDown1                  00406b08 f   LIBCD:memmove.obj
 0001:00005b28       LeadDown2                  00406b28 f   LIBCD:memmove.obj
 0001:00005b50       LeadDown3                  00406b50 f   LIBCD:memmove.obj
 0001:00005ba4       UnwindDown7                00406ba4 f   LIBCD:memmove.obj
 0001:00005bac       UnwindDown6                00406bac f   LIBCD:memmove.obj
 0001:00005bb4       UnwindDown5                00406bb4 f   LIBCD:memmove.obj
 0001:00005bbc       UnwindDown4                00406bbc f   LIBCD:memmove.obj
 0001:00005bc4       UnwindDown3                00406bc4 f   LIBCD:memmove.obj
 0001:00005bcc       UnwindDown2                00406bcc f   LIBCD:memmove.obj
 0001:00005bd4       UnwindDown1                00406bd4 f   LIBCD:memmove.obj
 0001:00005be7       UnwindDown0                00406be7 f   LIBCD:memmove.obj
 0001:00005c00       TrailDown0                 00406c00 f   LIBCD:memmove.obj
 0001:00005c08       TrailDown1                 00406c08 f   LIBCD:memmove.obj
 0001:00005c18       TrailDown2                 00406c18 f   LIBCD:memmove.obj
 0001:00005c2c       TrailDown3                 00406c2c f   LIBCD:memmove.obj
 0001:00005930       CopyUp                     00406930 f   LIBCD:memmove.obj
 0001:0000594c       CopyLeadUp                 0040694c f   LIBCD:memmove.obj
 0001:00005964       ByteCopyUp                 00406964 f   LIBCD:memmove.obj
 0001:0000596c       CopyUnwindUp               0040696c f   LIBCD:memmove.obj
 0001:00005aa8       CopyDown                   00406aa8 f   LIBCD:memmove.obj
 0001:00005ad0       CopyUnwindDown             00406ad0 f   LIBCD:memmove.obj
 0001:00005adc       CopyLeadDown               00406adc f   LIBCD:memmove.obj
 0001:00005af4       ByteCopyDown               00406af4 f   LIBCD:memmove.obj
 0001:00005570       _CrtMessageWindow          00406570 f   LIBCD:dbgrpt.obj
 0001:00004720       _CheckBytes                00405720 f   LIBCD:dbgheap.obj
 0001:00005030       __printMemBlockData        00406030 f   LIBCD:dbgheap.obj
 0001:00001d40       _parse_cmdline             00402d40 f   LIBCD:stdargv.obj
 0001:00001ab0       _xcptlookup                00402ab0 f   LIBCD:winxfltr.obj
 0001:000017f0       _doexit                    004027f0 f   LIBCD:crt0dat.obj
 0001:000018d0       __initterm                 004028d0 f   LIBCD:crt0dat.obj
 0001:000009f0       ?FindHandler@@YAXPAUEHExceptionRecord@@PAUEHRegistrationNode@@PAU_CONTEXT@@PAXPBU_s_FuncInfo@@EH1@Z 004019f0 f   LIBCD:frame.obj
 0001:00000c90       ?FindHandlerForForeignException@@YAXPAUEHExceptionRecord@@PAUEHRegistrationNode@@PAU_CONTEXT@@PAXPBU_s_FuncInfo@@HH1@Z 00401c90 f   LIBCD:frame.obj
 0001:00000db0       ?TypeMatch@@YAHPBU_s_HandlerType@@PBU_s_CatchableType@@PBU_s_ThrowInfo@@@Z 00401db0 f   LIBCD:frame.obj
 0001:00000f70       ?FrameUnwindFilter@@YAHPAU_EXCEPTION_POINTERS@@@Z 00401f70 f   LIBCD:frame.obj
 0001:00000fa0       ?CatchIt@@YAXPAUEHExceptionRecord@@PAUEHRegistrationNode@@PAU_CONTEXT@@PAXPBU_s_FuncInfo@@PBU_s_HandlerType@@PBU_s_CatchableType@@PBU_s_TryBlockMapEntry@@H1E@Z 00401fa0 f   LIBCD:frame.obj
 0001:00001060       ?CallCatchBlock@@YAPAXPAUEHExceptionRecord@@PAUEHRegistrationNode@@PAU_CONTEXT@@PBU_s_FuncInfo@@PAXHK@Z 00402060 f   LIBCD:frame.obj
 0001:000011b0       ?ExFilterRethrow@@YAHPAU_EXCEPTION_POINTERS@@@Z 004021b0 f   LIBCD:frame.obj
 0001:00001200       ?BuildCatchObject@@YAXPAUEHExceptionRecord@@PAUEHRegistrationNode@@PBU_s_HandlerType@@PBU_s_CatchableType@@@Z 00402200 f   LIBCD:frame.obj
 0001:00001510       ?AdjustPointer@@YAPAXPAXABUPMD@@@Z 00402510 f   LIBCD:frame.obj
 0001:00000880       dodwords                   00401880 f   LIBCD:strcmp.obj
 0001:000008b0       doneeq                     004018b0 f   LIBCD:strcmp.obj
 0001:000008b4       donene                     004018b4 f   LIBCD:strcmp.obj
 0001:000008bc       dopartial                  004018bc f   LIBCD:strcmp.obj
 0001:000008d8       doword                     004018d8 f   LIBCD:strcmp.obj
 0001:00000760       _fast_error_exit           00401760 f   LIBCD:crt0.obj
 0001:000004d8       _gu_return                 004014d8 f   LIBCD:exsup.obj
 0001:000004e0       __unwind_handler           004014e0 f   LIBCD:exsup.obj
 0001:00000290       ?CatchGuardHandler@@YA?AW4_EXCEPTION_DISPOSITION@@PAUEHExceptionRecord@@PAUCatchGuardRN@@PAX2@Z 00401290 f   LIBCD:trnsctrl.obj
 0001:000003a0       ?TranslatorGuardHandler@@YA?AW4_EXCEPTION_DISPOSITION@@PAUEHExceptionRecord@@PAUTranslatorGuardRN@@PAX2@Z 004013a0 f   LIBCD:trnsctrl.obj

 7 bytes saved through ICF

