 test.10

 Timestamp is 4c16dc73 (Tue Jun 15 09:50:43 2010)

 Preferred load address is 00400000

 Start         Length     Name                   Class
 0001:00000000 00008af8H .text                   CODE
 0002:00000000 000000ccH .idata$5                DATA
 0002:000000d0 00000d37H .rdata                  DATA
 0002:00000e08 00000214H .rdata$r                DATA
 0002:00001020 000000a0H .xdata$x                DATA
 0002:000010c0 00000014H .idata$2                DATA
 0002:000010d4 00000014H .idata$3                DATA
 0002:000010e8 000000ccH .idata$4                DATA
 0002:000011b4 00000382H .idata$6                DATA
 0002:00001536 00000000H .edata                  DATA
 0003:00000000 00000004H .CRT$XCA                DATA
 0003:00000004 00000004H .CRT$XCZ                DATA
 0003:00000008 00000004H .CRT$XIA                DATA
 0003:0000000c 00000008H .CRT$XIC                DATA
 0003:00000014 00000004H .CRT$XIY                DATA
 0003:00000018 00000004H .CRT$XIZ                DATA
 0003:0000001c 00000004H .CRT$XPA                DATA
 0003:00000020 00000004H .CRT$XPX                DATA
 0003:00000024 00000004H .CRT$XPZ                DATA
 0003:00000028 00000004H .CRT$XTA                DATA
 0003:0000002c 00000004H .CRT$XTB                DATA
 0003:00000030 00000004H .CRT$XTZ                DATA
 0003:00000040 00000990H .data                   DATA
 0003:000009d0 0000156cH .bss                    DATA

  Address         Publics by Value              Rva+Base     Lib:Object

 0001:00000000       _main                      00401000 f   test.10.obj
 0001:00000040       ?Draw@CShape@@EAEXXZ       00401040 f i test.10.obj
 0001:00000050       ??1type_info@@UAE@XZ       00401050 f   LIBCD:typinfo.obj
 0001:00000080       ??_Gtype_info@@UAEPAXI@Z   00401080 f i LIBCD:typinfo.obj
 0001:00000080       ??_Etype_info@@UAEPAXI@Z   00401080 f i LIBCD:typinfo.obj
 0001:000000b0       ??0__non_rtti_object@@QAE@PBD@Z 004010b0 f i LIBCD:rtti.obj
 0001:000000e0       ??0bad_typeid@@QAE@PBD@Z   004010e0 f i LIBCD:rtti.obj
 0001:00000110       ??_Gbad_typeid@@UAEPAXI@Z  00401110 f i LIBCD:rtti.obj
 0001:00000110       ??_Ebad_typeid@@UAEPAXI@Z  00401110 f i LIBCD:rtti.obj
 0001:00000140       ??1bad_typeid@@UAE@XZ      00401140 f i LIBCD:rtti.obj
 0001:00000160       ??_G__non_rtti_object@@UAEPAXI@Z 00401160 f i LIBCD:rtti.obj
 0001:00000160       ??_E__non_rtti_object@@UAEPAXI@Z 00401160 f i LIBCD:rtti.obj
 0001:00000190       ??1__non_rtti_object@@UAE@XZ 00401190 f i LIBCD:rtti.obj
 0001:000001b0       ??0__non_rtti_object@@QAE@ABV0@@Z 004011b0 f i LIBCD:rtti.obj
 0001:000001e0       ??0bad_typeid@@QAE@ABV0@@Z 004011e0 f i LIBCD:rtti.obj
 0001:00000210       ___RTtypeid                00401210 f   LIBCD:rtti.obj
 0001:00000300       _mainCRTStartup            00401300 f   LIBCD:crt0.obj
 0001:00000430       __amsg_exit                00401430 f   LIBCD:crt0.obj
 0001:00000490       __free_base                00401490 f   LIBCD:free.obj
 0001:000004e0       ??3@YAXPAX@Z               004014e0 f   LIBCD:dbgdel.obj
 0001:00000570       _strcmp                    00401570 f   LIBCD:strcmp.obj
 0001:00000600       ??_Eexception@@UAEPAXI@Z   00401600 f i LIBCD:stdexcpt.obj
 0001:00000600       ??_Gexception@@UAEPAXI@Z   00401600 f i LIBCD:stdexcpt.obj
 0001:00000630       ??0exception@@QAE@ABQBD@Z  00401630 f   LIBCD:stdexcpt.obj
 0001:000006a0       ??0exception@@QAE@ABV0@@Z  004016a0 f   LIBCD:stdexcpt.obj
 0001:00000730       ??1exception@@UAE@XZ       00401730 f   LIBCD:stdexcpt.obj
 0001:00000770       ?what@exception@@UBEPBDXZ  00401770 f   LIBCD:stdexcpt.obj
 0001:00000794       __global_unwind2           00401794 f   LIBCD:exsup.obj
 0001:000007d6       __local_unwind2            004017d6 f   LIBCD:exsup.obj
 0001:0000082e       __NLG_Return2              0040182e f   LIBCD:exsup.obj
 0001:0000083e       __abnormal_termination     0040183e f   LIBCD:exsup.obj
 0001:00000861       __NLG_Notify1              00401861 f   LIBCD:exsup.obj
 0001:0000086a       __NLG_Notify               0040186a f   LIBCD:exsup.obj
 0001:0000087d       __NLG_Dispatch             0040187d f   LIBCD:exsup.obj
 0001:0000088c       __except_handler3          0040188c f   LIBCD:exsup3.obj
 0001:00000949       __seh_longjmp_unwind@4     00401949 f   LIBCD:exsup3.obj
 0001:00000970       __CxxThrowException@8      00401970 f   LIBCD:throw.obj
 0001:000009c0       __cinit                    004019c0 f   LIBCD:crt0dat.obj
 0001:00000a00       _exit                      00401a00 f   LIBCD:crt0dat.obj
 0001:00000a20       __exit                     00401a20 f   LIBCD:crt0dat.obj
 0001:00000b50       __XcptFilter               00401b50 f   LIBCD:winxfltr.obj
 0001:00000d60       __setenvp                  00401d60 f   LIBCD:stdenvp.obj
 0001:00000eb0       __setargv                  00401eb0 f   LIBCD:stdargv.obj
 0001:000013c0       ___crtGetEnvironmentStringsA 004023c0 f   LIBCD:a_env.obj
 0001:000015e0       __ioinit                   004025e0 f   LIBCD:ioinit.obj
 0001:000018f0       __heap_init                004028f0 f   LIBCD:heapinit.obj
 0001:00001940       __FF_MSGBANNER             00402940 f   LIBCD:crt0msg.obj
 0001:00001990       __NMSG_WRITE               00402990 f   LIBCD:crt0msg.obj
 0001:00001b50       ___sbh_heap_init           00402b50 f   LIBCD:sbheap.obj
 0001:00001bb0       ___sbh_find_block          00402bb0 f   LIBCD:sbheap.obj
 0001:00001c10       ___sbh_verify_block        00402c10 f   LIBCD:sbheap.obj
 0001:00001c70       ___sbh_free_block          00402c70 f   LIBCD:sbheap.obj
 0001:00002240       ___sbh_alloc_block         00403240 f   LIBCD:sbheap.obj
 0001:00002780       ___sbh_alloc_new_region    00403780 f   LIBCD:sbheap.obj
 0001:00002890       ___sbh_alloc_new_group     00403890 f   LIBCD:sbheap.obj
 0001:00002a80       ___sbh_heap_check          00403a80 f   LIBCD:sbheap.obj
 0001:000030a0       __malloc_dbg               004040a0 f   LIBCD:dbgheap.obj
 0001:000030d0       __nh_malloc                004040d0 f   LIBCD:dbgheap.obj
 0001:000030f0       __nh_malloc_dbg            004040f0 f   LIBCD:dbgheap.obj
 0001:00003140       __heap_alloc_dbg           00404140 f   LIBCD:dbgheap.obj
 0001:00003460       __calloc_dbg               00404460 f   LIBCD:dbgheap.obj
 0001:000034c0       __free_dbg                 004044c0 f   LIBCD:dbgheap.obj
 0001:00003940       __CrtCheckMemory           00404940 f   LIBCD:dbgheap.obj
 0001:00003ca0       __CrtSetDbgFlag            00404ca0 f   LIBCD:dbgheap.obj
 0001:00003cd0       __CrtIsValidPointer        00404cd0 f   LIBCD:dbgheap.obj
 0001:00003d20       __CrtIsValidHeapPointer    00404d20 f   LIBCD:dbgheap.obj
 0001:00003db0       __CrtMemCheckpoint         00404db0 f   LIBCD:dbgheap.obj
 0001:00003f10       __CrtMemDumpAllObjectsSince 00404f10 f   LIBCD:dbgheap.obj
 0001:000042e0       __CrtDumpMemoryLeaks       004052e0 f   LIBCD:dbgheap.obj
 0001:00004360       __CrtDbgBreak              00405360 f   LIBCD:dbgrpt.obj
 0001:00004370       __CrtDbgReport             00405370 f   LIBCD:dbgrpt.obj
 0001:00004a10       _strcpy                    00405a10 f   LIBCD:strcat.obj
 0001:00004a20       _strcat                    00405a20 f   LIBCD:strcat.obj
 0001:00004b00       ??2@YAPAXI@Z               00405b00 f   LIBCD:new.obj
 0001:00004b20       _strlen                    00405b20 f   LIBCD:strlen.obj
 0001:00004ba0       ?__CxxUnhandledExceptionFilter@@YGJPAU_EXCEPTION_POINTERS@@@Z 00405ba0 f   LIBCD:unhandld.obj
 0001:00004c00       ?__CxxSetUnhandledExceptionFilter@@YAXXZ 00405c00 f   LIBCD:unhandld.obj
 0001:00004c20       ?__CxxRestoreUnhandledExceptionFilter@@YAXXZ 00405c20 f   LIBCD:unhandld.obj
 0001:00004c40       __setmbcp                  00405c40 f   LIBCD:mbctype.obj
 0001:000053b0       ___initmbctable            004063b0 f   LIBCD:mbctype.obj
 0001:000053e0       _memcpy                    004063e0 f   LIBCD:memcpy.obj
 0001:00005720       ___crtMessageBoxA          00406720 f   LIBCD:crtmbox.obj
 0001:000057e0       _strncpy                   004067e0 f   LIBCD:strncpy.obj
 0001:000058e0       _memmove                   004068e0 f   LIBCD:memmove.obj
 0001:00005c20       __callnewh                 00406c20 f   LIBCD:handler.obj
 0001:00005c50       _memset                    00406c50 f   LIBCD:memset.obj
 0001:00005cb0       __heap_alloc_base          00406cb0 f   LIBCD:malloc.obj
 0001:00005d10       __CrtDefaultAllocHook      00406d10 f   LIBCD:dbghook.obj
 0001:00005d20       __heapchk                  00406d20 f   LIBCD:heapchk.obj
 0001:00005d80       _sprintf                   00406d80 f   LIBCD:sprintf.obj
 0001:00005e80       __isctype                  00406e80 f   LIBCD:isctype.obj
 0001:00005f40       __itoa                     00406f40 f   LIBCD:xtoa.obj
 0001:00006060       __snprintf                 00407060 f   LIBCD:snprintf.obj
 0001:00006160       __vsnprintf                00407160 f   LIBCD:vsnprint.obj
 0001:00006260       __chkstk                   00407260 f   LIBCD:chkstk.obj
 0001:00006260       __alloca_probe             00407260 f   LIBCD:chkstk.obj
 0001:00006290       _raise                     00407290 f   LIBCD:winsig.obj
 0001:000064b0       ?_ValidateExecute@@YAHP6GHXZ@Z 004074b0 f   LIBCD:validate.obj
 0001:000064e0       ?terminate@@YAXXZ          004074e0 f   LIBCD:hooks.obj
 0001:00006570       ___crtLCMapStringA         00407570 f   LIBCD:a_map.obj
 0001:000068d0       ___crtGetStringTypeA       004078d0 f   LIBCD:a_str.obj
 0001:00006a90       __flsbuf                   00407a90 f   LIBCD:_flsbuf.obj
 0001:00006d10       __output                   00407d10 f   LIBCD:output.obj
 0001:00007bb0       __aulldiv                  00408bb0 f   LIBCD:ulldiv.obj
 0001:00007c20       __aullrem                  00408c20 f   LIBCD:ullrem.obj
 0001:00007ca0       _abort                     00408ca0 f   LIBCD:abort.obj
 0001:00007cc0       __lseek                    00408cc0 f   LIBCD:lseek.obj
 0001:00007db0       __write                    00408db0 f   LIBCD:write.obj
 0001:00008060       __getbuf                   00409060 f   LIBCD:_getbuf.obj
 0001:00008130       __isatty                   00409130 f   LIBCD:isatty.obj
 0001:00008160       ___initstdio               00409160 f   LIBCD:_file.obj
 0001:00008290       ___endstdio                00409290 f   LIBCD:_file.obj
 0001:000082b0       _wctomb                    004092b0 f   LIBCD:wctomb.obj
 0001:00008350       __dosmaperr                00409350 f   LIBCD:dosmap.obj
 0001:000083e0       __free_osfhnd              004093e0 f   LIBCD:osfinfo.obj
 0001:000084b0       __get_osfhandle            004094b0 f   LIBCD:osfinfo.obj
 0001:00008510       __fcloseall                00409510 f   LIBCD:closeall.obj
 0001:000085c0       _fflush                    004095c0 f   LIBCD:fflush.obj
 0001:00008620       __flush                    00409620 f   LIBCD:fflush.obj
 0001:000086e0       __flushall                 004096e0 f   LIBCD:fflush.obj
 0001:000087d0       __fptrap                   004097d0 f   LIBCD:crt0fp.obj
 0001:000087e0       _fclose                    004097e0 f   LIBCD:fclose.obj
 0001:000088c0       __commit                   004098c0 f   LIBCD:commit.obj
 0001:00008970       __close                    00409970 f   LIBCD:close.obj
 0001:00008a60       __freebuf                  00409a60 f   LIBCD:_freebuf.obj
 0001:00008af2       _RtlUnwind@16              00409af2 f   kernel32:KERNEL32.dll
 0002:00000000       __imp__IsBadReadPtr@8      0040a000     kernel32:KERNEL32.dll
 0002:00000004       __imp__GetCommandLineA@0   0040a004     kernel32:KERNEL32.dll
 0002:00000008       __imp__GetVersion@0        0040a008     kernel32:KERNEL32.dll
 0002:0000000c       __imp__ExitProcess@4       0040a00c     kernel32:KERNEL32.dll
 0002:00000010       __imp__HeapFree@12         0040a010     kernel32:KERNEL32.dll
 0002:00000014       __imp__RtlUnwind@16        0040a014     kernel32:KERNEL32.dll
 0002:00000018       __imp__RaiseException@16   0040a018     kernel32:KERNEL32.dll
 0002:0000001c       __imp__TerminateProcess@8  0040a01c     kernel32:KERNEL32.dll
 0002:00000020       __imp__GetCurrentProcess@0 0040a020     kernel32:KERNEL32.dll
 0002:00000024       __imp__UnhandledExceptionFilter@4 0040a024     kernel32:KERNEL32.dll
 0002:00000028       __imp__GetModuleFileNameA@12 0040a028     kernel32:KERNEL32.dll
 0002:0000002c       __imp__FreeEnvironmentStringsA@4 0040a02c     kernel32:KERNEL32.dll
 0002:00000030       __imp__FreeEnvironmentStringsW@4 0040a030     kernel32:KERNEL32.dll
 0002:00000034       __imp__WideCharToMultiByte@32 0040a034     kernel32:KERNEL32.dll
 0002:00000038       __imp__GetEnvironmentStrings@0 0040a038     kernel32:KERNEL32.dll
 0002:0000003c       __imp__GetEnvironmentStringsW@0 0040a03c     kernel32:KERNEL32.dll
 0002:00000040       __imp__SetHandleCount@4    0040a040     kernel32:KERNEL32.dll
 0002:00000044       __imp__GetStdHandle@4      0040a044     kernel32:KERNEL32.dll
 0002:00000048       __imp__GetFileType@4       0040a048     kernel32:KERNEL32.dll
 0002:0000004c       __imp__GetStartupInfoA@4   0040a04c     kernel32:KERNEL32.dll
 0002:00000050       __imp__HeapDestroy@4       0040a050     kernel32:KERNEL32.dll
 0002:00000054       __imp__HeapCreate@12       0040a054     kernel32:KERNEL32.dll
 0002:00000058       __imp__VirtualFree@12      0040a058     kernel32:KERNEL32.dll
 0002:0000005c       __imp__WriteFile@20        0040a05c     kernel32:KERNEL32.dll
 0002:00000060       __imp__HeapAlloc@12        0040a060     kernel32:KERNEL32.dll
 0002:00000064       __imp__VirtualAlloc@16     0040a064     kernel32:KERNEL32.dll
 0002:00000068       __imp__HeapReAlloc@16      0040a068     kernel32:KERNEL32.dll
 0002:0000006c       __imp__IsBadWritePtr@8     0040a06c     kernel32:KERNEL32.dll
 0002:00000070       __imp__HeapValidate@12     0040a070     kernel32:KERNEL32.dll
 0002:00000074       __imp__DebugBreak@0        0040a074     kernel32:KERNEL32.dll
 0002:00000078       __imp__InterlockedDecrement@4 0040a078     kernel32:KERNEL32.dll
 0002:0000007c       __imp__OutputDebugStringA@4 0040a07c     kernel32:KERNEL32.dll
 0002:00000080       __imp__GetProcAddress@8    0040a080     kernel32:KERNEL32.dll
 0002:00000084       __imp__LoadLibraryA@4      0040a084     kernel32:KERNEL32.dll
 0002:00000088       __imp__InterlockedIncrement@4 0040a088     kernel32:KERNEL32.dll
 0002:0000008c       __imp__SetUnhandledExceptionFilter@4 0040a08c     kernel32:KERNEL32.dll
 0002:00000090       __imp__GetCPInfo@8         0040a090     kernel32:KERNEL32.dll
 0002:00000094       __imp__GetACP@0            0040a094     kernel32:KERNEL32.dll
 0002:00000098       __imp__GetOEMCP@0          0040a098     kernel32:KERNEL32.dll
 0002:0000009c       __imp__GetLastError@0      0040a09c     kernel32:KERNEL32.dll
 0002:000000a0       __imp__IsBadCodePtr@4      0040a0a0     kernel32:KERNEL32.dll
 0002:000000a4       __imp__MultiByteToWideChar@24 0040a0a4     kernel32:KERNEL32.dll
 0002:000000a8       __imp__LCMapStringA@24     0040a0a8     kernel32:KERNEL32.dll
 0002:000000ac       __imp__LCMapStringW@24     0040a0ac     kernel32:KERNEL32.dll
 0002:000000b0       __imp__GetStringTypeA@20   0040a0b0     kernel32:KERNEL32.dll
 0002:000000b4       __imp__GetStringTypeW@16   0040a0b4     kernel32:KERNEL32.dll
 0002:000000b8       __imp__SetFilePointer@16   0040a0b8     kernel32:KERNEL32.dll
 0002:000000bc       __imp__SetStdHandle@8      0040a0bc     kernel32:KERNEL32.dll
 0002:000000c0       __imp__FlushFileBuffers@4  0040a0c0     kernel32:KERNEL32.dll
 0002:000000c4       __imp__CloseHandle@4       0040a0c4     kernel32:KERNEL32.dll
 0002:000000c8       \177KERNEL32_NULL_THUNK_DATA 0040a0c8     kernel32:KERNEL32.dll
 0002:000000d4       ??_7CSquare@@6B@           0040a0d4     test.10.obj
 0002:000000dc       ??_7CRectangle@@6B@        0040a0dc     test.10.obj
 0002:000000e4       ??_7CShape@@6B@            0040a0e4     test.10.obj
 0002:000000ec       ??_7type_info@@6B@         0040a0ec     LIBCD:typinfo.obj
 0002:000000f0       ??_C@_0CB@FCJM@Access?5violation?5?9?5no?5RTTI?5data?$CB@ 0040a0f0     LIBCD:rtti.obj
 0002:00000118       ??_7__non_rtti_object@@6B@ 0040a118     LIBCD:rtti.obj
 0002:00000124       ??_7bad_typeid@@6B@        0040a124     LIBCD:rtti.obj
 0002:0000012c       ??_C@_0CB@OFOA@Bad?5read?5pointer?5?9?5no?5RTTI?5data?$CB@ 0040a12c     LIBCD:rtti.obj
 0002:00000150       ??_C@_0CE@DOMJ@Attempted?5a?5typeid?5of?5NULL?5point@ 0040a150     LIBCD:rtti.obj
 0002:00000194       ??_C@_0L@OFGA@dbgdel?4cpp?$AA@ 0040a194     LIBCD:dbgdel.obj
 0002:000001a0       ??_C@_0CH@PHOC@_BLOCK_TYPE_IS_VALID?$CIpHead?9?$DOnBlo@ 0040a1a0     LIBCD:dbgdel.obj
 0002:000001cc       ??_7exception@@6B@         0040a1cc     LIBCD:stdexcpt.obj
 0002:000001d4       ??_C@_0BC@OIDF@Unknown?5exception?$AA@ 0040a1d4     LIBCD:stdexcpt.obj
 0002:00000208       ??_C@_09IGKD@stdenvp?4c?$AA@ 0040a208     LIBCD:stdenvp.obj
 0002:00000214       ??_C@_09MPMN@stdargv?4c?$AA@ 0040a214     LIBCD:stdargv.obj
 0002:00000220       ??_C@_07BNNE@a_env?4c?$AA@ 0040a220     LIBCD:a_env.obj
 0002:00000228       ??_C@_08KFDJ@ioinit?4c?$AA@ 0040a228     LIBCD:ioinit.obj
 0002:00000234       ??_C@_0P@GGKG@runtime?5error?5?$AA@ 0040a234     LIBCD:crt0msg.obj
 0002:00000244       ??_C@_02PIMC@?$AN?6?$AA@   0040a244     LIBCD:crt0msg.obj
 0002:00000248       ??_C@_0O@DELO@TLOSS?5error?$AN?6?$AA@ 0040a248     LIBCD:crt0msg.obj
 0002:00000258       ??_C@_0N@OMLL@SING?5error?$AN?6?$AA@ 0040a258     LIBCD:crt0msg.obj
 0002:00000268       ??_C@_0P@OJAK@DOMAIN?5error?$AN?6?$AA@ 0040a268     LIBCD:crt0msg.obj
 0002:00000278       ??_C@_0CF@EANP@R6028?$AN?6?9?5unable?5to?5initialize?5he@ 0040a278     LIBCD:crt0msg.obj
 0002:000002a0       ??_C@_0DF@ECGN@R6027?$AN?6?9?5not?5enough?5space?5for?5lo@ 0040a2a0     LIBCD:crt0msg.obj
 0002:000002d8       ??_C@_0DF@FKAC@R6026?$AN?6?9?5not?5enough?5space?5for?5st@ 0040a2d8     LIBCD:crt0msg.obj
 0002:00000310       ??_C@_0CG@DPMN@R6025?$AN?6?9?5pure?5virtual?5function?5c@ 0040a310     LIBCD:crt0msg.obj
 0002:00000338       ??_C@_0DF@CKIP@R6024?$AN?6?9?5not?5enough?5space?5for?5_o@ 0040a338     LIBCD:crt0msg.obj
 0002:00000370       ??_C@_0CJ@GGOE@R6019?$AN?6?9?5unable?5to?5open?5console?5@ 0040a370     LIBCD:crt0msg.obj
 0002:0000039c       ??_C@_0CB@LBOB@R6018?$AN?6?9?5unexpected?5heap?5error?$AN?6@ 0040a39c     LIBCD:crt0msg.obj
 0002:000003c0       ??_C@_0CN@FPEG@R6017?$AN?6?9?5unexpected?5multithread?5@ 0040a3c0     LIBCD:crt0msg.obj
 0002:000003f0       ??_C@_0CM@OBIC@R6016?$AN?6?9?5not?5enough?5space?5for?5th@ 0040a3f0     LIBCD:crt0msg.obj
 0002:0000041c       ??_C@_0CB@HPAL@?$AN?6abnormal?5program?5termination?$AN?6@ 0040a41c     LIBCD:crt0msg.obj
 0002:00000440       ??_C@_0CM@JOOB@R6009?$AN?6?9?5not?5enough?5space?5for?5en@ 0040a440     LIBCD:crt0msg.obj
 0002:0000046c       ??_C@_0CK@OIBL@R6008?$AN?6?9?5not?5enough?5space?5for?5ar@ 0040a46c     LIBCD:crt0msg.obj
 0002:00000498       ??_C@_0CF@LKPB@R6002?$AN?6?9?5floating?5point?5not?5load@ 0040a498     LIBCD:crt0msg.obj
 0002:000004c0       ??_C@_0CF@JPDF@Microsoft?5Visual?5C?$CL?$CL?5Runtime?5Lib@ 0040a4c0     LIBCD:crt0msg.obj
 0002:000004e8       ??_C@_02JJJH@?6?6?$AA@     0040a4e8     LIBCD:crt0msg.obj
 0002:000004ec       ??_C@_0BK@DEOK@Runtime?5Error?$CB?6?6Program?3?5?$AA@ 0040a4ec     LIBCD:crt0msg.obj
 0002:00000508       ??_C@_03NAME@?4?4?4?$AA@   0040a508     LIBCD:crt0msg.obj
 0002:0000050c       ??_C@_0BH@NNCD@?$DMprogram?5name?5unknown?$DO?$AA@ 0040a50c     LIBCD:crt0msg.obj
 0002:00000524       ??_C@_06DPMO@Client?$AA@   0040a524     LIBCD:dbgheap.obj
 0002:0000052c       ??_C@_06BAFM@Ignore?$AA@   0040a52c     LIBCD:dbgheap.obj
 0002:00000534       ??_C@_03DICE@CRT?$AA@      0040a534     LIBCD:dbgheap.obj
 0002:00000538       ??_C@_06BILL@Normal?$AA@   0040a538     LIBCD:dbgheap.obj
 0002:00000540       ??_C@_04NEN@Free?$AA@      0040a540     LIBCD:dbgheap.obj
 0002:00000548       ??_C@_0DC@CGID@Error?3?5memory?5allocation?3?5bad?5me@ 0040a548     LIBCD:dbgheap.obj
 0002:0000057c       ??_C@_0CE@FMIA@Invalid?5allocation?5size?3?5?$CFu?5byte@ 0040a57c     LIBCD:dbgheap.obj
 0002:000005a0       ??_C@_02DILL@?$CFs?$AA@    0040a5a0     LIBCD:dbgheap.obj
 0002:000005a4       ??_C@_0CB@CPBI@Client?5hook?5allocation?5failure?4?6@ 0040a5a4     LIBCD:dbgheap.obj
 0002:000005c8       ??_C@_0DF@DKHF@Client?5hook?5allocation?5failure?5a@ 0040a5c8     LIBCD:dbgheap.obj
 0002:00000600       ??_C@_09IMJC@dbgheap?4c?$AA@ 0040a600     LIBCD:dbgheap.obj
 0002:0000060c       ??_C@_0BC@EPKL@_CrtCheckMemory?$CI?$CJ?$AA@ 0040a60c     LIBCD:dbgheap.obj
 0002:00000620       ??_C@_0CC@GPMO@_CrtIsValidHeapPointer?$CIpUserData@ 0040a620     LIBCD:dbgheap.obj
 0002:00000644       ??_C@_0BG@JCEC@_pFirstBlock?5?$DN?$DN?5pHead?$AA@ 0040a644     LIBCD:dbgheap.obj
 0002:0000065c       ??_C@_0BF@NLNN@_pLastBlock?5?$DN?$DN?5pHead?$AA@ 0040a65c     LIBCD:dbgheap.obj
 0002:00000674       ??_C@_0BO@PLHH@pHead?9?$DOnBlockUse?5?$DN?$DN?5nBlockUse?$AA@ 0040a674     LIBCD:dbgheap.obj
 0002:00000694       ??_C@_0DN@KKIO@pHead?9?$DOnLine?5?$DN?$DN?5IGNORE_LINE?5?$CG?$CG?5p@ 0040a694     LIBCD:dbgheap.obj
 0002:000006d4       ??_C@_0CK@OJNB@DAMAGE?3?5after?5?$CFhs?5block?5?$CI?$CD?$CFd?$CJ?5at@ 0040a6d4     LIBCD:dbgheap.obj
 0002:00000700       ??_C@_0CL@IJIL@DAMAGE?3?5before?5?$CFhs?5block?5?$CI?$CD?$CFd?$CJ?5a@ 0040a700     LIBCD:dbgheap.obj
 0002:0000072c       ??_C@_0BL@MBNA@Client?5hook?5free?5failure?4?6?$AA@ 0040a72c     LIBCD:dbgheap.obj
 0002:00000748       ??_C@_0DK@EKKL@memory?5check?5error?5at?50x?$CF08X?5?$DN?50@ 0040a748     LIBCD:dbgheap.obj
 0002:00000784       ??_C@_0CJ@GCII@?$CFhs?5located?5at?50x?$CF08X?5is?5?$CFu?5byte@ 0040a784     LIBCD:dbgheap.obj
 0002:000007b0       ??_C@_0CA@EJPI@?$CFhs?5allocated?5at?5file?5?$CFhs?$CI?$CFd?$CJ?4?6?$AA@ 0040a7b0     LIBCD:dbgheap.obj
 0002:000007d0       ??_C@_0CJ@LHHG@DAMAGE?3?5on?5top?5of?5Free?5block?5at?5@ 0040a7d0     LIBCD:dbgheap.obj
 0002:000007fc       ??_C@_07GJHM@DAMAGED?$AA@  0040a7fc     LIBCD:dbgheap.obj
 0002:00000804       ??_C@_0CL@ODIE@_heapchk?5fails?5with?5unknown?5retu@ 0040a804     LIBCD:dbgheap.obj
 0002:00000830       ??_C@_0CC@EHNC@_heapchk?5fails?5with?5_HEAPBADPTR?4@ 0040a830     LIBCD:dbgheap.obj
 0002:00000854       ??_C@_0CC@JNDP@_heapchk?5fails?5with?5_HEAPBADEND?4@ 0040a854     LIBCD:dbgheap.obj
 0002:00000878       ??_C@_0CD@DNMG@_heapchk?5fails?5with?5_HEAPBADNODE@ 0040a878     LIBCD:dbgheap.obj
 0002:0000089c       ??_C@_0CE@JMCB@_heapchk?5fails?5with?5_HEAPBADBEGI@ 0040a89c     LIBCD:dbgheap.obj
 0002:000008c0       ??_C@_0CD@MEMI@Bad?5memory?5block?5found?5at?50x?$CF08X@ 0040a8c0     LIBCD:dbgheap.obj
 0002:000008e4       ??_C@_0CI@GMAO@_CrtMemCheckPoint?3?5NULL?5state?5po@ 0040a8e4     LIBCD:dbgheap.obj
 0002:0000090c       ??_C@_0BH@PKIJ@Object?5dump?5complete?4?6?$AA@ 0040a90c     LIBCD:dbgheap.obj
 0002:00000924       ??_C@_0DB@DBPF@crt?5block?5at?50x?$CF08X?0?5subtype?5?$CFx?0@ 0040a924     LIBCD:dbgheap.obj
 0002:00000958       ??_C@_0CI@JLM@normal?5block?5at?50x?$CF08X?0?5?$CFu?5bytes@ 0040a958     LIBCD:dbgheap.obj
 0002:00000980       ??_C@_0DE@PFEA@client?5block?5at?50x?$CF08X?0?5subtype?5@ 0040a980     LIBCD:dbgheap.obj
 0002:000009b4       ??_C@_06MBCE@?$HL?$CFld?$HN?5?$AA@ 0040a9b4     LIBCD:dbgheap.obj
 0002:000009bc       ??_C@_0L@BLDJ@?$CFhs?$CI?$CFd?$CJ?5?3?5?$AA@ 0040a9bc     LIBCD:dbgheap.obj
 0002:000009c8       ??_C@_0BE@FEMA@?$CDFile?5Error?$CD?$CI?$CFd?$CJ?5?3?5?$AA@ 0040a9c8     LIBCD:dbgheap.obj
 0002:000009dc       ??_C@_0BE@FPPM@Dumping?5objects?5?9?$DO?6?$AA@ 0040a9dc     LIBCD:dbgheap.obj
 0002:000009f0       ??_C@_0BA@POLM@?5Data?3?5?$DM?$CFs?$DO?5?$CFs?6?$AA@ 0040a9f0     LIBCD:dbgheap.obj
 0002:00000a00       ??_C@_05JLAO@?$CF?42X?5?$AA@ 0040aa00     LIBCD:dbgheap.obj
 0002:00000a08       ??_C@_0BI@KONA@Detected?5memory?5leaks?$CB?6?$AA@ 0040aa08     LIBCD:dbgheap.obj
 0002:00000a20       ??_C@_0BB@BLL@Assertion?5Failed?$AA@ 0040aa20     LIBCD:dbgrpt.obj
 0002:00000a34       ??_C@_05CKBG@Error?$AA@    0040aa34     LIBCD:dbgrpt.obj
 0002:00000a3c       ??_C@_07JCGI@Warning?$AA@  0040aa3c     LIBCD:dbgrpt.obj
 0002:00000a44       ??_C@_0M@ODEP@?$CFs?$CI?$CFd?$CJ?5?3?5?$CFs?$AA@ 0040aa44     LIBCD:dbgrpt.obj
 0002:00000a50       ??_C@_01BJG@?6?$AA@        0040aa50     LIBCD:dbgrpt.obj
 0002:00000a54       ??_C@_01FEHD@?$AN?$AA@     0040aa54     LIBCD:dbgrpt.obj
 0002:00000a58       ??_C@_0BC@OIMC@Assertion?5failed?$CB?$AA@ 0040aa58     LIBCD:dbgrpt.obj
 0002:00000a6c       ??_C@_0BD@BEAK@Assertion?5failed?3?5?$AA@ 0040aa6c     LIBCD:dbgrpt.obj
 0002:00000a80       ??_C@_0CL@LCCP@_CrtDbgReport?3?5String?5too?5long?5o@ 0040aa80     LIBCD:dbgrpt.obj
 0002:00000aac       ??_C@_0DC@EMDK@Second?5Chance?5Assertion?5Failed?3?5@ 0040aaac     LIBCD:dbgrpt.obj
 0002:00000ae0       ??_C@_09NJAK@wsprintfA?$AA@ 0040aae0     LIBCD:dbgrpt.obj
 0002:00000aec       ??_C@_0L@HKL@user32?4dll?$AA@ 0040aaec     LIBCD:dbgrpt.obj
 0002:00000af8       ??_C@_0CD@GCMD@Microsoft?5Visual?5C?$CL?$CL?5Debug?5Libra@ 0040aaf8     LIBCD:dbgrpt.obj
 0002:00000b1c       ??_C@_0FD@EBDD@Debug?5?$CFs?$CB?6?6Program?3?5?$CFs?$CFs?$CFs?$CFs?$CFs?$CFs@ 0040ab1c     LIBCD:dbgrpt.obj
 0002:00000b70       ??_C@_09DCKN@?6Module?3?5?$AA@ 0040ab70     LIBCD:dbgrpt.obj
 0002:00000b7c       ??_C@_07HJII@?6File?3?5?$AA@ 0040ab7c     LIBCD:dbgrpt.obj
 0002:00000b84       ??_C@_07LFGN@?6Line?3?5?$AA@ 0040ab84     LIBCD:dbgrpt.obj
 0002:00000b8c       ??_C@_0N@NOAB@Expression?3?5?$AA@ 0040ab8c     LIBCD:dbgrpt.obj
 0002:00000b9c       ??_C@_00A@?$AA@            0040ab9c     LIBCD:dbgrpt.obj
 0002:00000ba0       ??_C@_0HD@BHFH@?6?6For?5information?5on?5how?5your?5pr@ 0040aba0     LIBCD:dbgrpt.obj
 0002:00000c14       ??_C@_08GFHP@dbgrpt?4c?$AA@ 0040ac14     LIBCD:dbgrpt.obj
 0002:00000c20       ??_C@_0BG@FBEA@szUserMessage?5?$CB?$DN?5NULL?$AA@ 0040ac20     LIBCD:dbgrpt.obj
 0002:00000c38       ??_C@_0BD@NJFP@GetLastActivePopup?$AA@ 0040ac38     LIBCD:crtmbox.obj
 0002:00000c4c       ??_C@_0BA@GILI@GetActiveWindow?$AA@ 0040ac4c     LIBCD:crtmbox.obj
 0002:00000c5c       ??_C@_0M@PKCK@MessageBoxA?$AA@ 0040ac5c     LIBCD:crtmbox.obj
 0002:00000c68       ??_C@_0P@LNLA@format?5?$CB?$DN?5NULL?$AA@ 0040ac68     LIBCD:sprintf.obj
 0002:00000c78       ??_C@_09NEAG@sprintf?4c?$AA@ 0040ac78     LIBCD:sprintf.obj
 0002:00000c84       ??_C@_0P@OOIN@string?5?$CB?$DN?5NULL?$AA@ 0040ac84     LIBCD:sprintf.obj
 0002:00000c94       ??_C@_0L@HE@vsprintf?4c?$AA@ 0040ac94     LIBCD:vsnprint.obj
 0002:00000cb8       ??_C@_01A@?$AA?$AA@        0040acb8     LIBCD:a_map.obj
 0002:00000cbc       ??_C@_13A@?$AA?$AA?$AA?$AA@ 0040acbc     LIBCD:a_map.obj
 0002:00000ce4       ??_C@_0DP@IHIN@?$CI?$CCinconsistent?5IOB?5fields?$CC?0?5stre@ 0040ace4     LIBCD:_flsbuf.obj
 0002:00000d24       ??_C@_09LGEI@_flsbuf?4c?$AA@ 0040ad24     LIBCD:_flsbuf.obj
 0002:00000d30       ??_C@_0M@KJPK@str?5?$CB?$DN?5NULL?$AA@ 0040ad30     LIBCD:_flsbuf.obj
 0002:00000d3c       ___lookuptable             0040ad3c     LIBCD:output.obj
 0002:00000d98       ??_C@_1O@POHA@?$AA?$CI?$AAn?$AAu?$AAl?$AAl?$AA?$CJ?$AA?$AA@ 0040ad98     LIBCD:output.obj
 0002:00000da8       ??_C@_06ONKE@?$CInull?$CJ?$AA@ 0040ada8     LIBCD:output.obj
 0002:00000db0       ??_C@_08MIHI@output?4c?$AA@ 0040adb0     LIBCD:output.obj
 0002:00000dbc       ??_C@_0P@PIHB@ch?5?$CB?$DN?5_T?$CI?8?20?8?$CJ?$AA@ 0040adbc     LIBCD:output.obj
 0002:00000dcc       ??_C@_09EMDO@_getbuf?4c?$AA@ 0040adcc     LIBCD:_getbuf.obj
 0002:00000dd8       ??_C@_07HPAH@_file?4c?$AA@ 0040add8     LIBCD:_file.obj
 0002:00000de0       ??_C@_08PHBD@fclose?4c?$AA@ 0040ade0     LIBCD:fclose.obj
 0002:00000dec       ??_C@_0L@JIE@_freebuf?4c?$AA@ 0040adec     LIBCD:_freebuf.obj
 0002:00000df8       ??_C@_0P@FHEA@stream?5?$CB?$DN?5NULL?$AA@ 0040adf8     LIBCD:_freebuf.obj
 0002:00000e08       ??_R1A@?0A@A@CSquare@@8    0040ae08     test.10.obj
 0002:00000e20       ??_R2CSquare@@8            0040ae20     test.10.obj
 0002:00000e30       ??_R3CSquare@@8            0040ae30     test.10.obj
 0002:00000e40       ??_R4CSquare@@6B@          0040ae40     test.10.obj
 0002:00000e58       ??_R1A@?0A@A@CRectangle@@8 0040ae58     test.10.obj
 0002:00000e70       ??_R2CRectangle@@8         0040ae70     test.10.obj
 0002:00000e80       ??_R3CRectangle@@8         0040ae80     test.10.obj
 0002:00000e90       ??_R4CRectangle@@6B@       0040ae90     test.10.obj
 0002:00000ea8       ??_R1A@?0A@A@CShape@@8     0040aea8     test.10.obj
 0002:00000ec0       ??_R2CShape@@8             0040aec0     test.10.obj
 0002:00000ec8       ??_R3CShape@@8             0040aec8     test.10.obj
 0002:00000ed8       ??_R4CShape@@6B@           0040aed8     test.10.obj
 0002:00000ef0       ??_R1A@?0A@A@type_info@@8  0040aef0     LIBCD:typinfo.obj
 0002:00000f08       ??_R2type_info@@8          0040af08     LIBCD:typinfo.obj
 0002:00000f10       ??_R3type_info@@8          0040af10     LIBCD:typinfo.obj
 0002:00000f20       ??_R4type_info@@6B@        0040af20     LIBCD:typinfo.obj
 0002:00000f38       ??_R1A@?0A@A@exception@@8  0040af38     LIBCD:rtti.obj
 0002:00000f50       ??_R1A@?0A@A@bad_typeid@@8 0040af50     LIBCD:rtti.obj
 0002:00000f68       ??_R1A@?0A@A@__non_rtti_object@@8 0040af68     LIBCD:rtti.obj
 0002:00000f80       ??_R2__non_rtti_object@@8  0040af80     LIBCD:rtti.obj
 0002:00000f90       ??_R3__non_rtti_object@@8  0040af90     LIBCD:rtti.obj
 0002:00000fa0       ??_R4__non_rtti_object@@6B@ 0040afa0     LIBCD:rtti.obj
 0002:00000fb8       ??_R2bad_typeid@@8         0040afb8     LIBCD:rtti.obj
 0002:00000fc8       ??_R3bad_typeid@@8         0040afc8     LIBCD:rtti.obj
 0002:00000fd8       ??_R4bad_typeid@@6B@       0040afd8     LIBCD:rtti.obj
 0002:00000fec       ??_R2exception@@8          0040afec     LIBCD:stdexcpt.obj
 0002:00000ff8       ??_R3exception@@8          0040aff8     LIBCD:stdexcpt.obj
 0002:00001008       ??_R4exception@@6B@        0040b008     LIBCD:stdexcpt.obj
 0002:00001020       __CT??_R0?AVexception@@@8??0exception@@QAE@ABV0@@Z12 0040b020     LIBCD:rtti.obj
 0002:00001040       __CT??_R0?AVbad_typeid@@@8??0bad_typeid@@QAE@ABV0@@Z12 0040b040     LIBCD:rtti.obj
 0002:00001060       __CT??_R0?AV__non_rtti_object@@@8??0__non_rtti_object@@QAE@ABV0@@Z12 0040b060     LIBCD:rtti.obj
 0002:00001080       __CTA3?AV__non_rtti_object@@ 0040b080     LIBCD:rtti.obj
 0002:00001090       __TI3?AV__non_rtti_object@@ 0040b090     LIBCD:rtti.obj
 0002:000010a0       __CTA2?AVbad_typeid@@      0040b0a0     LIBCD:rtti.obj
 0002:000010b0       __TI2?AVbad_typeid@@       0040b0b0     LIBCD:rtti.obj
 0002:000010c0       __IMPORT_DESCRIPTOR_KERNEL32 0040b0c0     kernel32:KERNEL32.dll
 0002:000010d4       __NULL_IMPORT_DESCRIPTOR   0040b0d4     kernel32:KERNEL32.dll
 0003:00000000       ___xc_a                    0040c000     LIBCD:crt0init.obj
 0003:00000004       ___xc_z                    0040c004     LIBCD:crt0init.obj
 0003:00000008       ___xi_a                    0040c008     LIBCD:crt0init.obj
 0003:00000018       ___xi_z                    0040c018     LIBCD:crt0init.obj
 0003:0000001c       ___xp_a                    0040c01c     LIBCD:crt0init.obj
 0003:00000024       ___xp_z                    0040c024     LIBCD:crt0init.obj
 0003:00000028       ___xt_a                    0040c028     LIBCD:crt0init.obj
 0003:00000030       ___xt_z                    0040c030     LIBCD:crt0init.obj
 0003:00000040       ??_R0?AVCSquare@@@8        0040c040     test.10.obj
 0003:00000058       ??_R0?AVCRectangle@@@8     0040c058     test.10.obj
 0003:00000078       ??_R0?AVCShape@@@8         0040c078     test.10.obj
 0003:00000090       ??_R0?AVtype_info@@@8      0040c090     LIBCD:typinfo.obj
 0003:000000a8       ??_R0?AVexception@@@8      0040c0a8     LIBCD:rtti.obj
 0003:000000c0       ??_R0?AVbad_typeid@@@8     0040c0c0     LIBCD:rtti.obj
 0003:000000e0       ??_R0?AV__non_rtti_object@@@8 0040c0e0     LIBCD:rtti.obj
 0003:00000100       __aexit_rtn                0040c100     LIBCD:crt0.obj
 0003:00000104       ___app_type                0040c104     LIBCD:crt0.obj
 0003:00000110       __NLG_Destination          0040c110     LIBCD:exsup.obj
 0003:00000120       ?__pMyUnhandledExceptionFilter@@3PAXA 0040c120     LIBCD:throw.obj
 0003:00000128       __XcptActTab               0040c128     LIBCD:winxfltr.obj
 0003:000001a0       __First_FPE_Indx           0040c1a0     LIBCD:winxfltr.obj
 0003:000001a4       __Num_FPE                  0040c1a4     LIBCD:winxfltr.obj
 0003:000001a8       __XcptActTabCount          0040c1a8     LIBCD:winxfltr.obj
 0003:000001ac       __fpecode                  0040c1ac     LIBCD:winxfltr.obj
 0003:000001b0       ___badioinfo               0040c1b0     LIBCD:ioinit.obj
 0003:000001b8       __amblksiz                 0040c1b8     LIBCD:heapinit.obj
 0003:00000250       ___sbh_threshold           0040c250     LIBCD:sbheap.obj
 0003:00000254       __crtDbgFlag               0040c254     LIBCD:dbgheap.obj
 0003:0000025c       __crtBreakAlloc            0040c25c     LIBCD:dbgheap.obj
 0003:00000278       __crtAssertBusy            0040c278     LIBCD:dbgrpt.obj
 0003:0000027c       __CrtDbgMode               0040c27c     LIBCD:dbgrpt.obj
 0003:00000288       __CrtDbgFile               0040c288     LIBCD:dbgrpt.obj
 0003:000003a0       __pfnAllocHook             0040c3a0     LIBCD:dbghook.obj
 0003:000003a4       __pctype                   0040c3a4     LIBCD:ctype.obj
 0003:000003a8       __pwctype                  0040c3a8     LIBCD:ctype.obj
 0003:000003ac       __ctype                    0040c3ac     LIBCD:ctype.obj
 0003:000005b0       ___mb_cur_max              0040c5b0     LIBCD:nlsdata1.obj
 0003:000005b4       ___decimal_point           0040c5b4     LIBCD:nlsdata1.obj
 0003:000005b8       ___decimal_point_length    0040c5b8     LIBCD:nlsdata1.obj
 0003:000005c0       ?__pUnexpected@@3P6AXXZA   0040c5c0     LIBCD:hooks.obj
 0003:000005c4       ?__pInconsistency@@3P6AXXZA 0040c5c4     LIBCD:hooks.obj
 0003:000005c8       ___nullstring              0040c5c8     LIBCD:output.obj
 0003:000005cc       ___wnullstring             0040c5cc     LIBCD:output.obj
 0003:000005d0       __iob                      0040c5d0     LIBCD:_file.obj
 0003:00000850       __cfltcvt_tab              0040c850     LIBCD:cmiscdat.obj
 0003:000009d0       __aenvptr                  0040c9d0     LIBCD:crt0.obj
 0003:000009d4       __wenvptr                  0040c9d4     LIBCD:crt0.obj
 0003:000009d8       ___error_mode              0040c9d8     LIBCD:crt0.obj
 0003:000009dc       _errno                     0040c9dc     LIBCD:crt0dat.obj
 0003:000009e0       __doserrno                 0040c9e0     LIBCD:crt0dat.obj
 0003:000009e4       __umaskval                 0040c9e4     LIBCD:crt0dat.obj
 0003:000009e8       __osver                    0040c9e8     LIBCD:crt0dat.obj
 0003:000009ec       __winver                   0040c9ec     LIBCD:crt0dat.obj
 0003:000009f0       __winmajor                 0040c9f0     LIBCD:crt0dat.obj
 0003:000009f4       __winminor                 0040c9f4     LIBCD:crt0dat.obj
 0003:000009f8       ___argc                    0040c9f8     LIBCD:crt0dat.obj
 0003:000009fc       ___argv                    0040c9fc     LIBCD:crt0dat.obj
 0003:00000a00       ___wargv                   0040ca00     LIBCD:crt0dat.obj
 0003:00000a04       __environ                  0040ca04     LIBCD:crt0dat.obj
 0003:00000a08       ___initenv                 0040ca08     LIBCD:crt0dat.obj
 0003:00000a0c       __wenviron                 0040ca0c     LIBCD:crt0dat.obj
 0003:00000a10       ___winitenv                0040ca10     LIBCD:crt0dat.obj
 0003:00000a14       __pgmptr                   0040ca14     LIBCD:crt0dat.obj
 0003:00000a18       __wpgmptr                  0040ca18     LIBCD:crt0dat.obj
 0003:00000a1c       __exitflag                 0040ca1c     LIBCD:crt0dat.obj
 0003:00000a20       __C_Termination_Done       0040ca20     LIBCD:crt0dat.obj
 0003:00000a24       __C_Exit_Done              0040ca24     LIBCD:crt0dat.obj
 0003:00000a2c       __pxcptinfoptrs            0040ca2c     LIBCD:winxfltr.obj
 0003:00000b38       __adbgmsg                  0040cb38     LIBCD:crt0msg.obj
 0003:00000b68       __newmode                  0040cb68     LIBCD:_newmode.obj
 0003:00000b6c       ?_pnhHeap@@3P6AHI@ZA       0040cb6c     LIBCD:handler.obj
 0003:00000b84       ?__pSETranslator@@3P6AXIPAU_EXCEPTION_POINTERS@@@ZA 0040cb84     LIBCD:hooks.obj
 0003:00000b88       ?__pTerminate@@3P6AXXZA    0040cb88     LIBCD:hooks.obj
 0003:00000b8c       ___lc_handle               0040cb8c     LIBCD:nlsdata2.obj
 0003:00000ba4       ___lc_codepage             0040cba4     LIBCD:nlsdata2.obj
 0003:00000ba8       ___lc_collate_cp           0040cba8     LIBCD:nlsdata2.obj
 0003:00000bb4       __cflush                   0040cbb4     LIBCD:_file.obj
 0003:00000bb8       ___piob                    0040cbb8     <common>
 0003:00000bc0       __bufin                    0040cbc0     <common>
 0003:00001bc0       __nstream                  0040dbc0     <common>
 0003:00001bc4       ___mbcodepage              0040dbc4     <common>
 0003:00001bd0       ___mbulinfo                0040dbd0     <common>
 0003:00001bdc       ___ismbcodepage            0040dbdc     <common>
 0003:00001be0       __mbcasemap                0040dbe0     <common>
 0003:00001ce0       __mbctype                  0040dce0     <common>
 0003:00001de4       ___mblcid                  0040dde4     <common>
 0003:00001de8       __pfnReportHook            0040dde8     <common>
 0003:00001dec       __pfnDumpClient            0040ddec     <common>
 0003:00001df0       ___sbh_sizeHeaderList      0040ddf0     <common>
 0003:00001df4       ___sbh_indGroupDefer       0040ddf4     <common>
 0003:00001df8       ___sbh_pHeaderScan         0040ddf8     <common>
 0003:00001dfc       ___sbh_pHeaderDefer        0040ddfc     <common>
 0003:00001e00       ___sbh_cntHeaderList       0040de00     <common>
 0003:00001e04       ___sbh_pHeaderList         0040de04     <common>
 0003:00001e08       __crtheap                  0040de08     <common>
 0003:00001e20       ___pioinfo                 0040de20     <common>
 0003:00001f20       __nhandle                  0040df20     <common>
 0003:00001f24       ___env_initialized         0040df24     <common>
 0003:00001f28       ___mbctype_initialized     0040df28     <common>
 0003:00001f2c       ___onexitend               0040df2c     <common>
 0003:00001f30       ___onexitbegin             0040df30     <common>
 0003:00001f34       __FPinit                   0040df34     <common>
 0003:00001f38       __acmdln                   0040df38     <common>

 entry point at        0001:00000300

 Static symbols

 0001:000086f0       _flsall                    004096f0 f   LIBCD:fflush.obj
 0001:00007c41       L1                         00408c41 f   LIBCD:ullrem.obj
 0001:00007c4f       L3                         00408c4f f   LIBCD:ullrem.obj
 0001:00007c7a       L4                         00408c7a f   LIBCD:ullrem.obj
 0001:00007c82       L5                         00408c82 f   LIBCD:ullrem.obj
 0001:00007c91       L2                         00408c91 f   LIBCD:ullrem.obj
 0001:00007bd2       L1                         00408bd2 f   LIBCD:ulldiv.obj
 0001:00007be0       L3                         00408be0 f   LIBCD:ulldiv.obj
 0001:00007c0e       L4                         00408c0e f   LIBCD:ulldiv.obj
 0001:00007c0f       L5                         00408c0f f   LIBCD:ulldiv.obj
 0001:00007c13       L2                         00408c13 f   LIBCD:ulldiv.obj
 0001:00007a40       _write_char                00408a40 f   LIBCD:output.obj
 0001:00007ac0       _write_multi_char          00408ac0 f   LIBCD:output.obj
 0001:00007b00       _write_string              00408b00 f   LIBCD:output.obj
 0001:00007b50       _get_int_arg               00408b50 f   LIBCD:output.obj
 0001:00007b70       _get_int64_arg             00408b70 f   LIBCD:output.obj
 0001:00007b90       _get_short_arg             00408b90 f   LIBCD:output.obj
 0001:00006880       _strncnt                   00407880 f   LIBCD:a_map.obj
 0001:00006450       _siglookup                 00407450 f   LIBCD:winsig.obj
 0001:00006260       _$$$00001                  00407260 f   LIBCD:chkstk.obj
 0001:0000626c       probepages                 0040726c f   LIBCD:chkstk.obj
 0001:00006280       lastpage                   00407280 f   LIBCD:chkstk.obj
 0001:00005f90       _xtoa                      00406f90 f   LIBCD:xtoa.obj
 0001:00005c73       adjust_loop                00406c73 f   LIBCD:memset.obj
 0001:00005c79       dwords                     00406c79 f   LIBCD:memset.obj
 0001:00005c93       main_loop_tail             00406c93 f   LIBCD:memset.obj
 0001:00005c97       tail                       00406c97 f   LIBCD:memset.obj
 0001:00005c9d       finish                     00406c9d f   LIBCD:memset.obj
 0001:00005ca3       toend                      00406ca3 f   LIBCD:memset.obj
 0001:00005950       LeadUp1                    00406950 f   LIBCD:memmove.obj
 0001:0000597c       LeadUp2                    0040697c f   LIBCD:memmove.obj
 0001:000059a0       LeadUp3                    004069a0 f   LIBCD:memmove.obj
 0001:00005a1f       UnwindUp0                  00406a1f f   LIBCD:memmove.obj
 0001:00005a0c       UnwindUp1                  00406a0c f   LIBCD:memmove.obj
 0001:00005a04       UnwindUp2                  00406a04 f   LIBCD:memmove.obj
 0001:000059fc       UnwindUp3                  004069fc f   LIBCD:memmove.obj
 0001:000059f4       UnwindUp4                  004069f4 f   LIBCD:memmove.obj
 0001:000059ec       UnwindUp5                  004069ec f   LIBCD:memmove.obj
 0001:000059e4       UnwindUp6                  004069e4 f   LIBCD:memmove.obj
 0001:000059dc       UnwindUp7                  004069dc f   LIBCD:memmove.obj
 0001:00005a38       TrailUp0                   00406a38 f   LIBCD:memmove.obj
 0001:00005a40       TrailUp1                   00406a40 f   LIBCD:memmove.obj
 0001:00005a4c       TrailUp2                   00406a4c f   LIBCD:memmove.obj
 0001:00005a60       TrailUp3                   00406a60 f   LIBCD:memmove.obj
 0001:00005ad8       LeadDown1                  00406ad8 f   LIBCD:memmove.obj
 0001:00005af8       LeadDown2                  00406af8 f   LIBCD:memmove.obj
 0001:00005b20       LeadDown3                  00406b20 f   LIBCD:memmove.obj
 0001:00005b74       UnwindDown7                00406b74 f   LIBCD:memmove.obj
 0001:00005b7c       UnwindDown6                00406b7c f   LIBCD:memmove.obj
 0001:00005b84       UnwindDown5                00406b84 f   LIBCD:memmove.obj
 0001:00005b8c       UnwindDown4                00406b8c f   LIBCD:memmove.obj
 0001:00005b94       UnwindDown3                00406b94 f   LIBCD:memmove.obj
 0001:00005b9c       UnwindDown2                00406b9c f   LIBCD:memmove.obj
 0001:00005ba4       UnwindDown1                00406ba4 f   LIBCD:memmove.obj
 0001:00005bb7       UnwindDown0                00406bb7 f   LIBCD:memmove.obj
 0001:00005bd0       TrailDown0                 00406bd0 f   LIBCD:memmove.obj
 0001:00005bd8       TrailDown1                 00406bd8 f   LIBCD:memmove.obj
 0001:00005be8       TrailDown2                 00406be8 f   LIBCD:memmove.obj
 0001:00005bfc       TrailDown3                 00406bfc f   LIBCD:memmove.obj
 0001:00005900       CopyUp                     00406900 f   LIBCD:memmove.obj
 0001:0000591c       CopyLeadUp                 0040691c f   LIBCD:memmove.obj
 0001:00005934       ByteCopyUp                 00406934 f   LIBCD:memmove.obj
 0001:0000593c       CopyUnwindUp               0040693c f   LIBCD:memmove.obj
 0001:00005a78       CopyDown                   00406a78 f   LIBCD:memmove.obj
 0001:00005aa0       CopyUnwindDown             00406aa0 f   LIBCD:memmove.obj
 0001:00005aac       CopyLeadDown               00406aac f   LIBCD:memmove.obj
 0001:00005ac4       ByteCopyDown               00406ac4 f   LIBCD:memmove.obj
 0001:00005804       src_misaligned             00406804 f   LIBCD:strncpy.obj
 0001:00005820       tail_loop_start            00406820 f   LIBCD:strncpy.obj
 0001:00005825       copy_tail_loop             00406825 f   LIBCD:strncpy.obj
 0001:00005832       fill_tail_end1             00406832 f   LIBCD:strncpy.obj
 0001:0000583a       align_dest                 0040683a f   LIBCD:strncpy.obj
 0001:00005842       dest_align_loop            00406842 f   LIBCD:strncpy.obj
 0001:00005854       dest_align_loop_end        00406854 f   LIBCD:strncpy.obj
 0001:0000585b       finish_loop                0040685b f   LIBCD:strncpy.obj
 0001:0000585e       fill_tail_zero_bytes       0040685e f   LIBCD:strncpy.obj
 0001:00005863       finish                     00406863 f   LIBCD:strncpy.obj
 0001:00005869       main_loop                  00406869 f   LIBCD:strncpy.obj
 0001:00005871       main_loop_entrance         00406871 f   LIBCD:strncpy.obj
 0001:000058a7       byte_2                     004068a7 f   LIBCD:strncpy.obj
 0001:000058b1       byte_1                     004068b1 f   LIBCD:strncpy.obj
 0001:000058bb       byte_0                     004068bb f   LIBCD:strncpy.obj
 0001:000058bf       fill_with_EOS_dwords       004068bf f   LIBCD:strncpy.obj
 0001:000058c7       fill_dwords_with_EOS       004068c7 f   LIBCD:strncpy.obj
 0001:000058c9       fill_with_EOS_loop         004068c9 f   LIBCD:strncpy.obj
 0001:000058d1       fill_tail                  004068d1 f   LIBCD:strncpy.obj
 0001:000058d6       fill_tail_end              004068d6 f   LIBCD:strncpy.obj
 0001:00005450       LeadUp1                    00406450 f   LIBCD:memcpy.obj
 0001:0000547c       LeadUp2                    0040647c f   LIBCD:memcpy.obj
 0001:000054a0       LeadUp3                    004064a0 f   LIBCD:memcpy.obj
 0001:0000551f       UnwindUp0                  0040651f f   LIBCD:memcpy.obj
 0001:0000550c       UnwindUp1                  0040650c f   LIBCD:memcpy.obj
 0001:00005504       UnwindUp2                  00406504 f   LIBCD:memcpy.obj
 0001:000054fc       UnwindUp3                  004064fc f   LIBCD:memcpy.obj
 0001:000054f4       UnwindUp4                  004064f4 f   LIBCD:memcpy.obj
 0001:000054ec       UnwindUp5                  004064ec f   LIBCD:memcpy.obj
 0001:000054e4       UnwindUp6                  004064e4 f   LIBCD:memcpy.obj
 0001:000054dc       UnwindUp7                  004064dc f   LIBCD:memcpy.obj
 0001:00005538       TrailUp0                   00406538 f   LIBCD:memcpy.obj
 0001:00005540       TrailUp1                   00406540 f   LIBCD:memcpy.obj
 0001:0000554c       TrailUp2                   0040654c f   LIBCD:memcpy.obj
 0001:00005560       TrailUp3                   00406560 f   LIBCD:memcpy.obj
 0001:000055d8       LeadDown1                  004065d8 f   LIBCD:memcpy.obj
 0001:000055f8       LeadDown2                  004065f8 f   LIBCD:memcpy.obj
 0001:00005620       LeadDown3                  00406620 f   LIBCD:memcpy.obj
 0001:00005674       UnwindDown7                00406674 f   LIBCD:memcpy.obj
 0001:0000567c       UnwindDown6                0040667c f   LIBCD:memcpy.obj
 0001:00005684       UnwindDown5                00406684 f   LIBCD:memcpy.obj
 0001:0000568c       UnwindDown4                0040668c f   LIBCD:memcpy.obj
 0001:00005694       UnwindDown3                00406694 f   LIBCD:memcpy.obj
 0001:0000569c       UnwindDown2                0040669c f   LIBCD:memcpy.obj
 0001:000056a4       UnwindDown1                004066a4 f   LIBCD:memcpy.obj
 0001:000056b7       UnwindDown0                004066b7 f   LIBCD:memcpy.obj
 0001:000056d0       TrailDown0                 004066d0 f   LIBCD:memcpy.obj
 0001:000056d8       TrailDown1                 004066d8 f   LIBCD:memcpy.obj
 0001:000056e8       TrailDown2                 004066e8 f   LIBCD:memcpy.obj
 0001:000056fc       TrailDown3                 004066fc f   LIBCD:memcpy.obj
 0001:00005400       CopyUp                     00406400 f   LIBCD:memcpy.obj
 0001:0000541c       CopyLeadUp                 0040641c f   LIBCD:memcpy.obj
 0001:00005434       ByteCopyUp                 00406434 f   LIBCD:memcpy.obj
 0001:0000543c       CopyUnwindUp               0040643c f   LIBCD:memcpy.obj
 0001:00005578       CopyDown                   00406578 f   LIBCD:memcpy.obj
 0001:000055a0       CopyUnwindDown             004065a0 f   LIBCD:memcpy.obj
 0001:000055ac       CopyLeadDown               004065ac f   LIBCD:memcpy.obj
 0001:000055c4       ByteCopyDown               004065c4 f   LIBCD:memcpy.obj
 0001:00004f40       _getSystemCP               00405f40 f   LIBCD:mbctype.obj
 0001:00004fa0       _CPtoLCID                  00405fa0 f   LIBCD:mbctype.obj
 0001:00005020       _setSBCS                   00406020 f   LIBCD:mbctype.obj
 0001:000050a0       _setSBUpLow                004060a0 f   LIBCD:mbctype.obj
 0001:00004b2c       str_misaligned             00405b2c f   LIBCD:strlen.obj
 0001:00004b40       main_loop                  00405b40 f   LIBCD:strlen.obj
 0001:00004b73       byte_3                     00405b73 f   LIBCD:strlen.obj
 0001:00004b7d       byte_2                     00405b7d f   LIBCD:strlen.obj
 0001:00004b87       byte_1                     00405b87 f   LIBCD:strlen.obj
 0001:00004b91       byte_0                     00405b91 f   LIBCD:strlen.obj
 0001:00004a2d       dest_misaligned            00405a2d f   LIBCD:strcat.obj
 0001:00004a3c       find_end_of_dest_string_loop 00405a3c f   LIBCD:strcat.obj
 0001:00004a6f       start_byte_3               00405a6f f   LIBCD:strcat.obj
 0001:00004a74       start_byte_2               00405a74 f   LIBCD:strcat.obj
 0001:00004a79       start_byte_1               00405a79 f   LIBCD:strcat.obj
 0001:00004a7e       start_byte_0               00405a7e f   LIBCD:strcat.obj
 0001:00004a8d       src_misaligned             00405a8d f   LIBCD:strcat.obj
 0001:00004aa1       main_loop                  00405aa1 f   LIBCD:strcat.obj
 0001:00004aa6       main_loop_entrance         00405aa6 f   LIBCD:strcat.obj
 0001:00004ada       byte_3                     00405ada f   LIBCD:strcat.obj
 0001:00004ae2       byte_2                     00405ae2 f   LIBCD:strcat.obj
 0001:00004aef       byte_1                     00405aef f   LIBCD:strcat.obj
 0001:00004af8       byte_0                     00405af8 f   LIBCD:strcat.obj
 0001:00004a81       copy_start                 00405a81 f   LIBCD:strcat.obj
 0001:00004700       _CrtMessageWindow          00405700 f   LIBCD:dbgrpt.obj
 0001:000038b0       _CheckBytes                004048b0 f   LIBCD:dbgheap.obj
 0001:000041c0       __printMemBlockData        004051c0 f   LIBCD:dbgheap.obj
 0001:00000f90       _parse_cmdline             00401f90 f   LIBCD:stdargv.obj
 0001:00000d00       _xcptlookup                00401d00 f   LIBCD:winxfltr.obj
 0001:00000a40       _doexit                    00401a40 f   LIBCD:crt0dat.obj
 0001:00000b20       __initterm                 00401b20 f   LIBCD:crt0dat.obj
 0001:000007ac       _gu_return                 004017ac f   LIBCD:exsup.obj
 0001:000007b4       __unwind_handler           004017b4 f   LIBCD:exsup.obj
 0001:00000580       dodwords                   00401580 f   LIBCD:strcmp.obj
 0001:000005b0       doneeq                     004015b0 f   LIBCD:strcmp.obj
 0001:000005b4       donene                     004015b4 f   LIBCD:strcmp.obj
 0001:000005bc       dopartial                  004015bc f   LIBCD:strcmp.obj
 0001:000005d8       doword                     004015d8 f   LIBCD:strcmp.obj
 0001:00000460       _fast_error_exit           00401460 f   LIBCD:crt0.obj
